2026-04-29 13:31:59,319 - INFO - run_attention - start attention: output_root=/home/shuora/Traffic/FusionModel/outputs/binary/ablation_flat run_dir=/home/shuora/Traffic/FusionModel/outputs/binary/ablation_flat/attention_dim256_20260429_133159
2026-04-29 13:31:59,319 - INFO - run_attention - config: fusion_mode=attention use_temporal=False image_mode=rgb
2026-04-29 13:31:59,319 - INFO - fusion_common - 加载融合数据 - 图像目录: /home/shuora/Traffic/FusionModel/ProcessedData/binary_benign_vs_malicious/image_data/Train, Pcap目录: /home/shuora/Traffic/FusionModel/ProcessedData/binary_benign_vs_malicious/pcap_data/Train
2026-04-29 13:31:59,470 - INFO - fusion_common - 融合索引缓存命中: /home/shuora/Traffic/FusionModel/ProcessedData/binary_benign_vs_malicious/image_data/Train/.fusion_index_cache_v1_homeshuoratrafficfusionmodel_homeshuoratrafficfusionmodel.json, 样本数: 50880
2026-04-29 13:31:59,472 - INFO - fusion_common - 融合数据加载完成，类别数: 2, 样本总数: 50880
2026-04-29 13:31:59,472 - INFO - fusion_common - 加载融合数据 - 图像目录: /home/shuora/Traffic/FusionModel/ProcessedData/binary_benign_vs_malicious/image_data/Test, Pcap目录: /home/shuora/Traffic/FusionModel/ProcessedData/binary_benign_vs_malicious/pcap_data/Test
2026-04-29 13:31:59,485 - INFO - fusion_common - 融合索引缓存命中: /home/shuora/Traffic/FusionModel/ProcessedData/binary_benign_vs_malicious/image_data/Test/.fusion_index_cache_v1_homeshuoratrafficfusionmodel_homeshuoratrafficfusionmodel.json, 样本数: 12719
2026-04-29 13:31:59,486 - INFO - fusion_common - 融合数据加载完成，类别数: 2, 样本总数: 12719
2026-04-29 13:31:59,486 - INFO - fusion_common - 初始化融合模型，融合模式: attention
2026-04-29 13:31:59,549 - INFO - fusion_common - 融合模型初始化完成，分类头设置为 2 个类别
2026-04-29 13:31:59,550 - INFO - fusion_common - 开始训练融合模型
2026-04-29 13:31:59,550 - INFO - fusion_common - 训练参数 - Epochs: 32, Learning Rate: 0.001, Early Stopping Patience: 4
2026-04-29 13:31:59,550 - INFO - fusion_common - 训练策略 - class_balance: none, loss_type: ce, focal_gamma: 2.000, weight_decay: 0.000100, label_smoothing: 0.0000, early_stop_metric: val_loss, lr_scheduler: reduce, val_every: 1
2026-04-29 13:31:59,550 - INFO - fusion_common - 训练保护 - grad_clip_norm: 1.000, max_consecutive_invalid_batches: 128
2026-04-29 13:31:59,550 - INFO - fusion_common - DataLoader参数 - train_batches: 1590, val_batches: 398, batch_size: 32, num_workers: 4, pin_memory: True
2026-04-29 13:31:59,866 - INFO - fusion_common - Epoch 1/32
2026-04-29 13:35:41,927 - INFO - fusion_common - Epoch 1 结果: 训练 Loss: 0.1380, 训练 Acc: 0.9598, 训练 F1: 0.9509 | 验证 Loss: 0.0905, 验证 Acc: 0.9728, 验证 F1: 0.9668
2026-04-29 13:35:41,951 - INFO - fusion_common - 早停计数器: 0/4
2026-04-29 13:35:41,951 - INFO - fusion_common - 当前学习率: 0.00100000
2026-04-29 13:35:41,952 - INFO - fusion_common - Epoch 2/32
2026-04-29 13:41:19,848 - INFO - fusion_common - Epoch 2 结果: 训练 Loss: 0.0929, 训练 Acc: 0.9730, 训练 F1: 0.9672 | 验证 Loss: 0.0912, 验证 Acc: 0.9712, 验证 F1: 0.9655
2026-04-29 13:41:19,848 - INFO - fusion_common - 早停计数器: 1/4
2026-04-29 13:41:19,848 - INFO - fusion_common - 当前学习率: 0.00100000
2026-04-29 13:41:19,848 - INFO - fusion_common - Epoch 3/32
2026-04-29 13:46:45,306 - INFO - fusion_common - Epoch 3 结果: 训练 Loss: 0.0790, 训练 Acc: 0.9769, 训练 F1: 0.9720 | 验证 Loss: 0.0808, 验证 Acc: 0.9763, 验证 F1: 0.9714
2026-04-29 13:46:45,328 - INFO - fusion_common - 早停计数器: 0/4
2026-04-29 13:46:45,328 - INFO - fusion_common - 当前学习率: 0.00100000
2026-04-29 13:46:45,328 - INFO - fusion_common - Epoch 4/32
2026-04-29 13:50:41,319 - INFO - fusion_common - Epoch 4 结果: 训练 Loss: 0.0731, 训练 Acc: 0.9785, 训练 F1: 0.9740 | 验证 Loss: 0.0809, 验证 Acc: 0.9769, 验证 F1: 0.9720
2026-04-29 13:50:41,319 - INFO - fusion_common - 早停计数器: 1/4
2026-04-29 13:50:41,319 - INFO - fusion_common - 当前学习率: 0.00100000
2026-04-29 13:50:41,319 - INFO - fusion_common - Epoch 5/32
2026-04-29 13:56:07,129 - INFO - fusion_common - Epoch 5 结果: 训练 Loss: 0.0688, 训练 Acc: 0.9799, 训练 F1: 0.9757 | 验证 Loss: 0.0703, 验证 Acc: 0.9785, 验证 F1: 0.9740
2026-04-29 13:56:07,173 - INFO - fusion_common - 早停计数器: 0/4
2026-04-29 13:56:07,175 - INFO - fusion_common - 当前学习率: 0.00100000
2026-04-29 13:56:07,175 - INFO - fusion_common - Epoch 6/32
2026-04-29 14:01:12,931 - INFO - fusion_common - Epoch 6 结果: 训练 Loss: 0.0651, 训练 Acc: 0.9811, 训练 F1: 0.9772 | 验证 Loss: 0.0774, 验证 Acc: 0.9774, 验证 F1: 0.9729
2026-04-29 14:01:12,931 - INFO - fusion_common - 早停计数器: 1/4
2026-04-29 14:01:12,931 - INFO - fusion_common - 当前学习率: 0.00100000
2026-04-29 14:01:12,931 - INFO - fusion_common - Epoch 7/32
2026-04-29 14:05:42,643 - INFO - fusion_common - Epoch 7 结果: 训练 Loss: 0.0659, 训练 Acc: 0.9809, 训练 F1: 0.9769 | 验证 Loss: 0.0844, 验证 Acc: 0.9795, 验证 F1: 0.9751
2026-04-29 14:05:42,643 - INFO - fusion_common - 早停计数器: 2/4
2026-04-29 14:05:42,643 - INFO - fusion_common - 当前学习率: 0.00100000
2026-04-29 14:05:42,644 - INFO - fusion_common - Epoch 8/32
2026-04-29 14:10:33,725 - INFO - fusion_common - Epoch 8 结果: 训练 Loss: 0.0669, 训练 Acc: 0.9808, 训练 F1: 0.9768 | 验证 Loss: 0.0967, 验证 Acc: 0.9792, 验证 F1: 0.9750
2026-04-29 14:10:33,725 - INFO - fusion_common - 早停计数器: 3/4
2026-04-29 14:10:33,725 - INFO - fusion_common - 当前学习率: 0.00050000
2026-04-29 14:10:33,725 - INFO - fusion_common - Epoch 9/32
2026-04-29 14:15:22,113 - INFO - fusion_common - Epoch 9 结果: 训练 Loss: 0.0564, 训练 Acc: 0.9839, 训练 F1: 0.9806 | 验证 Loss: 0.0758, 验证 Acc: 0.9770, 验证 F1: 0.9725
2026-04-29 14:15:22,135 - INFO - fusion_common - 早停计数器: 4/4
2026-04-29 14:15:22,135 - INFO - fusion_common - 当前学习率: 0.00050000
2026-04-29 14:15:22,136 - INFO - fusion_common - 早停机制触发，在第 9 轮后停止训练
2026-04-29 14:15:22,136 - INFO - fusion_common - 融合模型训练完成
2026-04-29 14:15:27,374 - INFO - run_attention - [AttentionDiag] mean=0.001276 min=0.000000 max=0.041775 entropy=4.2723 top1=0.0170 top5=0.0848 top10=0.1695 nonpad_mass=1.0000 pad_mass=0.0000 nonpad_frac=0.1396
2026-04-29 14:15:28,873 - INFO - run_attention - [AttentionDiag] saved attention curve: /home/shuora/Traffic/FusionModel/outputs/binary/ablation_flat/attention_dim256_20260429_133159/attention_curve.png
2026-04-29 14:15:28,874 - INFO - run_attention - saved attention_curve: /home/shuora/Traffic/FusionModel/outputs/binary/ablation_flat/attention_dim256_20260429_133159/attention_curve.png (exists=True)
2026-04-29 14:15:28,874 - INFO - run_attention - Generating attention heatmap...
2026-04-29 14:15:42,485 - INFO - run_attention - 评估结果:
2026-04-29 14:15:42,485 - INFO - run_attention -   准确率: 0.9785
2026-04-29 14:15:42,485 - INFO - run_attention -   Macro F1: 0.9740
2026-04-29 14:15:42,485 - INFO - run_attention -   分类报告:
              precision    recall  f1-score   support

           0     0.9604    0.9661    0.9632      3716
           1     0.9860    0.9836    0.9848      9003

    accuracy                         0.9785     12719
   macro avg     0.9732    0.9748    0.9740     12719
weighted avg     0.9785    0.9785    0.9785     12719

2026-04-29 14:15:42,486 - INFO - run_attention -   混淆矩阵:
[[3590  126]
 [ 148 8855]]
2026-04-29 14:15:42,648 - INFO - run_attention - saved metrics_curve: /home/shuora/Traffic/FusionModel/outputs/binary/ablation_flat/attention_dim256_20260429_133159/metrics_curve.png (exists=True)
2026-04-29 14:15:42,924 - INFO - run_attention - saved confusion_matrix: /home/shuora/Traffic/FusionModel/outputs/binary/ablation_flat/attention_dim256_20260429_133159/confusion_matrix.png (exists=True)
2026-04-29 14:15:42,924 - INFO - run_attention - saved report: /home/shuora/Traffic/FusionModel/outputs/binary/ablation_flat/attention_dim256_20260429_133159/report.md (exists=True)
2026-04-29 14:15:43,777 - INFO - run_attention - saved model: /home/shuora/Traffic/FusionModel/outputs/binary/ablation_flat/attention_dim256_20260429_133159/fusion_model.pth (exists=True)
2026-04-29 14:15:43,779 - INFO - run_attention - saved metrics_json: /home/shuora/Traffic/FusionModel/outputs/binary/ablation_flat/attention_dim256_20260429_133159/metrics.json (exists=True)
2026-04-29 14:15:43,780 - INFO - run_attention - saved epoch_metrics_csv: /home/shuora/Traffic/FusionModel/outputs/binary/ablation_flat/attention_dim256_20260429_133159/epoch_metrics.csv (exists=True)
2026-04-29 14:15:43,780 - INFO - run_attention - done attention: run_dir=/home/shuora/Traffic/FusionModel/outputs/binary/ablation_flat/attention_dim256_20260429_133159 log=/home/shuora/Traffic/FusionModel/outputs/binary/ablation_flat/attention_dim256_20260429_133159/train.log
