2026-04-01 23:43:44,085 - INFO - run_attention - start attention: output_root=/home/shuora/Traffic/FusionModel/outputs/binary_benign_vs_malicious/attention run_dir=/home/shuora/Traffic/FusionModel/outputs/binary_benign_vs_malicious/attention/attention_dim256_20260401_234344
2026-04-01 23:43:44,085 - INFO - fusion_common - 加载融合数据 - 图像目录: /home/shuora/Traffic/FusionModel/ProcessedData/binary_benign_vs_malicious/image_data/Train, Pcap目录: /home/shuora/Traffic/FusionModel/ProcessedData/binary_benign_vs_malicious/pcap_data/Train
2026-04-01 23:43:45,492 - INFO - fusion_common - 融合索引缓存命中: /home/shuora/Traffic/FusionModel/ProcessedData/binary_benign_vs_malicious/image_data/Train/.fusion_index_cache_v1_homeshuoratrafficfusionmodel_homeshuoratrafficfusionmodel.json, 样本数: 508809
2026-04-01 23:43:45,511 - INFO - fusion_common - 融合数据加载完成，类别数: 2, 样本总数: 508809
2026-04-01 23:43:45,511 - INFO - fusion_common - 加载融合数据 - 图像目录: /home/shuora/Traffic/FusionModel/ProcessedData/binary_benign_vs_malicious/image_data/Test, Pcap目录: /home/shuora/Traffic/FusionModel/ProcessedData/binary_benign_vs_malicious/pcap_data/Test
2026-04-01 23:43:45,647 - INFO - fusion_common - 融合索引缓存命中: /home/shuora/Traffic/FusionModel/ProcessedData/binary_benign_vs_malicious/image_data/Test/.fusion_index_cache_v1_homeshuoratrafficfusionmodel_homeshuoratrafficfusionmodel.json, 样本数: 127203
2026-04-01 23:43:45,652 - INFO - fusion_common - 融合数据加载完成，类别数: 2, 样本总数: 127203
2026-04-01 23:43:45,652 - INFO - fusion_common - 初始化融合模型，融合模式: attention
2026-04-01 23:43:45,720 - INFO - fusion_common - 融合模型初始化完成，分类头设置为 2 个类别
2026-04-01 23:43:45,720 - INFO - fusion_common - 开始训练融合模型
2026-04-01 23:43:45,720 - INFO - fusion_common - 训练参数 - Epochs: 32, Learning Rate: 0.001, Early Stopping Patience: 4
2026-04-01 23:43:45,720 - INFO - fusion_common - 训练策略 - class_balance: none, loss_type: ce, focal_gamma: 2.000, weight_decay: 0.000000, label_smoothing: 0.0000, early_stop_metric: val_loss, lr_scheduler: none, val_every: 1
2026-04-01 23:43:45,720 - INFO - fusion_common - DataLoader参数 - train_batches: 15900, val_batches: 3976, batch_size: 32, num_workers: 4, pin_memory: True
2026-04-01 23:43:46,035 - INFO - fusion_common - Epoch 1/32
2026-04-01 23:59:54,558 - INFO - fusion_common - Epoch 1 结果: 训练 Loss: 0.0979, 训练 Acc: 0.9704, 训练 F1: 0.9641 | 验证 Loss: 0.1224, 验证 Acc: 0.9695, 验证 F1: 0.9626
2026-04-01 23:59:54,581 - INFO - fusion_common - 早停计数器: 0/4
2026-04-01 23:59:54,582 - INFO - fusion_common - 当前学习率: 0.00100000
2026-04-01 23:59:54,582 - INFO - fusion_common - Epoch 2/32
2026-04-02 00:15:36,050 - INFO - fusion_common - Epoch 2 结果: 训练 Loss: 0.1041, 训练 Acc: 0.9679, 训练 F1: 0.9609 | 验证 Loss: 0.1355, 验证 Acc: 0.9656, 验证 F1: 0.9580
2026-04-02 00:15:36,055 - INFO - fusion_common - 早停计数器: 1/4
2026-04-02 00:15:36,055 - INFO - fusion_common - 当前学习率: 0.00100000
2026-04-02 00:15:36,055 - INFO - fusion_common - Epoch 3/32
2026-04-02 00:31:11,749 - INFO - fusion_common - Epoch 3 结果: 训练 Loss: 0.1075, 训练 Acc: 0.9665, 训练 F1: 0.9593 | 验证 Loss: 0.1133, 验证 Acc: 0.9630, 验证 F1: 0.9555
2026-04-02 00:31:11,781 - INFO - fusion_common - 早停计数器: 0/4
2026-04-02 00:31:11,781 - INFO - fusion_common - 当前学习率: 0.00100000
2026-04-02 00:31:11,781 - INFO - fusion_common - Epoch 4/32
2026-04-02 00:47:02,913 - INFO - fusion_common - Epoch 4 结果: 训练 Loss: 0.1049, 训练 Acc: 0.9671, 训练 F1: 0.9600 | 验证 Loss: 0.1216, 验证 Acc: 0.9668, 验证 F1: 0.9599
2026-04-02 00:47:02,914 - INFO - fusion_common - 早停计数器: 1/4
2026-04-02 00:47:02,914 - INFO - fusion_common - 当前学习率: 0.00100000
2026-04-02 00:47:02,914 - INFO - fusion_common - Epoch 5/32
2026-04-02 01:02:56,094 - INFO - fusion_common - Epoch 5 结果: 训练 Loss: 0.1037, 训练 Acc: 0.9675, 训练 F1: 0.9604 | 验证 Loss: 0.1393, 验证 Acc: 0.9677, 验证 F1: 0.9605
2026-04-02 01:02:56,099 - INFO - fusion_common - 早停计数器: 2/4
2026-04-02 01:02:56,099 - INFO - fusion_common - 当前学习率: 0.00100000
2026-04-02 01:02:56,100 - INFO - fusion_common - Epoch 6/32
2026-04-02 01:18:49,824 - INFO - fusion_common - Epoch 6 结果: 训练 Loss: 0.1029, 训练 Acc: 0.9674, 训练 F1: 0.9603 | 验证 Loss: 0.1620, 验证 Acc: 0.9650, 验证 F1: 0.9572
2026-04-02 01:18:49,829 - INFO - fusion_common - 早停计数器: 3/4
2026-04-02 01:18:49,829 - INFO - fusion_common - 当前学习率: 0.00100000
2026-04-02 01:18:49,829 - INFO - fusion_common - Epoch 7/32
2026-04-02 01:34:43,342 - INFO - fusion_common - Epoch 7 结果: 训练 Loss: 0.1067, 训练 Acc: 0.9668, 训练 F1: 0.9596 | 验证 Loss: 0.1334, 验证 Acc: 0.9664, 验证 F1: 0.9589
2026-04-02 01:34:43,361 - INFO - fusion_common - 早停计数器: 4/4
2026-04-02 01:34:43,361 - INFO - fusion_common - 当前学习率: 0.00100000
2026-04-02 01:34:43,361 - INFO - fusion_common - 早停机制触发，在第 7 轮后停止训练
2026-04-02 01:34:43,361 - INFO - fusion_common - 融合模型训练完成
2026-04-02 01:34:45,794 - INFO - run_attention - [AttentionDiag] mean=0.001276 min=0.000000 max=0.037461 entropy=4.2804 top1=0.0176 top5=0.0857 top10=0.1698 nonpad_mass=1.0000 pad_mass=0.0000 nonpad_frac=0.1443
2026-04-02 01:34:46,174 - INFO - run_attention - [AttentionDiag] saved attention curve: /home/shuora/Traffic/FusionModel/outputs/binary_benign_vs_malicious/attention/attention_dim256_20260401_234344/attention_curve.png
2026-04-02 01:34:46,174 - INFO - run_attention - saved attention_curve: /home/shuora/Traffic/FusionModel/outputs/binary_benign_vs_malicious/attention/attention_dim256_20260401_234344/attention_curve.png (exists=True)
2026-04-02 01:36:07,449 - INFO - run_attention - 评估结果:
2026-04-02 01:36:07,449 - INFO - run_attention -   准确率: 0.9630
2026-04-02 01:36:07,449 - INFO - run_attention -   Macro F1: 0.9555
2026-04-02 01:36:07,449 - INFO - run_attention -   分类报告:
              precision    recall  f1-score   support

           0     0.9290    0.9457    0.9373     37166
           1     0.9774    0.9702    0.9738     90037

    accuracy                         0.9630    127203
   macro avg     0.9532    0.9579    0.9555    127203
weighted avg     0.9633    0.9630    0.9631    127203

2026-04-02 01:36:07,450 - INFO - run_attention -   混淆矩阵:
[[35147  2019]
 [ 2685 87352]]
2026-04-02 01:36:07,576 - INFO - run_attention - saved metrics_curve: /home/shuora/Traffic/FusionModel/outputs/binary_benign_vs_malicious/attention/attention_dim256_20260401_234344/metrics_curve.png (exists=True)
2026-04-02 01:36:07,641 - INFO - run_attention - saved confusion_matrix: /home/shuora/Traffic/FusionModel/outputs/binary_benign_vs_malicious/attention/attention_dim256_20260401_234344/confusion_matrix.png (exists=True)
2026-04-02 01:36:07,641 - INFO - run_attention - saved report: /home/shuora/Traffic/FusionModel/outputs/binary_benign_vs_malicious/attention/attention_dim256_20260401_234344/report.md (exists=True)
2026-04-02 01:36:07,721 - INFO - run_attention - saved model: /home/shuora/Traffic/FusionModel/outputs/binary_benign_vs_malicious/attention/attention_dim256_20260401_234344/fusion_model.pth (exists=True)
2026-04-02 01:36:07,722 - INFO - run_attention - saved metrics_json: /home/shuora/Traffic/FusionModel/outputs/binary_benign_vs_malicious/attention/attention_dim256_20260401_234344/metrics.json (exists=True)
2026-04-02 01:36:07,722 - INFO - run_attention - saved epoch_metrics_csv: /home/shuora/Traffic/FusionModel/outputs/binary_benign_vs_malicious/attention/attention_dim256_20260401_234344/epoch_metrics.csv (exists=True)
2026-04-02 01:36:07,722 - INFO - run_attention - done attention: run_dir=/home/shuora/Traffic/FusionModel/outputs/binary_benign_vs_malicious/attention/attention_dim256_20260401_234344 log=/home/shuora/Traffic/FusionModel/outputs/binary_benign_vs_malicious/attention/attention_dim256_20260401_234344/train.log
