2026-04-23 18:37:45,673 - INFO - run_attention_stacking - start stacking: base=attention output_root=/home/shuora/Traffic/FusionModel/outputs/mta_multiclass/attention_stacking run_dir=/home/shuora/Traffic/FusionModel/outputs/mta_multiclass/attention_stacking/attention_stacking_20260423_183745
2026-04-23 18:37:45,673 - INFO - run_attention_stacking - stacking config: level=two_level calibration=temp threshold_objective=macro_f1_minority_recall minority_lambda=0.300 oof_folds=5
2026-04-23 18:37:45,673 - INFO - fusion_common - 加载融合数据 - 图像目录: /home/shuora/Traffic/FusionModel/ProcessedData/mta_multiclass/image_data/Train, Pcap目录: /home/shuora/Traffic/FusionModel/ProcessedData/mta_multiclass/pcap_data/Train
2026-04-23 18:37:45,830 - INFO - fusion_common - 融合索引缓存命中: /home/shuora/Traffic/FusionModel/ProcessedData/mta_multiclass/image_data/Train/.fusion_index_cache_v1_homeshuoratrafficfusionmodel_homeshuoratrafficfusionmodel.json, 样本数: 56000
2026-04-23 18:37:45,879 - INFO - fusion_common - 融合数据加载完成，类别数: 7, 样本总数: 56000
2026-04-23 18:37:45,880 - INFO - fusion_common - 加载融合数据 - 图像目录: /home/shuora/Traffic/FusionModel/ProcessedData/mta_multiclass/image_data/Test, Pcap目录: /home/shuora/Traffic/FusionModel/ProcessedData/mta_multiclass/pcap_data/Test
2026-04-23 18:37:45,892 - INFO - fusion_common - 融合索引缓存命中: /home/shuora/Traffic/FusionModel/ProcessedData/mta_multiclass/image_data/Test/.fusion_index_cache_v1_homeshuoratrafficfusionmodel_homeshuoratrafficfusionmodel.json, 样本数: 14000
2026-04-23 18:37:45,893 - INFO - fusion_common - 融合数据加载完成，类别数: 7, 样本总数: 14000
2026-04-23 18:37:45,893 - INFO - fusion_common - 初始化融合模型，融合模式: attention
2026-04-23 18:37:45,991 - INFO - fusion_common - 融合模型初始化完成，分类头设置为 7 个类别
2026-04-23 18:37:45,991 - INFO - fusion_common - 开始训练融合模型
2026-04-23 18:37:45,992 - INFO - fusion_common - 训练参数 - Epochs: 40, Learning Rate: 0.0003, Early Stopping Patience: 8
2026-04-23 18:37:45,992 - INFO - fusion_common - 训练策略 - class_balance: weighted_sampler_loss, loss_type: focal, focal_gamma: 1.500, weight_decay: 0.000100, label_smoothing: 0.0300, early_stop_metric: val_f1, lr_scheduler: reduce, val_every: 1
2026-04-23 18:37:45,992 - INFO - fusion_common - 训练保护 - grad_clip_norm: 1.000, max_consecutive_invalid_batches: 128
2026-04-23 18:37:45,992 - INFO - fusion_common - DataLoader参数 - train_batches: 1750, val_batches: 438, batch_size: 32, num_workers: 4, pin_memory: True
2026-04-23 18:37:46,282 - INFO - fusion_common - 使用 class-weighted CrossEntropyLoss
2026-04-23 18:37:46,283 - INFO - fusion_common - Epoch 1/40
2026-04-23 18:41:29,637 - INFO - fusion_common - Epoch 1 结果: 训练 Loss: 0.9927, 训练 Acc: 0.4949, 训练 F1: 0.4962 | 验证 Loss: 0.7571, 验证 Acc: 0.6160, 验证 F1: 0.6203
2026-04-23 18:41:29,659 - INFO - fusion_common - 早停计数器: 0/8
2026-04-23 18:41:29,659 - INFO - fusion_common - 当前学习率: 0.00030000
2026-04-23 18:41:29,659 - INFO - fusion_common - Epoch 2/40
2026-04-23 18:44:41,253 - INFO - fusion_common - Epoch 2 结果: 训练 Loss: 0.7008, 训练 Acc: 0.6472, 训练 F1: 0.6508 | 验证 Loss: 0.6162, 验证 Acc: 0.6916, 验证 F1: 0.6914
2026-04-23 18:44:41,269 - INFO - fusion_common - 早停计数器: 0/8
2026-04-23 18:44:41,269 - INFO - fusion_common - 当前学习率: 0.00030000
2026-04-23 18:44:41,269 - INFO - fusion_common - Epoch 3/40
2026-04-23 18:47:47,838 - INFO - fusion_common - Epoch 3 结果: 训练 Loss: 0.5916, 训练 Acc: 0.6992, 训练 F1: 0.6999 | 验证 Loss: 0.5412, 验证 Acc: 0.7264, 验证 F1: 0.7257
2026-04-23 18:47:47,853 - INFO - fusion_common - 早停计数器: 0/8
2026-04-23 18:47:47,853 - INFO - fusion_common - 当前学习率: 0.00030000
2026-04-23 18:47:47,853 - INFO - fusion_common - Epoch 4/40
2026-04-23 18:50:53,777 - INFO - fusion_common - Epoch 4 结果: 训练 Loss: 0.5282, 训练 Acc: 0.7326, 训练 F1: 0.7318 | 验证 Loss: 0.4881, 验证 Acc: 0.7590, 验证 F1: 0.7565
2026-04-23 18:50:53,793 - INFO - fusion_common - 早停计数器: 0/8
2026-04-23 18:50:53,793 - INFO - fusion_common - 当前学习率: 0.00030000
2026-04-23 18:50:53,793 - INFO - fusion_common - Epoch 5/40
2026-04-23 18:53:56,141 - INFO - fusion_common - Epoch 5 结果: 训练 Loss: 0.4856, 训练 Acc: 0.7548, 训练 F1: 0.7542 | 验证 Loss: 0.4417, 验证 Acc: 0.7814, 验证 F1: 0.7803
2026-04-23 18:53:56,174 - INFO - fusion_common - 早停计数器: 0/8
2026-04-23 18:53:56,174 - INFO - fusion_common - 当前学习率: 0.00030000
2026-04-23 18:53:56,174 - INFO - fusion_common - Epoch 6/40
2026-04-23 18:57:08,855 - INFO - fusion_common - Epoch 6 结果: 训练 Loss: 0.4570, 训练 Acc: 0.7693, 训练 F1: 0.7691 | 验证 Loss: 0.4314, 验证 Acc: 0.7870, 验证 F1: 0.7854
2026-04-23 18:57:08,870 - INFO - fusion_common - 早停计数器: 0/8
2026-04-23 18:57:08,871 - INFO - fusion_common - 当前学习率: 0.00030000
2026-04-23 18:57:08,871 - INFO - fusion_common - Epoch 7/40
2026-04-23 19:00:16,207 - INFO - fusion_common - Epoch 7 结果: 训练 Loss: 0.4259, 训练 Acc: 0.7821, 训练 F1: 0.7817 | 验证 Loss: 0.4284, 验证 Acc: 0.7832, 验证 F1: 0.7832
2026-04-23 19:00:16,207 - INFO - fusion_common - 早停计数器: 1/8
2026-04-23 19:00:16,207 - INFO - fusion_common - 当前学习率: 0.00030000
2026-04-23 19:00:16,207 - INFO - fusion_common - Epoch 8/40
2026-04-23 19:03:21,399 - INFO - fusion_common - Epoch 8 结果: 训练 Loss: 0.4003, 训练 Acc: 0.7966, 训练 F1: 0.7961 | 验证 Loss: 0.3802, 验证 Acc: 0.8080, 验证 F1: 0.8086
2026-04-23 19:03:21,421 - INFO - fusion_common - 早停计数器: 0/8
2026-04-23 19:03:21,421 - INFO - fusion_common - 当前学习率: 0.00030000
2026-04-23 19:03:21,422 - INFO - fusion_common - Epoch 9/40
2026-04-23 19:06:24,346 - INFO - fusion_common - Epoch 9 结果: 训练 Loss: 0.3874, 训练 Acc: 0.7984, 训练 F1: 0.7984 | 验证 Loss: 0.3574, 验证 Acc: 0.8208, 验证 F1: 0.8191
2026-04-23 19:06:24,381 - INFO - fusion_common - 早停计数器: 0/8
2026-04-23 19:06:24,381 - INFO - fusion_common - 当前学习率: 0.00030000
2026-04-23 19:06:24,381 - INFO - fusion_common - Epoch 10/40
2026-04-23 19:09:34,527 - INFO - fusion_common - Epoch 10 结果: 训练 Loss: 0.3651, 训练 Acc: 0.8103, 训练 F1: 0.8098 | 验证 Loss: 0.3468, 验证 Acc: 0.8270, 验证 F1: 0.8275
2026-04-23 19:09:34,543 - INFO - fusion_common - 早停计数器: 0/8
2026-04-23 19:09:34,543 - INFO - fusion_common - 当前学习率: 0.00030000
2026-04-23 19:09:34,543 - INFO - fusion_common - Epoch 11/40
2026-04-23 19:12:43,212 - INFO - fusion_common - Epoch 11 结果: 训练 Loss: 0.3562, 训练 Acc: 0.8127, 训练 F1: 0.8131 | 验证 Loss: 0.3497, 验证 Acc: 0.8259, 验证 F1: 0.8271
2026-04-23 19:12:43,212 - INFO - fusion_common - 早停计数器: 1/8
2026-04-23 19:12:43,212 - INFO - fusion_common - 当前学习率: 0.00030000
2026-04-23 19:12:43,212 - INFO - fusion_common - Epoch 12/40
2026-04-23 19:15:51,620 - INFO - fusion_common - Epoch 12 结果: 训练 Loss: 0.3410, 训练 Acc: 0.8228, 训练 F1: 0.8226 | 验证 Loss: 0.3252, 验证 Acc: 0.8401, 验证 F1: 0.8391
2026-04-23 19:15:51,636 - INFO - fusion_common - 早停计数器: 0/8
2026-04-23 19:15:51,636 - INFO - fusion_common - 当前学习率: 0.00030000
2026-04-23 19:15:51,636 - INFO - fusion_common - Epoch 13/40
2026-04-23 19:18:58,405 - INFO - fusion_common - Epoch 13 结果: 训练 Loss: 0.3282, 训练 Acc: 0.8286, 训练 F1: 0.8283 | 验证 Loss: 0.3280, 验证 Acc: 0.8400, 验证 F1: 0.8400
2026-04-23 19:18:58,405 - INFO - fusion_common - 早停计数器: 1/8
2026-04-23 19:18:58,405 - INFO - fusion_common - 当前学习率: 0.00030000
2026-04-23 19:18:58,405 - INFO - fusion_common - Epoch 14/40
2026-04-23 19:21:56,989 - INFO - fusion_common - Epoch 14 结果: 训练 Loss: 0.3175, 训练 Acc: 0.8348, 训练 F1: 0.8349 | 验证 Loss: 0.3025, 验证 Acc: 0.8484, 验证 F1: 0.8475
2026-04-23 19:21:57,021 - INFO - fusion_common - 早停计数器: 0/8
2026-04-23 19:21:57,021 - INFO - fusion_common - 当前学习率: 0.00030000
2026-04-23 19:21:57,021 - INFO - fusion_common - Epoch 15/40
2026-04-23 19:25:05,713 - INFO - fusion_common - Epoch 15 结果: 训练 Loss: 0.3098, 训练 Acc: 0.8386, 训练 F1: 0.8384 | 验证 Loss: 0.2988, 验证 Acc: 0.8529, 验证 F1: 0.8535
2026-04-23 19:25:05,729 - INFO - fusion_common - 早停计数器: 0/8
2026-04-23 19:25:05,730 - INFO - fusion_common - 当前学习率: 0.00030000
2026-04-23 19:25:05,730 - INFO - fusion_common - Epoch 16/40
2026-04-23 19:28:14,090 - INFO - fusion_common - Epoch 16 结果: 训练 Loss: 0.3010, 训练 Acc: 0.8394, 训练 F1: 0.8391 | 验证 Loss: 0.2852, 验证 Acc: 0.8544, 验证 F1: 0.8543
2026-04-23 19:28:14,090 - INFO - fusion_common - 早停计数器: 1/8
2026-04-23 19:28:14,090 - INFO - fusion_common - 当前学习率: 0.00030000
2026-04-23 19:28:14,090 - INFO - fusion_common - Epoch 17/40
2026-04-23 19:31:21,628 - INFO - fusion_common - Epoch 17 结果: 训练 Loss: 0.2929, 训练 Acc: 0.8457, 训练 F1: 0.8449 | 验证 Loss: 0.2628, 验证 Acc: 0.8677, 验证 F1: 0.8670
2026-04-23 19:31:21,663 - INFO - fusion_common - 早停计数器: 0/8
2026-04-23 19:31:21,663 - INFO - fusion_common - 当前学习率: 0.00030000
2026-04-23 19:31:21,663 - INFO - fusion_common - Epoch 18/40
2026-04-23 19:34:28,079 - INFO - fusion_common - Epoch 18 结果: 训练 Loss: 0.2833, 训练 Acc: 0.8521, 训练 F1: 0.8521 | 验证 Loss: 0.2682, 验证 Acc: 0.8646, 验证 F1: 0.8641
2026-04-23 19:34:28,079 - INFO - fusion_common - 早停计数器: 1/8
2026-04-23 19:34:28,079 - INFO - fusion_common - 当前学习率: 0.00030000
2026-04-23 19:34:28,080 - INFO - fusion_common - Epoch 19/40
2026-04-23 19:37:32,697 - INFO - fusion_common - Epoch 19 结果: 训练 Loss: 0.2761, 训练 Acc: 0.8539, 训练 F1: 0.8534 | 验证 Loss: 0.2658, 验证 Acc: 0.8659, 验证 F1: 0.8652
2026-04-23 19:37:32,697 - INFO - fusion_common - 早停计数器: 2/8
2026-04-23 19:37:32,697 - INFO - fusion_common - 当前学习率: 0.00030000
2026-04-23 19:37:32,697 - INFO - fusion_common - Epoch 20/40
2026-04-23 19:40:39,610 - INFO - fusion_common - Epoch 20 结果: 训练 Loss: 0.2697, 训练 Acc: 0.8569, 训练 F1: 0.8569 | 验证 Loss: 0.2539, 验证 Acc: 0.8753, 验证 F1: 0.8753
2026-04-23 19:40:39,628 - INFO - fusion_common - 早停计数器: 0/8
2026-04-23 19:40:39,628 - INFO - fusion_common - 当前学习率: 0.00030000
2026-04-23 19:40:39,628 - INFO - fusion_common - Epoch 21/40
2026-04-23 19:43:48,108 - INFO - fusion_common - Epoch 21 结果: 训练 Loss: 0.2614, 训练 Acc: 0.8608, 训练 F1: 0.8606 | 验证 Loss: 0.2589, 验证 Acc: 0.8696, 验证 F1: 0.8699
2026-04-23 19:43:48,108 - INFO - fusion_common - 早停计数器: 1/8
2026-04-23 19:43:48,108 - INFO - fusion_common - 当前学习率: 0.00030000
2026-04-23 19:43:48,108 - INFO - fusion_common - Epoch 22/40
2026-04-23 19:46:54,264 - INFO - fusion_common - Epoch 22 结果: 训练 Loss: 0.2547, 训练 Acc: 0.8659, 训练 F1: 0.8659 | 验证 Loss: 0.2452, 验证 Acc: 0.8760, 验证 F1: 0.8763
2026-04-23 19:46:54,280 - INFO - fusion_common - 早停计数器: 0/8
2026-04-23 19:46:54,280 - INFO - fusion_common - 当前学习率: 0.00030000
2026-04-23 19:46:54,280 - INFO - fusion_common - Epoch 23/40
2026-04-23 19:49:59,902 - INFO - fusion_common - Epoch 23 结果: 训练 Loss: 0.2559, 训练 Acc: 0.8660, 训练 F1: 0.8660 | 验证 Loss: 0.2350, 验证 Acc: 0.8786, 验证 F1: 0.8786
2026-04-23 19:49:59,934 - INFO - fusion_common - 早停计数器: 0/8
2026-04-23 19:49:59,935 - INFO - fusion_common - 当前学习率: 0.00030000
2026-04-23 19:49:59,935 - INFO - fusion_common - Epoch 24/40
2026-04-23 19:53:09,915 - INFO - fusion_common - Epoch 24 结果: 训练 Loss: 0.2426, 训练 Acc: 0.8716, 训练 F1: 0.8713 | 验证 Loss: 0.2415, 验证 Acc: 0.8790, 验证 F1: 0.8787
2026-04-23 19:53:09,915 - INFO - fusion_common - 早停计数器: 1/8
2026-04-23 19:53:09,915 - INFO - fusion_common - 当前学习率: 0.00030000
2026-04-23 19:53:09,915 - INFO - fusion_common - Epoch 25/40
2026-04-23 19:56:20,029 - INFO - fusion_common - Epoch 25 结果: 训练 Loss: 0.2376, 训练 Acc: 0.8739, 训练 F1: 0.8739 | 验证 Loss: 0.2456, 验证 Acc: 0.8836, 验证 F1: 0.8826
2026-04-23 19:56:20,044 - INFO - fusion_common - 早停计数器: 0/8
2026-04-23 19:56:20,044 - INFO - fusion_common - 当前学习率: 0.00030000
2026-04-23 19:56:20,044 - INFO - fusion_common - Epoch 26/40
2026-04-23 19:59:28,921 - INFO - fusion_common - Epoch 26 结果: 训练 Loss: 0.2361, 训练 Acc: 0.8747, 训练 F1: 0.8747 | 验证 Loss: 0.2250, 验证 Acc: 0.8884, 验证 F1: 0.8885
2026-04-23 19:59:28,937 - INFO - fusion_common - 早停计数器: 0/8
2026-04-23 19:59:28,938 - INFO - fusion_common - 当前学习率: 0.00030000
2026-04-23 19:59:28,938 - INFO - fusion_common - Epoch 27/40
2026-04-23 20:02:34,077 - INFO - fusion_common - Epoch 27 结果: 训练 Loss: 0.2290, 训练 Acc: 0.8788, 训练 F1: 0.8785 | 验证 Loss: 0.2279, 验证 Acc: 0.8941, 验证 F1: 0.8942
2026-04-23 20:02:34,098 - INFO - fusion_common - 早停计数器: 0/8
2026-04-23 20:02:34,098 - INFO - fusion_common - 当前学习率: 0.00030000
2026-04-23 20:02:34,098 - INFO - fusion_common - Epoch 28/40
2026-04-23 20:05:42,111 - INFO - fusion_common - Epoch 28 结果: 训练 Loss: 0.2252, 训练 Acc: 0.8815, 训练 F1: 0.8813 | 验证 Loss: 0.2197, 验证 Acc: 0.8858, 验证 F1: 0.8873
2026-04-23 20:05:42,111 - INFO - fusion_common - 早停计数器: 1/8
2026-04-23 20:05:42,111 - INFO - fusion_common - 当前学习率: 0.00030000
2026-04-23 20:05:42,111 - INFO - fusion_common - Epoch 29/40
2026-04-23 20:08:54,233 - INFO - fusion_common - Epoch 29 结果: 训练 Loss: 0.2226, 训练 Acc: 0.8819, 训练 F1: 0.8816 | 验证 Loss: 0.2290, 验证 Acc: 0.8954, 验证 F1: 0.8954
2026-04-23 20:08:54,250 - INFO - fusion_common - 早停计数器: 0/8
2026-04-23 20:08:54,250 - INFO - fusion_common - 当前学习率: 0.00030000
2026-04-23 20:08:54,250 - INFO - fusion_common - Epoch 30/40
2026-04-23 20:12:04,336 - INFO - fusion_common - Epoch 30 结果: 训练 Loss: 0.2162, 训练 Acc: 0.8847, 训练 F1: 0.8849 | 验证 Loss: 0.2062, 验证 Acc: 0.9006, 验证 F1: 0.9004
2026-04-23 20:12:04,353 - INFO - fusion_common - 早停计数器: 0/8
2026-04-23 20:12:04,353 - INFO - fusion_common - 当前学习率: 0.00030000
2026-04-23 20:12:04,353 - INFO - fusion_common - Epoch 31/40
2026-04-23 20:15:10,679 - INFO - fusion_common - Epoch 31 结果: 训练 Loss: 0.2095, 训练 Acc: 0.8885, 训练 F1: 0.8883 | 验证 Loss: 0.2180, 验证 Acc: 0.8988, 验证 F1: 0.8986
2026-04-23 20:15:10,679 - INFO - fusion_common - 早停计数器: 1/8
2026-04-23 20:15:10,679 - INFO - fusion_common - 当前学习率: 0.00030000
2026-04-23 20:15:10,679 - INFO - fusion_common - Epoch 32/40
2026-04-23 20:18:17,021 - INFO - fusion_common - Epoch 32 结果: 训练 Loss: 0.2071, 训练 Acc: 0.8891, 训练 F1: 0.8891 | 验证 Loss: 0.2129, 验证 Acc: 0.9014, 验证 F1: 0.9013
2026-04-23 20:18:17,022 - INFO - fusion_common - 早停计数器: 2/8
2026-04-23 20:18:17,022 - INFO - fusion_common - 当前学习率: 0.00030000
2026-04-23 20:18:17,022 - INFO - fusion_common - Epoch 33/40
2026-04-23 20:21:22,783 - INFO - fusion_common - Epoch 33 结果: 训练 Loss: 0.2061, 训练 Acc: 0.8902, 训练 F1: 0.8907 | 验证 Loss: 0.2165, 验证 Acc: 0.8971, 验证 F1: 0.8970
2026-04-23 20:21:22,783 - INFO - fusion_common - 早停计数器: 3/8
2026-04-23 20:21:22,783 - INFO - fusion_common - 当前学习率: 0.00030000
2026-04-23 20:21:22,783 - INFO - fusion_common - Epoch 34/40
2026-04-23 20:24:31,632 - INFO - fusion_common - Epoch 34 结果: 训练 Loss: 0.1997, 训练 Acc: 0.8932, 训练 F1: 0.8933 | 验证 Loss: 0.2079, 验证 Acc: 0.9054, 验证 F1: 0.9056
2026-04-23 20:24:31,650 - INFO - fusion_common - 早停计数器: 0/8
2026-04-23 20:24:31,650 - INFO - fusion_common - 当前学习率: 0.00030000
2026-04-23 20:24:31,650 - INFO - fusion_common - Epoch 35/40
2026-04-23 20:27:40,675 - INFO - fusion_common - Epoch 35 结果: 训练 Loss: 0.1942, 训练 Acc: 0.8958, 训练 F1: 0.8962 | 验证 Loss: 0.2029, 验证 Acc: 0.9109, 验证 F1: 0.9108
2026-04-23 20:27:40,692 - INFO - fusion_common - 早停计数器: 0/8
2026-04-23 20:27:40,692 - INFO - fusion_common - 当前学习率: 0.00030000
2026-04-23 20:27:40,693 - INFO - fusion_common - Epoch 36/40
2026-04-23 20:30:45,249 - INFO - fusion_common - Epoch 36 结果: 训练 Loss: 0.1937, 训练 Acc: 0.8959, 训练 F1: 0.8962 | 验证 Loss: 0.2005, 验证 Acc: 0.9126, 验证 F1: 0.9126
2026-04-23 20:30:45,272 - INFO - fusion_common - 早停计数器: 0/8
2026-04-23 20:30:45,272 - INFO - fusion_common - 当前学习率: 0.00030000
2026-04-23 20:30:45,272 - INFO - fusion_common - Epoch 37/40
2026-04-23 20:33:48,395 - INFO - fusion_common - Epoch 37 结果: 训练 Loss: 0.1921, 训练 Acc: 0.8972, 训练 F1: 0.8971 | 验证 Loss: 0.1954, 验证 Acc: 0.9074, 验证 F1: 0.9073
2026-04-23 20:33:48,395 - INFO - fusion_common - 早停计数器: 1/8
2026-04-23 20:33:48,395 - INFO - fusion_common - 当前学习率: 0.00030000
2026-04-23 20:33:48,395 - INFO - fusion_common - Epoch 38/40
2026-04-23 20:36:57,447 - INFO - fusion_common - Epoch 38 结果: 训练 Loss: 0.1856, 训练 Acc: 0.9008, 训练 F1: 0.9009 | 验证 Loss: 0.2066, 验证 Acc: 0.9114, 验证 F1: 0.9114
2026-04-23 20:36:57,447 - INFO - fusion_common - 早停计数器: 2/8
2026-04-23 20:36:57,447 - INFO - fusion_common - 当前学习率: 0.00030000
2026-04-23 20:36:57,447 - INFO - fusion_common - Epoch 39/40
2026-04-23 20:40:05,633 - INFO - fusion_common - Epoch 39 结果: 训练 Loss: 0.1853, 训练 Acc: 0.9004, 训练 F1: 0.9002 | 验证 Loss: 0.1782, 验证 Acc: 0.9171, 验证 F1: 0.9171
2026-04-23 20:40:05,650 - INFO - fusion_common - 早停计数器: 0/8
2026-04-23 20:40:05,650 - INFO - fusion_common - 当前学习率: 0.00030000
2026-04-23 20:40:05,650 - INFO - fusion_common - Epoch 40/40
2026-04-23 20:43:11,001 - INFO - fusion_common - Epoch 40 结果: 训练 Loss: 0.1807, 训练 Acc: 0.9035, 训练 F1: 0.9035 | 验证 Loss: 0.1839, 验证 Acc: 0.9161, 验证 F1: 0.9160
2026-04-23 20:43:11,002 - INFO - fusion_common - 早停计数器: 1/8
2026-04-23 20:43:11,002 - INFO - fusion_common - 当前学习率: 0.00030000
2026-04-23 20:43:11,002 - INFO - fusion_common - 融合模型训练完成
2026-04-23 20:43:13,570 - INFO - run_attention_stacking - [AttentionDiag] mean=0.001276 min=0.000000 max=0.340083 entropy=3.6187 top1=0.0885 top5=0.3174 top10=0.5062 nonpad_mass=1.0000 pad_mass=0.0000 nonpad_frac=0.4804
2026-04-23 20:43:14,392 - INFO - run_attention_stacking - [AttentionDiag] saved attention curve: /home/shuora/Traffic/FusionModel/outputs/mta_multiclass/attention_stacking/attention_stacking_20260423_183745/attention_curve.png
2026-04-23 20:43:14,392 - INFO - run_attention_stacking - saved attention_curve: /home/shuora/Traffic/FusionModel/outputs/mta_multiclass/attention_stacking/attention_stacking_20260423_183745/attention_curve.png (exists=True)
2026-04-23 20:43:14,513 - INFO - run_attention_stacking - saved metrics_curve: /home/shuora/Traffic/FusionModel/outputs/mta_multiclass/attention_stacking/attention_stacking_20260423_183745/metrics_curve.png (exists=True)
2026-04-23 20:43:23,844 - INFO - run_attention_stacking - saved confusion_matrix: /home/shuora/Traffic/FusionModel/outputs/mta_multiclass/attention_stacking/attention_stacking_20260423_183745/confusion_matrix.png (exists=True)
2026-04-23 20:43:23,844 - INFO - run_attention_stacking - saved report: /home/shuora/Traffic/FusionModel/outputs/mta_multiclass/attention_stacking/attention_stacking_20260423_183745/report.md (exists=True)
2026-04-23 20:46:01,568 - INFO - run_attention_stacking - meta feature extraction completed: train_samples=56000 test_samples=14000
2026-04-23 21:01:10,519 - INFO - run_attention_stacking - [attention_stacking_xgboost] acc=0.9727 macro_f1=0.9727
2026-04-23 21:01:10,520 - INFO - run_attention_stacking - [attention_stacking_xgboost] 分类报告:
              precision    recall  f1-score   support

           0     0.9571    0.9925    0.9745      2000
           1     0.9520    0.9530    0.9525      2000
           2     0.9965    0.9960    0.9962      2000
           3     0.9723    0.9470    0.9595      2000
           4     0.9809    0.9750    0.9779      2000
           5     0.9583    0.9655    0.9619      2000
           6     0.9929    0.9800    0.9864      2000

    accuracy                         0.9727     14000
   macro avg     0.9729    0.9727    0.9727     14000
weighted avg     0.9729    0.9727    0.9727     14000

2026-04-23 21:01:10,520 - INFO - run_attention_stacking - [attention_stacking_xgboost] 混淆矩阵:
[[1985    4    0    3    0    7    1]
 [  30 1906    2   24   11   23    4]
 [   0    0 1992    2    0    5    1]
 [  19   44    0 1894   15   24    4]
 [   5   13    3    8 1950   19    2]
 [  18   31    1    8    9 1931    2]
 [  17    4    1    9    3    6 1960]]
2026-04-23 21:01:10,619 - INFO - run_attention_stacking - saved confusion_matrix_xgboost: /home/shuora/Traffic/FusionModel/outputs/mta_multiclass/attention_stacking/attention_stacking_20260423_183745/confusion_matrix_xgboost.png (exists=True)
2026-04-23 21:01:10,619 - INFO - run_attention_stacking - saved report_xgboost: /home/shuora/Traffic/FusionModel/outputs/mta_multiclass/attention_stacking/attention_stacking_20260423_183745/report_xgboost.md (exists=True)
2026-04-23 21:01:10,645 - INFO - run_attention_stacking - saved meta_model_xgboost: /home/shuora/Traffic/FusionModel/outputs/mta_multiclass/attention_stacking/attention_stacking_20260423_183745/meta_model_xgboost.pkl (exists=True)
2026-04-23 21:08:53,606 - INFO - run_attention_stacking - [attention_stacking_lightgbm] acc=0.9801 macro_f1=0.9801
2026-04-23 21:08:53,606 - INFO - run_attention_stacking - [attention_stacking_lightgbm] 分类报告:
              precision    recall  f1-score   support

           0     0.9836    0.9880    0.9858      2000
           1     0.9620    0.9740    0.9680      2000
           2     0.9965    0.9960    0.9962      2000
           3     0.9792    0.9650    0.9720      2000
           4     0.9859    0.9760    0.9809      2000
           5     0.9640    0.9760    0.9699      2000
           6     0.9900    0.9855    0.9877      2000

    accuracy                         0.9801     14000
   macro avg     0.9801    0.9801    0.9801     14000
weighted avg     0.9801    0.9801    0.9801     14000

2026-04-23 21:08:53,606 - INFO - run_attention_stacking - [attention_stacking_lightgbm] 混淆矩阵:
[[1976    7    0    3    1    8    5]
 [  11 1948    2   13   10   14    2]
 [   0    0 1992    2    0    5    1]
 [   8   29    0 1930    6   20    7]
 [   3   12    3    8 1952   21    1]
 [   7   24    1    5    7 1952    4]
 [   4    5    1   10    4    5 1971]]
2026-04-23 21:08:53,692 - INFO - run_attention_stacking - saved confusion_matrix_lightgbm: /home/shuora/Traffic/FusionModel/outputs/mta_multiclass/attention_stacking/attention_stacking_20260423_183745/confusion_matrix_lightgbm.png (exists=True)
2026-04-23 21:08:53,692 - INFO - run_attention_stacking - saved report_lightgbm: /home/shuora/Traffic/FusionModel/outputs/mta_multiclass/attention_stacking/attention_stacking_20260423_183745/report_lightgbm.md (exists=True)
2026-04-23 21:08:53,740 - INFO - run_attention_stacking - saved meta_model_lightgbm: /home/shuora/Traffic/FusionModel/outputs/mta_multiclass/attention_stacking/attention_stacking_20260423_183745/meta_model_lightgbm.pkl (exists=True)
2026-04-23 21:14:28,036 - INFO - run_attention_stacking - [attention_stacking_catboost] acc=0.9294 macro_f1=0.9294
2026-04-23 21:14:28,037 - INFO - run_attention_stacking - [attention_stacking_catboost] 分类报告:
              precision    recall  f1-score   support

           0     0.9266    0.9655    0.9456      2000
           1     0.8534    0.8880    0.8704      2000
           2     0.9925    0.9865    0.9895      2000
           3     0.9223    0.8610    0.8906      2000
           4     0.9419    0.9485    0.9452      2000
           5     0.9022    0.8990    0.9006      2000
           6     0.9706    0.9575    0.9640      2000

    accuracy                         0.9294     14000
   macro avg     0.9299    0.9294    0.9294     14000
weighted avg     0.9299    0.9294    0.9294     14000

2026-04-23 21:14:28,037 - INFO - run_attention_stacking - [attention_stacking_catboost] 混淆矩阵:
[[1931   19    1    9    6   21   13]
 [  45 1776    3   69   26   65   16]
 [   0    2 1973   10    5    7    3]
 [  39  136    3 1722   36   53   11]
 [  15   24    3   22 1897   33    6]
 [  35  110    3   19   26 1798    9]
 [  19   14    2   16   18   16 1915]]
2026-04-23 21:14:28,122 - INFO - run_attention_stacking - saved confusion_matrix_catboost: /home/shuora/Traffic/FusionModel/outputs/mta_multiclass/attention_stacking/attention_stacking_20260423_183745/confusion_matrix_catboost.png (exists=True)
2026-04-23 21:14:28,122 - INFO - run_attention_stacking - saved report_catboost: /home/shuora/Traffic/FusionModel/outputs/mta_multiclass/attention_stacking/attention_stacking_20260423_183745/report_catboost.md (exists=True)
2026-04-23 21:14:28,126 - INFO - run_attention_stacking - saved meta_model_catboost: /home/shuora/Traffic/FusionModel/outputs/mta_multiclass/attention_stacking/attention_stacking_20260423_183745/meta_model_catboost.pkl (exists=True)
2026-04-23 21:15:04,742 - INFO - run_attention_stacking - saved confusion_matrix_two_level_blender: /home/shuora/Traffic/FusionModel/outputs/mta_multiclass/attention_stacking/attention_stacking_20260423_183745/confusion_matrix_two_level_blender.png (exists=True)
2026-04-23 21:15:04,742 - INFO - run_attention_stacking - saved report_two_level_blender: /home/shuora/Traffic/FusionModel/outputs/mta_multiclass/attention_stacking/attention_stacking_20260423_183745/report_two_level_blender.md (exists=True)
2026-04-23 21:15:04,755 - INFO - run_attention_stacking - [attention_stacking_two_level_blender] acc=0.9501 macro_f1=0.9503 oof_macro_f1=0.9263
2026-04-23 21:15:05,030 - INFO - run_attention_stacking - [attention_stacking_soft_voting] acc=0.9709 macro_f1=0.9709
2026-04-23 21:15:05,030 - INFO - run_attention_stacking - [attention_stacking_soft_voting] 分类报告:
              precision    recall  f1-score   support

           0     0.9598    0.9910    0.9752      2000
           1     0.9408    0.9540    0.9474      2000
           2     0.9965    0.9955    0.9960      2000
           3     0.9685    0.9365    0.9522      2000
           4     0.9828    0.9740    0.9784      2000
           5     0.9582    0.9625    0.9603      2000
           6     0.9909    0.9830    0.9869      2000

    accuracy                         0.9709     14000
   macro avg     0.9711    0.9709    0.9709     14000
weighted avg     0.9711    0.9709    0.9709     14000

2026-04-23 21:15:05,030 - INFO - run_attention_stacking - [attention_stacking_soft_voting] 混淆矩阵:
[[1982    4    0    3    1    8    2]
 [  27 1908    2   27   11   21    4]
 [   0    0 1991    3    0    5    1]
 [  25   61    0 1873   11   24    6]
 [   4   13    3    9 1948   20    3]
 [  17   37    1    9    9 1925    2]
 [  10    5    1   10    2    6 1966]]
2026-04-23 21:15:05,139 - INFO - run_attention_stacking - saved confusion_matrix_soft_voting: /home/shuora/Traffic/FusionModel/outputs/mta_multiclass/attention_stacking/attention_stacking_20260423_183745/confusion_matrix_soft_voting.png (exists=True)
2026-04-23 21:15:05,140 - INFO - run_attention_stacking - saved report_soft_voting: /home/shuora/Traffic/FusionModel/outputs/mta_multiclass/attention_stacking/attention_stacking_20260423_183745/report_soft_voting.md (exists=True)
2026-04-23 21:15:05,386 - INFO - run_attention_stacking - saved model_base: /home/shuora/Traffic/FusionModel/outputs/mta_multiclass/attention_stacking/attention_stacking_20260423_183745/fusion_model_base.pth (exists=True)
2026-04-23 21:15:05,388 - INFO - run_attention_stacking - saved metrics_json: /home/shuora/Traffic/FusionModel/outputs/mta_multiclass/attention_stacking/attention_stacking_20260423_183745/metrics.json (exists=True)
2026-04-23 21:15:05,388 - INFO - run_attention_stacking - saved epoch_metrics_csv: /home/shuora/Traffic/FusionModel/outputs/mta_multiclass/attention_stacking/attention_stacking_20260423_183745/epoch_metrics.csv (exists=True)
2026-04-23 21:15:05,388 - INFO - run_attention_stacking - done stacking: run_dir=/home/shuora/Traffic/FusionModel/outputs/mta_multiclass/attention_stacking/attention_stacking_20260423_183745 log=/home/shuora/Traffic/FusionModel/outputs/mta_multiclass/attention_stacking/attention_stacking_20260423_183745/train.log
