2026-04-02 13:21:42,110 - INFO - run_attention_stacking - start stacking: base=attention output_root=/home/shuora/Traffic/FusionModel/outputs/binary_benign_vs_malicious/attention_stacking run_dir=/home/shuora/Traffic/FusionModel/outputs/binary_benign_vs_malicious/attention_stacking/attention_stacking_20260402_132142
2026-04-02 13:21:42,110 - INFO - fusion_common - 加载融合数据 - 图像目录: /home/shuora/Traffic/FusionModel/ProcessedData/binary_benign_vs_malicious/image_data/Train, Pcap目录: /home/shuora/Traffic/FusionModel/ProcessedData/binary_benign_vs_malicious/pcap_data/Train
2026-04-02 13:21:43,232 - INFO - fusion_common - 融合索引缓存命中: /home/shuora/Traffic/FusionModel/ProcessedData/binary_benign_vs_malicious/image_data/Train/.fusion_index_cache_v1_homeshuoratrafficfusionmodel_homeshuoratrafficfusionmodel.json, 样本数: 508809
2026-04-02 13:21:43,253 - INFO - fusion_common - 融合数据加载完成，类别数: 2, 样本总数: 508809
2026-04-02 13:21:43,253 - INFO - fusion_common - 加载融合数据 - 图像目录: /home/shuora/Traffic/FusionModel/ProcessedData/binary_benign_vs_malicious/image_data/Test, Pcap目录: /home/shuora/Traffic/FusionModel/ProcessedData/binary_benign_vs_malicious/pcap_data/Test
2026-04-02 13:21:43,386 - INFO - fusion_common - 融合索引缓存命中: /home/shuora/Traffic/FusionModel/ProcessedData/binary_benign_vs_malicious/image_data/Test/.fusion_index_cache_v1_homeshuoratrafficfusionmodel_homeshuoratrafficfusionmodel.json, 样本数: 127203
2026-04-02 13:21:43,392 - INFO - fusion_common - 融合数据加载完成，类别数: 2, 样本总数: 127203
2026-04-02 13:21:43,392 - INFO - fusion_common - 初始化融合模型，融合模式: attention
2026-04-02 13:21:43,466 - INFO - fusion_common - 融合模型初始化完成，分类头设置为 2 个类别
2026-04-02 13:21:43,466 - INFO - fusion_common - 开始训练融合模型
2026-04-02 13:21:43,466 - INFO - fusion_common - 训练参数 - Epochs: 32, Learning Rate: 0.0003, Early Stopping Patience: 4
2026-04-02 13:21:43,466 - INFO - fusion_common - 训练策略 - class_balance: none, loss_type: ce, focal_gamma: 2.000, weight_decay: 0.000100, label_smoothing: 0.0000, early_stop_metric: val_loss, lr_scheduler: reduce, val_every: 1
2026-04-02 13:21:43,466 - INFO - fusion_common - 训练保护 - grad_clip_norm: 1.000, max_consecutive_invalid_batches: 128
2026-04-02 13:21:43,466 - INFO - fusion_common - DataLoader参数 - train_batches: 15900, val_batches: 3976, batch_size: 32, num_workers: 4, pin_memory: True
2026-04-02 13:21:43,770 - INFO - fusion_common - Epoch 1/32
2026-04-02 13:22:17,366 - WARNING - fusion_common - 梯度无效（NaN/Inf），跳过该 batch: epoch=1 batch=1/15900
2026-04-02 13:22:17,477 - WARNING - fusion_common - 梯度无效（NaN/Inf），跳过该 batch: epoch=1 batch=2/15900
2026-04-02 13:22:18,702 - WARNING - fusion_common - 梯度无效（NaN/Inf），跳过该 batch: epoch=1 batch=7/15900
2026-04-02 13:22:19,821 - WARNING - fusion_common - 梯度无效（NaN/Inf），跳过该 batch: epoch=1 batch=12/15900
2026-04-02 13:22:22,091 - WARNING - fusion_common - 梯度无效（NaN/Inf），跳过该 batch: epoch=1 batch=22/15900
2026-04-02 13:22:25,025 - WARNING - fusion_common - 梯度无效（NaN/Inf），跳过该 batch: epoch=1 batch=35/15900
2026-04-02 13:45:24,885 - WARNING - fusion_common - 梯度无效（NaN/Inf），跳过该 batch: epoch=1 batch=6040/15900
2026-04-02 14:02:08,749 - WARNING - fusion_common - 梯度无效（NaN/Inf），跳过该 batch: epoch=1 batch=11445/15900
2026-04-02 14:18:30,984 - INFO - fusion_common - Epoch 1 结果: 训练 Loss: 0.0723, 训练 Acc: 0.9785, 训练 F1: 0.9740 | 验证 Loss: 0.0730, 验证 Acc: 0.9832, 验证 F1: 0.9796
2026-04-02 14:18:31,020 - INFO - fusion_common - 早停计数器: 0/4
2026-04-02 14:18:31,024 - INFO - fusion_common - 当前学习率: 0.00030000
2026-04-02 14:18:31,025 - INFO - fusion_common - Epoch 2/32
2026-04-02 14:32:19,319 - WARNING - fusion_common - 梯度无效（NaN/Inf），跳过该 batch: epoch=2 batch=3972/15900
2026-04-02 14:42:57,025 - WARNING - fusion_common - 梯度无效（NaN/Inf），跳过该 batch: epoch=2 batch=7378/15900
2026-04-02 14:49:00,319 - WARNING - fusion_common - 梯度无效（NaN/Inf），跳过该 batch: epoch=2 batch=10320/15900
2026-04-02 14:54:01,385 - WARNING - fusion_common - 梯度无效（NaN/Inf），跳过该 batch: epoch=2 batch=12763/15900
2026-04-02 15:01:45,267 - INFO - fusion_common - Epoch 2 结果: 训练 Loss: 0.0476, 训练 Acc: 0.9864, 训练 F1: 0.9836 | 验证 Loss: 0.0471, 验证 Acc: 0.9872, 验证 F1: 0.9846
2026-04-02 15:01:45,290 - INFO - fusion_common - 早停计数器: 0/4
2026-04-02 15:01:45,290 - INFO - fusion_common - 当前学习率: 0.00030000
2026-04-02 15:01:45,290 - INFO - fusion_common - Epoch 3/32
2026-04-02 15:02:27,966 - WARNING - fusion_common - 梯度无效（NaN/Inf），跳过该 batch: epoch=3 batch=379/15900
2026-04-02 15:06:41,467 - WARNING - fusion_common - 梯度无效（NaN/Inf），跳过该 batch: epoch=3 batch=2505/15900
2026-04-02 15:10:52,931 - WARNING - fusion_common - 梯度无效（NaN/Inf），跳过该 batch: epoch=3 batch=4574/15900
2026-04-02 15:14:58,701 - WARNING - fusion_common - 梯度无效（NaN/Inf），跳过该 batch: epoch=3 batch=6623/15900
2026-04-02 15:16:42,984 - WARNING - fusion_common - 梯度无效（NaN/Inf），跳过该 batch: epoch=3 batch=7394/15900
2026-04-02 15:25:13,785 - WARNING - fusion_common - 梯度无效（NaN/Inf），跳过该 batch: epoch=3 batch=11700/15900
2026-04-02 15:29:13,133 - WARNING - fusion_common - 梯度无效（NaN/Inf），跳过该 batch: epoch=3 batch=13715/15900
2026-04-02 15:33:22,968 - WARNING - fusion_common - 梯度无效（NaN/Inf），跳过该 batch: epoch=3 batch=15812/15900
2026-04-02 15:34:50,661 - INFO - fusion_common - Epoch 3 结果: 训练 Loss: 0.0435, 训练 Acc: 0.9878, 训练 F1: 0.9853 | 验证 Loss: 0.0404, 验证 Acc: 0.9883, 验证 F1: 0.9860
2026-04-02 15:34:50,680 - INFO - fusion_common - 早停计数器: 0/4
2026-04-02 15:34:50,680 - INFO - fusion_common - 当前学习率: 0.00030000
2026-04-02 15:34:50,680 - INFO - fusion_common - Epoch 4/32
2026-04-02 16:08:22,745 - INFO - fusion_common - Epoch 4 结果: 训练 Loss: 0.0413, 训练 Acc: 0.9883, 训练 F1: 0.9859 | 验证 Loss: 0.0431, 验证 Acc: 0.9885, 验证 F1: 0.9862
2026-04-02 16:08:22,747 - INFO - fusion_common - 早停计数器: 1/4
2026-04-02 16:08:22,747 - INFO - fusion_common - 当前学习率: 0.00030000
2026-04-02 16:08:22,747 - INFO - fusion_common - Epoch 5/32
2026-04-02 16:41:56,390 - INFO - fusion_common - Epoch 5 结果: 训练 Loss: 0.0403, 训练 Acc: 0.9887, 训练 F1: 0.9863 | 验证 Loss: 0.0484, 验证 Acc: 0.9883, 验证 F1: 0.9859
2026-04-02 16:41:56,393 - INFO - fusion_common - 早停计数器: 2/4
2026-04-02 16:41:56,393 - INFO - fusion_common - 当前学习率: 0.00030000
2026-04-02 16:41:56,393 - INFO - fusion_common - Epoch 6/32
2026-04-02 17:14:49,061 - INFO - fusion_common - Epoch 6 结果: 训练 Loss: 0.0388, 训练 Acc: 0.9892, 训练 F1: 0.9869 | 验证 Loss: 0.0448, 验证 Acc: 0.9890, 验证 F1: 0.9867
2026-04-02 17:14:49,063 - INFO - fusion_common - 早停计数器: 3/4
2026-04-02 17:14:49,063 - INFO - fusion_common - 当前学习率: 0.00015000
2026-04-02 17:14:49,063 - INFO - fusion_common - Epoch 7/32
2026-04-02 17:47:53,469 - INFO - fusion_common - Epoch 7 结果: 训练 Loss: 0.0334, 训练 Acc: 0.9908, 训练 F1: 0.9889 | 验证 Loss: 0.0391, 验证 Acc: 0.9903, 验证 F1: 0.9884
2026-04-02 17:47:53,491 - INFO - fusion_common - 早停计数器: 0/4
2026-04-02 17:47:53,492 - INFO - fusion_common - 当前学习率: 0.00015000
2026-04-02 17:47:53,492 - INFO - fusion_common - Epoch 8/32
2026-04-02 18:21:21,429 - INFO - fusion_common - Epoch 8 结果: 训练 Loss: 0.0323, 训练 Acc: 0.9911, 训练 F1: 0.9893 | 验证 Loss: 0.0421, 验证 Acc: 0.9907, 验证 F1: 0.9888
2026-04-02 18:21:21,430 - INFO - fusion_common - 早停计数器: 1/4
2026-04-02 18:21:21,430 - INFO - fusion_common - 当前学习率: 0.00015000
2026-04-02 18:21:21,430 - INFO - fusion_common - Epoch 9/32
2026-04-02 18:54:32,688 - INFO - fusion_common - Epoch 9 结果: 训练 Loss: 0.0314, 训练 Acc: 0.9914, 训练 F1: 0.9897 | 验证 Loss: 0.0412, 验证 Acc: 0.9903, 验证 F1: 0.9884
2026-04-02 18:54:32,690 - INFO - fusion_common - 早停计数器: 2/4
2026-04-02 18:54:32,690 - INFO - fusion_common - 当前学习率: 0.00015000
2026-04-02 18:54:32,691 - INFO - fusion_common - Epoch 10/32
2026-04-02 19:27:51,847 - INFO - fusion_common - Epoch 10 结果: 训练 Loss: 0.0309, 训练 Acc: 0.9916, 训练 F1: 0.9899 | 验证 Loss: 0.0419, 验证 Acc: 0.9903, 验证 F1: 0.9883
2026-04-02 19:27:51,850 - INFO - fusion_common - 早停计数器: 3/4
2026-04-02 19:27:51,850 - INFO - fusion_common - 当前学习率: 0.00007500
2026-04-02 19:27:51,850 - INFO - fusion_common - Epoch 11/32
2026-04-02 20:01:23,274 - INFO - fusion_common - Epoch 11 结果: 训练 Loss: 0.0285, 训练 Acc: 0.9923, 训练 F1: 0.9907 | 验证 Loss: 0.0380, 验证 Acc: 0.9911, 验证 F1: 0.9893
2026-04-02 20:01:23,298 - INFO - fusion_common - 早停计数器: 0/4
2026-04-02 20:01:23,298 - INFO - fusion_common - 当前学习率: 0.00007500
2026-04-02 20:01:23,298 - INFO - fusion_common - Epoch 12/32
2026-04-02 20:34:46,823 - INFO - fusion_common - Epoch 12 结果: 训练 Loss: 0.0277, 训练 Acc: 0.9925, 训练 F1: 0.9909 | 验证 Loss: 0.0431, 验证 Acc: 0.9910, 验证 F1: 0.9891
2026-04-02 20:34:46,829 - INFO - fusion_common - 早停计数器: 1/4
2026-04-02 20:34:46,830 - INFO - fusion_common - 当前学习率: 0.00007500
2026-04-02 20:34:46,830 - INFO - fusion_common - Epoch 13/32
2026-04-02 21:08:17,824 - INFO - fusion_common - Epoch 13 结果: 训练 Loss: 0.0274, 训练 Acc: 0.9926, 训练 F1: 0.9911 | 验证 Loss: 0.0396, 验证 Acc: 0.9911, 验证 F1: 0.9893
2026-04-02 21:08:17,827 - INFO - fusion_common - 早停计数器: 2/4
2026-04-02 21:08:17,827 - INFO - fusion_common - 当前学习率: 0.00007500
2026-04-02 21:08:17,827 - INFO - fusion_common - Epoch 14/32
2026-04-02 21:42:07,044 - INFO - fusion_common - Epoch 14 结果: 训练 Loss: 0.0269, 训练 Acc: 0.9927, 训练 F1: 0.9913 | 验证 Loss: 0.0398, 验证 Acc: 0.9912, 验证 F1: 0.9894
2026-04-02 21:42:07,051 - INFO - fusion_common - 早停计数器: 3/4
2026-04-02 21:42:07,051 - INFO - fusion_common - 当前学习率: 0.00003750
2026-04-02 21:42:07,051 - INFO - fusion_common - Epoch 15/32
2026-04-02 22:15:31,143 - INFO - fusion_common - Epoch 15 结果: 训练 Loss: 0.0257, 训练 Acc: 0.9931, 训练 F1: 0.9916 | 验证 Loss: 0.0396, 验证 Acc: 0.9914, 验证 F1: 0.9897
2026-04-02 22:15:31,163 - INFO - fusion_common - 早停计数器: 4/4
2026-04-02 22:15:31,164 - INFO - fusion_common - 当前学习率: 0.00003750
2026-04-02 22:15:31,164 - INFO - fusion_common - 早停机制触发，在第 15 轮后停止训练
2026-04-02 22:15:31,164 - INFO - fusion_common - 融合模型训练完成
2026-04-02 22:15:34,001 - INFO - run_attention_stacking - [AttentionDiag] mean=0.001276 min=0.000000 max=0.036964 entropy=4.2799 top1=0.0174 top5=0.0864 top10=0.1722 nonpad_mass=1.0000 pad_mass=0.0000 nonpad_frac=0.1443
2026-04-02 22:15:34,558 - INFO - run_attention_stacking - [AttentionDiag] saved attention curve: /home/shuora/Traffic/FusionModel/outputs/binary_benign_vs_malicious/attention_stacking/attention_stacking_20260402_132142/attention_curve.png
2026-04-02 22:15:34,559 - INFO - run_attention_stacking - saved attention_curve: /home/shuora/Traffic/FusionModel/outputs/binary_benign_vs_malicious/attention_stacking/attention_stacking_20260402_132142/attention_curve.png (exists=True)
2026-04-02 22:15:34,703 - INFO - run_attention_stacking - saved metrics_curve: /home/shuora/Traffic/FusionModel/outputs/binary_benign_vs_malicious/attention_stacking/attention_stacking_20260402_132142/metrics_curve.png (exists=True)
2026-04-02 22:16:55,325 - INFO - run_attention_stacking - saved confusion_matrix: /home/shuora/Traffic/FusionModel/outputs/binary_benign_vs_malicious/attention_stacking/attention_stacking_20260402_132142/confusion_matrix.png (exists=True)
2026-04-02 22:16:55,325 - INFO - run_attention_stacking - saved report: /home/shuora/Traffic/FusionModel/outputs/binary_benign_vs_malicious/attention_stacking/attention_stacking_20260402_132142/report.md (exists=True)
2026-04-02 22:23:00,330 - INFO - run_attention_stacking - [attention_stacking_xgboost] acc=0.9912 macro_f1=0.9894
2026-04-02 22:23:00,331 - INFO - run_attention_stacking - [attention_stacking_xgboost] 分类报告:
              precision    recall  f1-score   support

           0     0.9770    0.9933    0.9851     37166
           1     0.9972    0.9903    0.9938     90037

    accuracy                         0.9912    127203
   macro avg     0.9871    0.9918    0.9894    127203
weighted avg     0.9913    0.9912    0.9912    127203

2026-04-02 22:23:00,331 - INFO - run_attention_stacking - [attention_stacking_xgboost] 混淆矩阵:
[[36917   249]
 [  870 89167]]
2026-04-02 22:23:00,411 - INFO - run_attention_stacking - saved confusion_matrix_xgboost: /home/shuora/Traffic/FusionModel/outputs/binary_benign_vs_malicious/attention_stacking/attention_stacking_20260402_132142/confusion_matrix_xgboost.png (exists=True)
2026-04-02 22:23:00,411 - INFO - run_attention_stacking - saved report_xgboost: /home/shuora/Traffic/FusionModel/outputs/binary_benign_vs_malicious/attention_stacking/attention_stacking_20260402_132142/report_xgboost.md (exists=True)
2026-04-02 22:23:00,413 - INFO - run_attention_stacking - saved meta_model_xgboost: /home/shuora/Traffic/FusionModel/outputs/binary_benign_vs_malicious/attention_stacking/attention_stacking_20260402_132142/meta_model_xgboost.pkl (exists=True)
2026-04-02 22:23:00,614 - INFO - run_attention_stacking - saved model_base: /home/shuora/Traffic/FusionModel/outputs/binary_benign_vs_malicious/attention_stacking/attention_stacking_20260402_132142/fusion_model_base.pth (exists=True)
2026-04-02 22:23:00,615 - INFO - run_attention_stacking - saved metrics_json: /home/shuora/Traffic/FusionModel/outputs/binary_benign_vs_malicious/attention_stacking/attention_stacking_20260402_132142/metrics.json (exists=True)
2026-04-02 22:23:00,615 - INFO - run_attention_stacking - saved epoch_metrics_csv: /home/shuora/Traffic/FusionModel/outputs/binary_benign_vs_malicious/attention_stacking/attention_stacking_20260402_132142/epoch_metrics.csv (exists=True)
2026-04-02 22:23:00,615 - INFO - run_attention_stacking - done stacking: run_dir=/home/shuora/Traffic/FusionModel/outputs/binary_benign_vs_malicious/attention_stacking/attention_stacking_20260402_132142 log=/home/shuora/Traffic/FusionModel/outputs/binary_benign_vs_malicious/attention_stacking/attention_stacking_20260402_132142/train.log
