D:\Programming\Anaconda\envs\ViT\python.exe D:\Repositories\Traffic\VIT-CNN\model.py
WARNING: WinPcap is now deprecated (not maintained). Please use Npcap instead
2025-10-25 22:01:22,268 - __main__ - INFO - 开始执行主函数，参数如下:
2025-10-25 22:01:22,268 - __main__ - INFO -   模型类型: vit
2025-10-25 22:01:22,268 - __main__ - INFO -   预训练: False
2025-10-25 22:01:22,268 - __main__ - INFO -   训练轮数: 10
2025-10-25 22:01:22,268 - __main__ - INFO -   PCAP转换: False
2025-10-25 22:01:22,268 - __main__ - INFO -   微调: False
2025-10-25 22:01:22,268 - __main__ - INFO -   本地模型路径: ./vit-base-patch16-224-in21k
2025-10-25 22:01:22,268 - __main__ - INFO - 正在初始化 vit 模型
2025-10-25 22:01:22,268 - __main__ - INFO - 初始化 MalwareViT 模型
2025-10-25 22:01:22,268 - __main__ - INFO - 类别数量: 10
2025-10-25 22:01:22,268 - __main__ - INFO - 本地模型路径: ./vit-base-patch16-224-in21k
2025-10-25 22:01:22,268 - __main__ - INFO - 从本地路径加载 ViT 模型: ./vit-base-patch16-224-in21k
2025-10-25 22:01:22,332 - __main__ - INFO - 成功从本地路径加载 ViT 模型
2025-10-25 22:01:22,336 - __main__ - INFO - MalwareViT 模型初始化完成
2025-10-25 22:01:22,336 - __main__ - INFO - 冻结 ViT 主干网络
2025-10-25 22:01:22,337 - __main__ - INFO - ViT 主干网络已冻结
2025-10-25 22:01:22,337 - __main__ - INFO - 模型初始化成功: MalwareViT
2025-10-25 22:01:22,337 - __main__ - INFO - 使用损失函数: CrossEntropyLoss
2025-10-25 22:01:22,337 - __main__ - INFO - 优化器和学习率调度器初始化完成
加载数据集 Train: 100%|██████████| 10/10 [00:00<00:00, 67.79it/s]
2025-10-25 22:01:22,489 - __main__ - INFO - 加载了 63119 张图像从 ./data/Train
2025-10-25 22:01:22,510 - __main__ - INFO - 类别分布: {0: 7377, 1: 6021, 2: 5357, 3: 4457, 4: 7583, 5: 5430, 6: 8618, 7: 7654, 8: 5524, 9: 5098}
加载数据集 Test: 100%|██████████| 10/10 [00:00<00:00, 625.03it/s]
2025-10-25 22:01:22,529 - __main__ - INFO - 加载了 7012 张图像从 ./data/Test
2025-10-25 22:01:22,530 - __main__ - INFO - 类别分布: {0: 820, 1: 669, 2: 595, 3: 495, 4: 842, 5: 603, 6: 958, 7: 850, 8: 614, 9: 566}
2025-10-25 22:01:22,530 - __main__ - INFO - 数据加载器创建完成，批大小: 32
2025-10-25 22:01:22,530 - __main__ - INFO - 训练集大小: 63119
2025-10-25 22:01:22,530 - __main__ - INFO - 测试集大小: 7012
2025-10-25 22:01:23,563 - __main__ - INFO - 模型已移动到设备: cuda
2025-10-25 22:01:23,564 - __main__ - INFO - 开始训练第 1/10 轮
训练 [Epoch 1/10]: 100%|██████████| 1973/1973 [07:57<00:00,  4.13it/s, Loss=1.4795, Acc=84.27%]
2025-10-25 22:09:21,417 - __main__ - INFO - 第 1 轮 - 训练损失: 1.6212, 训练准确率: 84.27%
2025-10-25 22:09:21,420 - __main__ - INFO - 开始模型评估
2025-10-25 22:09:21,420 - __main__ - INFO - 使用设备: cuda
2025-10-25 22:09:21,420 - __main__ - INFO - 使用损失函数: CrossEntropyLoss
2025-10-25 22:09:21,422 - __main__ - INFO - 模型设置为评估模式
2025-10-25 22:09:21,423 - __main__ - INFO - 开始评估循环
评估: 100%|██████████| 220/220 [00:57<00:00,  3.83it/s, Loss=1.4612, Acc=89.59%]
2025-10-25 22:10:18,844 - __main__ - INFO - 模型恢复为训练模式
2025-10-25 22:10:18,844 - __main__ - INFO - 评估完成 - 平均损失: 1.5658, 准确率: 89.59%
2025-10-25 22:10:18,846 - __main__ - INFO - 第 1 轮 - 验证损失: 1.5658, 验证准确率: 89.59%
2025-10-25 22:10:18,846 - __main__ - INFO - 第 1 轮完成，当前学习率: 0.001
2025-10-25 22:10:18,846 - __main__ - INFO - 新的最佳验证准确率: 89.59% (之前: 0.00%)
2025-10-25 22:10:19,278 - __main__ - INFO - 最佳模型已保存
2025-10-25 22:10:19,278 - __main__ - INFO - 开始训练第 2/10 轮
训练 [Epoch 2/10]: 100%|██████████| 1973/1973 [08:31<00:00,  3.86it/s, Loss=1.6699, Acc=89.16%]
2025-10-25 22:18:50,643 - __main__ - INFO - 第 2 轮 - 训练损失: 1.5698, 训练准确率: 89.16%
2025-10-25 22:18:50,643 - __main__ - INFO - 开始模型评估
2025-10-25 22:18:50,643 - __main__ - INFO - 使用设备: cuda
2025-10-25 22:18:50,643 - __main__ - INFO - 使用损失函数: CrossEntropyLoss
2025-10-25 22:18:50,644 - __main__ - INFO - 模型设置为评估模式
2025-10-25 22:18:50,644 - __main__ - INFO - 开始评估循环
评估: 100%|██████████| 220/220 [00:53<00:00,  4.14it/s, Loss=1.4612, Acc=90.67%]
2025-10-25 22:19:43,746 - __main__ - INFO - 模型恢复为训练模式
2025-10-25 22:19:43,746 - __main__ - INFO - 评估完成 - 平均损失: 1.5547, 准确率: 90.67%
2025-10-25 22:19:43,747 - __main__ - INFO - 第 2 轮 - 验证损失: 1.5547, 验证准确率: 90.67%
2025-10-25 22:19:43,747 - __main__ - INFO - 第 2 轮完成，当前学习率: 0.0001
2025-10-25 22:19:43,747 - __main__ - INFO - 新的最佳验证准确率: 90.67% (之前: 89.59%)
2025-10-25 22:19:44,032 - __main__ - INFO - 最佳模型已保存
2025-10-25 22:19:44,032 - __main__ - INFO - 开始训练第 3/10 轮
训练 [Epoch 3/10]: 100%|██████████| 1973/1973 [08:18<00:00,  3.96it/s, Loss=1.5278, Acc=91.14%]
2025-10-25 22:28:02,687 - __main__ - INFO - 第 3 轮 - 训练损失: 1.5496, 训练准确率: 91.14%
2025-10-25 22:28:02,688 - __main__ - INFO - 开始模型评估
2025-10-25 22:28:02,688 - __main__ - INFO - 使用设备: cuda
2025-10-25 22:28:02,688 - __main__ - INFO - 使用损失函数: CrossEntropyLoss
2025-10-25 22:28:02,689 - __main__ - INFO - 模型设置为评估模式
2025-10-25 22:28:02,689 - __main__ - INFO - 开始评估循环
评估: 100%|██████████| 220/220 [00:50<00:00,  4.40it/s, Loss=1.4612, Acc=91.67%]
2025-10-25 22:28:52,703 - __main__ - INFO - 模型恢复为训练模式
2025-10-25 22:28:52,703 - __main__ - INFO - 评估完成 - 平均损失: 1.5447, 准确率: 91.67%
2025-10-25 22:28:52,704 - __main__ - INFO - 第 3 轮 - 验证损失: 1.5447, 验证准确率: 91.67%
2025-10-25 22:28:52,705 - __main__ - INFO - 第 3 轮完成，当前学习率: 0.0001
2025-10-25 22:28:52,705 - __main__ - INFO - 新的最佳验证准确率: 91.67% (之前: 90.67%)
2025-10-25 22:28:53,011 - __main__ - INFO - 最佳模型已保存
2025-10-25 22:28:53,011 - __main__ - INFO - 开始训练第 4/10 轮
训练 [Epoch 4/10]: 100%|██████████| 1973/1973 [06:44<00:00,  4.87it/s, Loss=1.4672, Acc=91.63%]
2025-10-25 22:35:37,829 - __main__ - INFO - 第 4 轮 - 训练损失: 1.5453, 训练准确率: 91.63%
2025-10-25 22:35:37,829 - __main__ - INFO - 开始模型评估
2025-10-25 22:35:37,829 - __main__ - INFO - 使用设备: cuda
2025-10-25 22:35:37,829 - __main__ - INFO - 使用损失函数: CrossEntropyLoss
2025-10-25 22:35:37,829 - __main__ - INFO - 模型设置为评估模式
2025-10-25 22:35:37,829 - __main__ - INFO - 开始评估循环
评估: 100%|██████████| 220/220 [00:44<00:00,  4.95it/s, Loss=1.4612, Acc=91.94%]
2025-10-25 22:36:22,280 - __main__ - INFO - 模型恢复为训练模式
2025-10-25 22:36:22,280 - __main__ - INFO - 评估完成 - 平均损失: 1.5429, 准确率: 91.94%
2025-10-25 22:36:22,281 - __main__ - INFO - 第 4 轮 - 验证损失: 1.5429, 验证准确率: 91.94%
2025-10-25 22:36:22,281 - __main__ - INFO - 第 4 轮完成，当前学习率: 1e-05
2025-10-25 22:36:22,281 - __main__ - INFO - 新的最佳验证准确率: 91.94% (之前: 91.67%)
2025-10-25 22:36:22,590 - __main__ - INFO - 最佳模型已保存
2025-10-25 22:36:22,590 - __main__ - INFO - 开始训练第 5/10 轮
训练 [Epoch 5/10]: 100%|██████████| 1973/1973 [06:48<00:00,  4.83it/s, Loss=1.5121, Acc=91.96%]
2025-10-25 22:43:10,886 - __main__ - INFO - 第 5 轮 - 训练损失: 1.5424, 训练准确率: 91.96%
2025-10-25 22:43:10,886 - __main__ - INFO - 开始模型评估
2025-10-25 22:43:10,886 - __main__ - INFO - 使用设备: cuda
2025-10-25 22:43:10,886 - __main__ - INFO - 使用损失函数: CrossEntropyLoss
2025-10-25 22:43:10,888 - __main__ - INFO - 模型设置为评估模式
2025-10-25 22:43:10,888 - __main__ - INFO - 开始评估循环
评估: 100%|██████████| 220/220 [00:44<00:00,  4.94it/s, Loss=1.4612, Acc=92.04%]
2025-10-25 22:43:55,416 - __main__ - INFO - 模型恢复为训练模式
2025-10-25 22:43:55,416 - __main__ - INFO - 评估完成 - 平均损失: 1.5414, 准确率: 92.04%
2025-10-25 22:43:55,418 - __main__ - INFO - 第 5 轮 - 验证损失: 1.5414, 验证准确率: 92.04%
2025-10-25 22:43:55,418 - __main__ - INFO - 第 5 轮完成，当前学习率: 1e-05
2025-10-25 22:43:55,418 - __main__ - INFO - 新的最佳验证准确率: 92.04% (之前: 91.94%)
2025-10-25 22:43:55,716 - __main__ - INFO - 最佳模型已保存
2025-10-25 22:43:55,716 - __main__ - INFO - 开始训练第 6/10 轮
训练 [Epoch 6/10]: 100%|██████████| 1973/1973 [06:49<00:00,  4.81it/s, Loss=1.5621, Acc=92.02%]
2025-10-25 22:50:45,708 - __main__ - INFO - 第 6 轮 - 训练损失: 1.5418, 训练准确率: 92.02%
2025-10-25 22:50:45,710 - __main__ - INFO - 开始模型评估
2025-10-25 22:50:45,710 - __main__ - INFO - 使用设备: cuda
2025-10-25 22:50:45,710 - __main__ - INFO - 使用损失函数: CrossEntropyLoss
2025-10-25 22:50:45,710 - __main__ - INFO - 模型设置为评估模式
2025-10-25 22:50:45,710 - __main__ - INFO - 开始评估循环
评估: 100%|██████████| 220/220 [00:44<00:00,  4.95it/s, Loss=1.4612, Acc=92.07%]
2025-10-25 22:51:30,202 - __main__ - INFO - 模型恢复为训练模式
2025-10-25 22:51:30,202 - __main__ - INFO - 评估完成 - 平均损失: 1.5412, 准确率: 92.07%
2025-10-25 22:51:30,204 - __main__ - INFO - 第 6 轮 - 验证损失: 1.5412, 验证准确率: 92.07%
2025-10-25 22:51:30,204 - __main__ - INFO - 第 6 轮完成，当前学习率: 1.0000000000000002e-06
2025-10-25 22:51:30,204 - __main__ - INFO - 新的最佳验证准确率: 92.07% (之前: 92.04%)
2025-10-25 22:51:30,484 - __main__ - INFO - 最佳模型已保存
2025-10-25 22:51:30,484 - __main__ - INFO - 开始训练第 7/10 轮
训练 [Epoch 7/10]: 100%|██████████| 1973/1973 [06:52<00:00,  4.78it/s, Loss=1.4612, Acc=92.07%]
2025-10-25 22:58:23,034 - __main__ - INFO - 第 7 轮 - 训练损失: 1.5414, 训练准确率: 92.07%
2025-10-25 22:58:23,034 - __main__ - INFO - 开始模型评估
2025-10-25 22:58:23,034 - __main__ - INFO - 使用设备: cuda
2025-10-25 22:58:23,034 - __main__ - INFO - 使用损失函数: CrossEntropyLoss
2025-10-25 22:58:23,034 - __main__ - INFO - 模型设置为评估模式
2025-10-25 22:58:23,034 - __main__ - INFO - 开始评估循环
评估: 100%|██████████| 220/220 [00:45<00:00,  4.87it/s, Loss=1.4612, Acc=92.07%]
2025-10-25 22:59:08,213 - __main__ - INFO - 模型恢复为训练模式
2025-10-25 22:59:08,213 - __main__ - INFO - 评估完成 - 平均损失: 1.5411, 准确率: 92.07%
2025-10-25 22:59:08,216 - __main__ - INFO - 第 7 轮 - 验证损失: 1.5411, 验证准确率: 92.07%
2025-10-25 22:59:08,216 - __main__ - INFO - 第 7 轮完成，当前学习率: 1.0000000000000002e-06
2025-10-25 22:59:08,216 - __main__ - INFO - 验证准确率已连续 1 轮无提升
2025-10-25 22:59:08,216 - __main__ - INFO - 开始训练第 8/10 轮
训练 [Epoch 8/10]: 100%|██████████| 1973/1973 [09:01<00:00,  3.65it/s, Loss=1.5278, Acc=92.08%]
2025-10-25 23:08:09,374 - __main__ - INFO - 第 8 轮 - 训练损失: 1.5414, 训练准确率: 92.08%
2025-10-25 23:08:09,440 - __main__ - INFO - 开始模型评估
2025-10-25 23:08:09,440 - __main__ - INFO - 使用设备: cuda
2025-10-25 23:08:09,440 - __main__ - INFO - 使用损失函数: CrossEntropyLoss
2025-10-25 23:08:09,440 - __main__ - INFO - 模型设置为评估模式
2025-10-25 23:08:09,440 - __main__ - INFO - 开始评估循环
评估: 100%|██████████| 220/220 [00:58<00:00,  3.74it/s, Loss=1.4612, Acc=92.07%]
2025-10-25 23:09:08,342 - __main__ - INFO - 模型恢复为训练模式
2025-10-25 23:09:08,345 - __main__ - INFO - 评估完成 - 平均损失: 1.5411, 准确率: 92.07%
2025-10-25 23:09:08,346 - __main__ - INFO - 第 8 轮 - 验证损失: 1.5411, 验证准确率: 92.07%
2025-10-25 23:09:08,347 - __main__ - INFO - 第 8 轮完成，当前学习率: 1.0000000000000002e-07
2025-10-25 23:09:08,347 - __main__ - INFO - 验证准确率已连续 2 轮无提升
2025-10-25 23:09:08,347 - __main__ - INFO - 触发早停机制
2025-10-25 23:09:08,347 - __main__ - INFO - 训练完成。最佳验证准确率: 92.07%

进程已结束，退出代码为 0
