2026-04-29 16:37:56,735 - INFO - run_weighted - start weighted: output_root=/home/shuora/Traffic/FusionModel/outputs/ustc_multiclass/ablation_weighted run_dir=/home/shuora/Traffic/FusionModel/outputs/ustc_multiclass/ablation_weighted/weighted_20260429_163756
2026-04-29 16:37:56,735 - INFO - run_weighted - config: fusion_mode=weighted use_temporal=True image_mode=rgb
2026-04-29 16:37:56,735 - INFO - fusion_common - 加载融合数据 - 图像目录: /home/shuora/Traffic/FusionModel/ProcessedData/ustc_multiclass/image_data/Train, Pcap目录: /home/shuora/Traffic/FusionModel/ProcessedData/ustc_multiclass/pcap_data/Train
2026-04-29 16:37:56,947 - INFO - fusion_common - 融合索引缓存命中: /home/shuora/Traffic/FusionModel/ProcessedData/ustc_multiclass/image_data/Train/.fusion_index_cache_v1_homeshuoratrafficfusionmodel_homeshuoratrafficfusionmodel.json, 样本数: 108033
2026-04-29 16:37:56,950 - INFO - fusion_common - 融合数据加载完成，类别数: 10, 样本总数: 108033
2026-04-29 16:37:56,951 - INFO - fusion_common - 加载融合数据 - 图像目录: /home/shuora/Traffic/FusionModel/ProcessedData/ustc_multiclass/image_data/Test, Pcap目录: /home/shuora/Traffic/FusionModel/ProcessedData/ustc_multiclass/pcap_data/Test
2026-04-29 16:37:57,058 - INFO - fusion_common - 融合索引缓存命中: /home/shuora/Traffic/FusionModel/ProcessedData/ustc_multiclass/image_data/Test/.fusion_index_cache_v1_homeshuoratrafficfusionmodel_homeshuoratrafficfusionmodel.json, 样本数: 27016
2026-04-29 16:37:57,060 - INFO - fusion_common - 融合数据加载完成，类别数: 10, 样本总数: 27016
2026-04-29 16:37:57,060 - INFO - fusion_common - 初始化融合模型，融合模式: weighted
2026-04-29 16:37:57,136 - INFO - fusion_common - 融合模型初始化完成，分类头设置为 10 个类别
2026-04-29 16:37:57,136 - INFO - fusion_common - 开始训练融合模型
2026-04-29 16:37:57,136 - INFO - fusion_common - 训练参数 - Epochs: 32, Learning Rate: 0.001, Early Stopping Patience: 4
2026-04-29 16:37:57,136 - INFO - fusion_common - 训练策略 - class_balance: none, loss_type: ce, focal_gamma: 2.000, weight_decay: 0.000100, label_smoothing: 0.0000, early_stop_metric: val_loss, lr_scheduler: reduce, val_every: 1
2026-04-29 16:37:57,136 - INFO - fusion_common - 训练保护 - grad_clip_norm: 1.000, max_consecutive_invalid_batches: 128
2026-04-29 16:37:57,136 - INFO - fusion_common - DataLoader参数 - train_batches: 3376, val_batches: 845, batch_size: 32, num_workers: 4, pin_memory: True
2026-04-29 16:37:57,386 - INFO - fusion_common - Epoch 1/32
2026-04-29 16:44:49,491 - INFO - fusion_common - Epoch 1 结果: 训练 Loss: 0.4462, 训练 Acc: 0.8444, 训练 F1: 0.8425 | 验证 Loss: 0.2108, 验证 Acc: 0.9279, 验证 F1: 0.9263
2026-04-29 16:44:49,516 - INFO - fusion_common - 早停计数器: 0/4
2026-04-29 16:44:49,516 - INFO - fusion_common - 当前学习率: 0.00100000
2026-04-29 16:44:49,517 - INFO - fusion_common - Epoch 2/32
2026-04-29 16:51:10,677 - INFO - fusion_common - Epoch 2 结果: 训练 Loss: 0.2123, 训练 Acc: 0.9318, 训练 F1: 0.9316 | 验证 Loss: 0.1992, 验证 Acc: 0.9471, 验证 F1: 0.9468
2026-04-29 16:51:10,694 - INFO - fusion_common - 早停计数器: 0/4
2026-04-29 16:51:10,694 - INFO - fusion_common - 当前学习率: 0.00100000
2026-04-29 16:51:10,694 - INFO - fusion_common - Epoch 3/32
2026-04-29 16:57:33,347 - INFO - fusion_common - Epoch 3 结果: 训练 Loss: 0.1613, 训练 Acc: 0.9496, 训练 F1: 0.9495 | 验证 Loss: 0.1446, 验证 Acc: 0.9605, 验证 F1: 0.9605
2026-04-29 16:57:33,365 - INFO - fusion_common - 早停计数器: 0/4
2026-04-29 16:57:33,365 - INFO - fusion_common - 当前学习率: 0.00100000
2026-04-29 16:57:33,365 - INFO - fusion_common - Epoch 4/32
2026-04-29 17:03:51,114 - INFO - fusion_common - Epoch 4 结果: 训练 Loss: 0.1366, 训练 Acc: 0.9580, 训练 F1: 0.9579 | 验证 Loss: 0.1079, 验证 Acc: 0.9665, 验证 F1: 0.9668
2026-04-29 17:03:51,133 - INFO - fusion_common - 早停计数器: 0/4
2026-04-29 17:03:51,133 - INFO - fusion_common - 当前学习率: 0.00100000
2026-04-29 17:03:51,133 - INFO - fusion_common - Epoch 5/32
2026-04-29 17:10:12,402 - INFO - fusion_common - Epoch 5 结果: 训练 Loss: 0.1193, 训练 Acc: 0.9635, 训练 F1: 0.9635 | 验证 Loss: 0.1451, 验证 Acc: 0.9657, 验证 F1: 0.9654
2026-04-29 17:10:12,402 - INFO - fusion_common - 早停计数器: 1/4
2026-04-29 17:10:12,402 - INFO - fusion_common - 当前学习率: 0.00100000
2026-04-29 17:10:12,402 - INFO - fusion_common - Epoch 6/32
2026-04-29 17:16:35,314 - INFO - fusion_common - Epoch 6 结果: 训练 Loss: 0.1050, 训练 Acc: 0.9672, 训练 F1: 0.9673 | 验证 Loss: 0.1263, 验证 Acc: 0.9646, 验证 F1: 0.9649
2026-04-29 17:16:35,314 - INFO - fusion_common - 早停计数器: 2/4
2026-04-29 17:16:35,314 - INFO - fusion_common - 当前学习率: 0.00100000
2026-04-29 17:16:35,314 - INFO - fusion_common - Epoch 7/32
2026-04-29 17:22:57,482 - INFO - fusion_common - Epoch 7 结果: 训练 Loss: 0.0968, 训练 Acc: 0.9694, 训练 F1: 0.9695 | 验证 Loss: 0.1645, 验证 Acc: 0.9628, 验证 F1: 0.9615
2026-04-29 17:22:57,483 - INFO - fusion_common - 早停计数器: 3/4
2026-04-29 17:22:57,483 - INFO - fusion_common - 当前学习率: 0.00050000
2026-04-29 17:22:57,483 - INFO - fusion_common - Epoch 8/32
2026-04-29 17:29:20,291 - INFO - fusion_common - Epoch 8 结果: 训练 Loss: 0.0683, 训练 Acc: 0.9771, 训练 F1: 0.9773 | 验证 Loss: 0.0955, 验证 Acc: 0.9749, 验证 F1: 0.9748
2026-04-29 17:29:20,314 - INFO - fusion_common - 早停计数器: 0/4
2026-04-29 17:29:20,315 - INFO - fusion_common - 当前学习率: 0.00050000
2026-04-29 17:29:20,315 - INFO - fusion_common - Epoch 9/32
2026-04-29 17:35:53,616 - INFO - fusion_common - Epoch 9 结果: 训练 Loss: 0.0613, 训练 Acc: 0.9792, 训练 F1: 0.9794 | 验证 Loss: 0.1075, 验证 Acc: 0.9758, 验证 F1: 0.9756
2026-04-29 17:35:53,616 - INFO - fusion_common - 早停计数器: 1/4
2026-04-29 17:35:53,616 - INFO - fusion_common - 当前学习率: 0.00050000
2026-04-29 17:35:53,616 - INFO - fusion_common - Epoch 10/32
2026-04-29 17:44:55,616 - INFO - fusion_common - Epoch 10 结果: 训练 Loss: 0.0575, 训练 Acc: 0.9808, 训练 F1: 0.9810 | 验证 Loss: 0.0975, 验证 Acc: 0.9779, 验证 F1: 0.9779
2026-04-29 17:44:55,616 - INFO - fusion_common - 早停计数器: 2/4
2026-04-29 17:44:55,617 - INFO - fusion_common - 当前学习率: 0.00050000
2026-04-29 17:44:55,617 - INFO - fusion_common - Epoch 11/32
2026-04-29 17:56:07,553 - INFO - fusion_common - Epoch 11 结果: 训练 Loss: 0.0534, 训练 Acc: 0.9819, 训练 F1: 0.9821 | 验证 Loss: 0.1122, 验证 Acc: 0.9761, 验证 F1: 0.9761
2026-04-29 17:56:07,557 - INFO - fusion_common - 早停计数器: 3/4
2026-04-29 17:56:07,558 - INFO - fusion_common - 当前学习率: 0.00025000
2026-04-29 17:56:07,558 - INFO - fusion_common - Epoch 12/32
2026-04-29 18:06:49,622 - INFO - fusion_common - Epoch 12 结果: 训练 Loss: 0.0411, 训练 Acc: 0.9851, 训练 F1: 0.9853 | 验证 Loss: 0.0856, 验证 Acc: 0.9800, 验证 F1: 0.9801
2026-04-29 18:06:49,654 - INFO - fusion_common - 早停计数器: 0/4
2026-04-29 18:06:49,654 - INFO - fusion_common - 当前学习率: 0.00025000
2026-04-29 18:06:49,654 - INFO - fusion_common - Epoch 13/32
2026-04-29 18:16:51,898 - INFO - fusion_common - Epoch 13 结果: 训练 Loss: 0.0386, 训练 Acc: 0.9859, 训练 F1: 0.9861 | 验证 Loss: 0.0859, 验证 Acc: 0.9808, 验证 F1: 0.9810
2026-04-29 18:16:51,898 - INFO - fusion_common - 早停计数器: 1/4
2026-04-29 18:16:51,898 - INFO - fusion_common - 当前学习率: 0.00025000
2026-04-29 18:16:51,898 - INFO - fusion_common - Epoch 14/32
2026-04-29 18:23:47,488 - INFO - fusion_common - Epoch 14 结果: 训练 Loss: 0.0360, 训练 Acc: 0.9868, 训练 F1: 0.9870 | 验证 Loss: 0.0880, 验证 Acc: 0.9813, 验证 F1: 0.9814
2026-04-29 18:23:47,488 - INFO - fusion_common - 早停计数器: 2/4
2026-04-29 18:23:47,489 - INFO - fusion_common - 当前学习率: 0.00025000
2026-04-29 18:23:47,489 - INFO - fusion_common - Epoch 15/32
2026-04-29 18:30:20,729 - INFO - fusion_common - Epoch 15 结果: 训练 Loss: 0.0357, 训练 Acc: 0.9870, 训练 F1: 0.9872 | 验证 Loss: 0.0844, 验证 Acc: 0.9817, 验证 F1: 0.9819
2026-04-29 18:30:20,752 - INFO - fusion_common - 早停计数器: 0/4
2026-04-29 18:30:20,753 - INFO - fusion_common - 当前学习率: 0.00025000
2026-04-29 18:30:20,753 - INFO - fusion_common - Epoch 16/32
2026-04-29 18:36:47,848 - INFO - fusion_common - Epoch 16 结果: 训练 Loss: 0.0338, 训练 Acc: 0.9880, 训练 F1: 0.9882 | 验证 Loss: 0.0852, 验证 Acc: 0.9829, 验证 F1: 0.9830
2026-04-29 18:36:47,848 - INFO - fusion_common - 早停计数器: 1/4
2026-04-29 18:36:47,848 - INFO - fusion_common - 当前学习率: 0.00025000
2026-04-29 18:36:47,848 - INFO - fusion_common - Epoch 17/32
2026-04-29 18:43:13,606 - INFO - fusion_common - Epoch 17 结果: 训练 Loss: 0.0325, 训练 Acc: 0.9882, 训练 F1: 0.9884 | 验证 Loss: 0.0972, 验证 Acc: 0.9824, 验证 F1: 0.9826
2026-04-29 18:43:13,606 - INFO - fusion_common - 早停计数器: 2/4
2026-04-29 18:43:13,606 - INFO - fusion_common - 当前学习率: 0.00025000
2026-04-29 18:43:13,606 - INFO - fusion_common - Epoch 18/32
2026-04-29 18:49:40,251 - INFO - fusion_common - Epoch 18 结果: 训练 Loss: 0.0317, 训练 Acc: 0.9886, 训练 F1: 0.9888 | 验证 Loss: 0.1119, 验证 Acc: 0.9815, 验证 F1: 0.9816
2026-04-29 18:49:40,252 - INFO - fusion_common - 早停计数器: 3/4
2026-04-29 18:49:40,252 - INFO - fusion_common - 当前学习率: 0.00012500
2026-04-29 18:49:40,252 - INFO - fusion_common - Epoch 19/32
2026-04-29 18:56:10,386 - INFO - fusion_common - Epoch 19 结果: 训练 Loss: 0.0259, 训练 Acc: 0.9905, 训练 F1: 0.9907 | 验证 Loss: 0.1001, 验证 Acc: 0.9835, 验证 F1: 0.9836
2026-04-29 18:56:10,406 - INFO - fusion_common - 早停计数器: 4/4
2026-04-29 18:56:10,406 - INFO - fusion_common - 当前学习率: 0.00012500
2026-04-29 18:56:10,406 - INFO - fusion_common - 早停机制触发，在第 19 轮后停止训练
2026-04-29 18:56:10,406 - INFO - fusion_common - 融合模型训练完成
2026-04-29 18:56:35,657 - INFO - run_weighted - 评估结果:
2026-04-29 18:56:35,658 - INFO - run_weighted -   准确率: 0.9817
2026-04-29 18:56:35,658 - INFO - run_weighted -   Macro F1: 0.9819
2026-04-29 18:56:35,658 - INFO - run_weighted -   分类报告:
              precision    recall  f1-score   support

           0     1.0000    0.9991    0.9995      3279
           1     0.9859    0.9955    0.9907      2675
           2     0.9773    0.9873    0.9823      2444
           3     0.9970    0.9949    0.9960      1980
           4     0.9684    0.9168    0.9419      3340
           5     0.9886    0.9881    0.9884      2193
           6     0.9987    0.9968    0.9978      3140
           7     1.0000    0.9991    0.9995      3242
           8     0.9056    0.9574    0.9308      2465
           9     0.9912    0.9925    0.9918      2258

    accuracy                         0.9817     27016
   macro avg     0.9813    0.9828    0.9819     27016
weighted avg     0.9820    0.9817    0.9817     27016

2026-04-29 18:56:35,658 - INFO - run_weighted -   混淆矩阵:
[[3276    1    0    0    0    0    0    0    0    2]
 [   0 2663    5    1    2    0    0    0    2    2]
 [   0   14 2413    2    5    5    0    0    3    2]
 [   0    7    2 1970    1    0    0    0    0    0]
 [   0    6   17    2 3062   16    1    0  233    3]
 [   0    0    9    0    8 2167    0    0    8    1]
 [   0    1    7    1    0    0 3130    0    0    1]
 [   0    1    0    0    0    0    0 3239    0    2]
 [   0    6    6    0   81    3    2    0 2360    7]
 [   0    2   10    0    3    1    1    0    0 2241]]
2026-04-29 18:56:36,678 - INFO - run_weighted - saved metrics_curve: /home/shuora/Traffic/FusionModel/outputs/ustc_multiclass/ablation_weighted/weighted_20260429_163756/metrics_curve.png (exists=True)
2026-04-29 18:56:36,848 - INFO - run_weighted - saved confusion_matrix: /home/shuora/Traffic/FusionModel/outputs/ustc_multiclass/ablation_weighted/weighted_20260429_163756/confusion_matrix.png (exists=True)
2026-04-29 18:56:36,849 - INFO - run_weighted - saved report: /home/shuora/Traffic/FusionModel/outputs/ustc_multiclass/ablation_weighted/weighted_20260429_163756/report.md (exists=True)
2026-04-29 18:56:36,948 - INFO - run_weighted - saved model: /home/shuora/Traffic/FusionModel/outputs/ustc_multiclass/ablation_weighted/weighted_20260429_163756/fusion_model.pth (exists=True)
2026-04-29 18:56:36,950 - INFO - run_weighted - saved metrics_json: /home/shuora/Traffic/FusionModel/outputs/ustc_multiclass/ablation_weighted/weighted_20260429_163756/metrics.json (exists=True)
2026-04-29 18:56:36,950 - INFO - run_weighted - saved epoch_metrics_csv: /home/shuora/Traffic/FusionModel/outputs/ustc_multiclass/ablation_weighted/weighted_20260429_163756/epoch_metrics.csv (exists=True)
2026-04-29 18:56:36,950 - INFO - run_weighted - done weighted: run_dir=/home/shuora/Traffic/FusionModel/outputs/ustc_multiclass/ablation_weighted/weighted_20260429_163756 log=/home/shuora/Traffic/FusionModel/outputs/ustc_multiclass/ablation_weighted/weighted_20260429_163756/train.log
