2026-04-06 23:35:35,160 - INFO - run_attention_stacking - start stacking: base=attention output_root=/home/shuora/Traffic/FusionModel/outputs/mfcp_multiclass/attention_stacking run_dir=/home/shuora/Traffic/FusionModel/outputs/mfcp_multiclass/attention_stacking/attention_stacking_20260406_233535
2026-04-06 23:35:35,160 - INFO - fusion_common - 加载融合数据 - 图像目录: /home/shuora/Traffic/FusionModel/ProcessedData/mfcp_multiclass/image_data/Train, Pcap目录: /home/shuora/Traffic/FusionModel/ProcessedData/mfcp_multiclass/pcap_data/Train
2026-04-06 23:35:35,328 - INFO - fusion_common - 融合数据索引进度: 1/6 类别 (Artemis)
2026-04-06 23:35:35,339 - INFO - fusion_common - 融合数据索引进度: 2/6 类别 (Cobalt)
2026-04-06 23:35:35,491 - INFO - fusion_common - 融合数据索引进度: 3/6 类别 (Dridex)
2026-04-06 23:35:35,549 - INFO - fusion_common - 融合数据索引进度: 4/6 类别 (PUA)
2026-04-06 23:35:36,107 - INFO - fusion_common - 融合数据索引进度: 5/6 类别 (Trickbot)
2026-04-06 23:35:36,208 - INFO - fusion_common - 融合数据索引进度: 6/6 类别 (Ursnif)
2026-04-06 23:35:36,511 - INFO - fusion_common - 融合索引缓存已保存: /home/shuora/Traffic/FusionModel/ProcessedData/mfcp_multiclass/image_data/Train/.fusion_index_cache_v1_homeshuoratrafficfusionmodel_homeshuoratrafficfusionmodel.json
2026-04-06 23:35:36,527 - INFO - fusion_common - 融合数据集加载完成，总样本数: 114341
2026-04-06 23:35:36,630 - INFO - fusion_common - 融合数据加载完成，类别数: 6, 样本总数: 114341
2026-04-06 23:35:36,631 - INFO - fusion_common - 加载融合数据 - 图像目录: /home/shuora/Traffic/FusionModel/ProcessedData/mfcp_multiclass/image_data/Test, Pcap目录: /home/shuora/Traffic/FusionModel/ProcessedData/mfcp_multiclass/pcap_data/Test
2026-04-06 23:35:36,652 - INFO - fusion_common - 融合数据索引进度: 1/6 类别 (Artemis)
2026-04-06 23:35:36,654 - INFO - fusion_common - 融合数据索引进度: 2/6 类别 (Cobalt)
2026-04-06 23:35:36,679 - INFO - fusion_common - 融合数据索引进度: 3/6 类别 (Dridex)
2026-04-06 23:35:36,686 - INFO - fusion_common - 融合数据索引进度: 4/6 类别 (PUA)
2026-04-06 23:35:36,794 - INFO - fusion_common - 融合数据索引进度: 5/6 类别 (Trickbot)
2026-04-06 23:35:36,822 - INFO - fusion_common - 融合数据索引进度: 6/6 类别 (Ursnif)
2026-04-06 23:35:36,901 - INFO - fusion_common - 融合索引缓存已保存: /home/shuora/Traffic/FusionModel/ProcessedData/mfcp_multiclass/image_data/Test/.fusion_index_cache_v1_homeshuoratrafficfusionmodel_homeshuoratrafficfusionmodel.json
2026-04-06 23:35:36,905 - INFO - fusion_common - 融合数据集加载完成，总样本数: 28588
2026-04-06 23:35:36,905 - INFO - fusion_common - 融合数据加载完成，类别数: 6, 样本总数: 28588
2026-04-06 23:35:36,905 - INFO - fusion_common - 初始化融合模型，融合模式: attention
2026-04-06 23:35:37,028 - INFO - fusion_common - 融合模型初始化完成，分类头设置为 6 个类别
2026-04-06 23:35:37,029 - INFO - fusion_common - 开始训练融合模型
2026-04-06 23:35:37,029 - INFO - fusion_common - 训练参数 - Epochs: 40, Learning Rate: 0.0003, Early Stopping Patience: 8
2026-04-06 23:35:37,029 - INFO - fusion_common - 训练策略 - class_balance: weighted_sampler_loss, loss_type: focal, focal_gamma: 1.500, weight_decay: 0.000100, label_smoothing: 0.0300, early_stop_metric: val_f1, lr_scheduler: reduce, val_every: 1
2026-04-06 23:35:37,029 - INFO - fusion_common - 训练保护 - grad_clip_norm: 1.000, max_consecutive_invalid_batches: 128
2026-04-06 23:35:37,029 - INFO - fusion_common - DataLoader参数 - train_batches: 3573, val_batches: 894, batch_size: 32, num_workers: 4, pin_memory: True
2026-04-06 23:35:37,471 - INFO - fusion_common - 使用 class-weighted CrossEntropyLoss
2026-04-06 23:35:37,472 - INFO - fusion_common - Epoch 1/40
2026-04-06 23:43:56,649 - INFO - fusion_common - Epoch 1 结果: 训练 Loss: 0.1596, 训练 Acc: 0.7526, 训练 F1: 0.7177 | 验证 Loss: 0.0907, 验证 Acc: 0.7798, 验证 F1: 0.6936
2026-04-06 23:43:56,678 - INFO - fusion_common - 早停计数器: 0/8
2026-04-06 23:43:56,679 - INFO - fusion_common - 当前学习率: 0.00030000
2026-04-06 23:43:56,680 - INFO - fusion_common - Epoch 2/40
2026-04-06 23:49:42,941 - INFO - fusion_common - Epoch 2 结果: 训练 Loss: 0.1220, 训练 Acc: 0.7841, 训练 F1: 0.7616 | 验证 Loss: 0.0934, 验证 Acc: 0.7795, 验证 F1: 0.7015
2026-04-06 23:49:42,964 - INFO - fusion_common - 早停计数器: 0/8
2026-04-06 23:49:42,964 - INFO - fusion_common - 当前学习率: 0.00030000
2026-04-06 23:49:42,964 - INFO - fusion_common - Epoch 3/40
2026-04-06 23:55:33,276 - INFO - fusion_common - Epoch 3 结果: 训练 Loss: 0.1136, 训练 Acc: 0.7917, 训练 F1: 0.7739 | 验证 Loss: 0.0946, 验证 Acc: 0.7839, 验证 F1: 0.7092
2026-04-06 23:55:33,294 - INFO - fusion_common - 早停计数器: 0/8
2026-04-06 23:55:33,294 - INFO - fusion_common - 当前学习率: 0.00030000
2026-04-06 23:55:33,294 - INFO - fusion_common - Epoch 4/40
2026-04-07 00:01:20,576 - INFO - fusion_common - Epoch 4 结果: 训练 Loss: 0.1078, 训练 Acc: 0.7970, 训练 F1: 0.7843 | 验证 Loss: 0.0994, 验证 Acc: 0.7845, 验证 F1: 0.7164
2026-04-07 00:01:20,594 - INFO - fusion_common - 早停计数器: 0/8
2026-04-07 00:01:20,594 - INFO - fusion_common - 当前学习率: 0.00030000
2026-04-07 00:01:20,594 - INFO - fusion_common - Epoch 5/40
2026-04-07 00:07:16,259 - INFO - fusion_common - Epoch 5 结果: 训练 Loss: 0.1004, 训练 Acc: 0.8006, 训练 F1: 0.7921 | 验证 Loss: 0.0990, 验证 Acc: 0.7854, 验证 F1: 0.7142
2026-04-07 00:07:16,259 - INFO - fusion_common - 早停计数器: 1/8
2026-04-07 00:07:16,259 - INFO - fusion_common - 当前学习率: 0.00030000
2026-04-07 00:07:16,259 - INFO - fusion_common - Epoch 6/40
2026-04-07 00:13:02,092 - INFO - fusion_common - Epoch 6 结果: 训练 Loss: 0.0951, 训练 Acc: 0.8047, 训练 F1: 0.7985 | 验证 Loss: 0.0951, 验证 Acc: 0.7885, 验证 F1: 0.7267
2026-04-07 00:13:02,108 - INFO - fusion_common - 早停计数器: 0/8
2026-04-07 00:13:02,108 - INFO - fusion_common - 当前学习率: 0.00030000
2026-04-07 00:13:02,108 - INFO - fusion_common - Epoch 7/40
2026-04-07 00:18:55,055 - INFO - fusion_common - Epoch 7 结果: 训练 Loss: 0.0902, 训练 Acc: 0.8066, 训练 F1: 0.8038 | 验证 Loss: 0.0972, 验证 Acc: 0.7888, 验证 F1: 0.7283
2026-04-07 00:18:55,070 - INFO - fusion_common - 早停计数器: 0/8
2026-04-07 00:18:55,071 - INFO - fusion_common - 当前学习率: 0.00030000
2026-04-07 00:18:55,071 - INFO - fusion_common - Epoch 8/40
2026-04-07 00:24:40,847 - INFO - fusion_common - Epoch 8 结果: 训练 Loss: 0.0868, 训练 Acc: 0.8072, 训练 F1: 0.8045 | 验证 Loss: 0.1047, 验证 Acc: 0.7899, 验证 F1: 0.7319
2026-04-07 00:24:40,862 - INFO - fusion_common - 早停计数器: 0/8
2026-04-07 00:24:40,862 - INFO - fusion_common - 当前学习率: 0.00030000
2026-04-07 00:24:40,862 - INFO - fusion_common - Epoch 9/40
2026-04-07 00:30:33,825 - INFO - fusion_common - Epoch 9 结果: 训练 Loss: 0.0840, 训练 Acc: 0.8117, 训练 F1: 0.8103 | 验证 Loss: 0.0994, 验证 Acc: 0.7899, 验证 F1: 0.7348
2026-04-07 00:30:33,841 - INFO - fusion_common - 早停计数器: 0/8
2026-04-07 00:30:33,841 - INFO - fusion_common - 当前学习率: 0.00030000
2026-04-07 00:30:33,841 - INFO - fusion_common - Epoch 10/40
2026-04-07 00:36:20,035 - INFO - fusion_common - Epoch 10 结果: 训练 Loss: 0.0811, 训练 Acc: 0.8114, 训练 F1: 0.8124 | 验证 Loss: 0.1003, 验证 Acc: 0.7913, 验证 F1: 0.7391
2026-04-07 00:36:20,051 - INFO - fusion_common - 早停计数器: 0/8
2026-04-07 00:36:20,051 - INFO - fusion_common - 当前学习率: 0.00030000
2026-04-07 00:36:20,052 - INFO - fusion_common - Epoch 11/40
2026-04-07 00:42:14,091 - INFO - fusion_common - Epoch 11 结果: 训练 Loss: 0.0785, 训练 Acc: 0.8154, 训练 F1: 0.8156 | 验证 Loss: 0.1064, 验证 Acc: 0.7899, 验证 F1: 0.7393
2026-04-07 00:42:14,091 - INFO - fusion_common - 早停计数器: 1/8
2026-04-07 00:42:14,091 - INFO - fusion_common - 当前学习率: 0.00030000
2026-04-07 00:42:14,091 - INFO - fusion_common - Epoch 12/40
2026-04-07 00:48:02,069 - INFO - fusion_common - Epoch 12 结果: 训练 Loss: 0.0790, 训练 Acc: 0.8139, 训练 F1: 0.8148 | 验证 Loss: 0.1092, 验证 Acc: 0.7916, 验证 F1: 0.7415
2026-04-07 00:48:02,084 - INFO - fusion_common - 早停计数器: 0/8
2026-04-07 00:48:02,085 - INFO - fusion_common - 当前学习率: 0.00030000
2026-04-07 00:48:02,085 - INFO - fusion_common - Epoch 13/40
2026-04-07 00:53:51,823 - INFO - fusion_common - Epoch 13 结果: 训练 Loss: 0.0767, 训练 Acc: 0.8129, 训练 F1: 0.8148 | 验证 Loss: 0.1081, 验证 Acc: 0.7897, 验证 F1: 0.7355
2026-04-07 00:53:51,823 - INFO - fusion_common - 早停计数器: 1/8
2026-04-07 00:53:51,823 - INFO - fusion_common - 当前学习率: 0.00030000
2026-04-07 00:53:51,823 - INFO - fusion_common - Epoch 14/40
2026-04-07 00:59:41,948 - INFO - fusion_common - Epoch 14 结果: 训练 Loss: 0.0763, 训练 Acc: 0.8135, 训练 F1: 0.8147 | 验证 Loss: 0.1071, 验证 Acc: 0.7914, 验证 F1: 0.7394
2026-04-07 00:59:41,948 - INFO - fusion_common - 早停计数器: 2/8
2026-04-07 00:59:41,948 - INFO - fusion_common - 当前学习率: 0.00030000
2026-04-07 00:59:41,948 - INFO - fusion_common - Epoch 15/40
2026-04-07 01:05:26,745 - INFO - fusion_common - Epoch 15 结果: 训练 Loss: 0.0751, 训练 Acc: 0.8125, 训练 F1: 0.8147 | 验证 Loss: 0.1141, 验证 Acc: 0.7911, 验证 F1: 0.7385
2026-04-07 01:05:26,745 - INFO - fusion_common - 早停计数器: 3/8
2026-04-07 01:05:26,746 - INFO - fusion_common - 当前学习率: 0.00015000
2026-04-07 01:05:26,746 - INFO - fusion_common - Epoch 16/40
2026-04-07 01:11:17,286 - INFO - fusion_common - Epoch 16 结果: 训练 Loss: 0.0680, 训练 Acc: 0.8168, 训练 F1: 0.8212 | 验证 Loss: 0.1095, 验证 Acc: 0.7924, 验证 F1: 0.7490
2026-04-07 01:11:17,303 - INFO - fusion_common - 早停计数器: 0/8
2026-04-07 01:11:17,304 - INFO - fusion_common - 当前学习率: 0.00015000
2026-04-07 01:11:17,304 - INFO - fusion_common - Epoch 17/40
2026-04-07 01:17:04,633 - INFO - fusion_common - Epoch 17 结果: 训练 Loss: 0.0668, 训练 Acc: 0.8177, 训练 F1: 0.8209 | 验证 Loss: 0.1124, 验证 Acc: 0.7927, 验证 F1: 0.7455
2026-04-07 01:17:04,633 - INFO - fusion_common - 早停计数器: 1/8
2026-04-07 01:17:04,633 - INFO - fusion_common - 当前学习率: 0.00015000
2026-04-07 01:17:04,633 - INFO - fusion_common - Epoch 18/40
2026-04-07 01:22:58,532 - INFO - fusion_common - Epoch 18 结果: 训练 Loss: 0.0657, 训练 Acc: 0.8180, 训练 F1: 0.8225 | 验证 Loss: 0.1081, 验证 Acc: 0.7920, 验证 F1: 0.7476
2026-04-07 01:22:58,532 - INFO - fusion_common - 早停计数器: 2/8
2026-04-07 01:22:58,532 - INFO - fusion_common - 当前学习率: 0.00015000
2026-04-07 01:22:58,532 - INFO - fusion_common - Epoch 19/40
2026-04-07 01:28:44,895 - INFO - fusion_common - Epoch 19 结果: 训练 Loss: 0.0656, 训练 Acc: 0.8153, 训练 F1: 0.8200 | 验证 Loss: 0.1143, 验证 Acc: 0.7927, 验证 F1: 0.7499
2026-04-07 01:28:44,896 - INFO - fusion_common - 早停计数器: 3/8
2026-04-07 01:28:44,896 - INFO - fusion_common - 当前学习率: 0.00015000
2026-04-07 01:28:44,896 - INFO - fusion_common - Epoch 20/40
2026-04-07 01:34:39,296 - INFO - fusion_common - Epoch 20 结果: 训练 Loss: 0.0647, 训练 Acc: 0.8180, 训练 F1: 0.8240 | 验证 Loss: 0.1109, 验证 Acc: 0.7930, 验证 F1: 0.7482
2026-04-07 01:34:39,296 - INFO - fusion_common - 早停计数器: 4/8
2026-04-07 01:34:39,297 - INFO - fusion_common - 当前学习率: 0.00015000
2026-04-07 01:34:39,297 - INFO - fusion_common - Epoch 21/40
2026-04-07 01:40:25,420 - INFO - fusion_common - Epoch 21 结果: 训练 Loss: 0.0643, 训练 Acc: 0.8174, 训练 F1: 0.8225 | 验证 Loss: 0.1130, 验证 Acc: 0.7924, 验证 F1: 0.7500
2026-04-07 01:40:25,434 - INFO - fusion_common - 早停计数器: 0/8
2026-04-07 01:40:25,435 - INFO - fusion_common - 当前学习率: 0.00015000
2026-04-07 01:40:25,435 - INFO - fusion_common - Epoch 22/40
2026-04-07 01:46:16,787 - INFO - fusion_common - Epoch 22 结果: 训练 Loss: 0.0640, 训练 Acc: 0.8174, 训练 F1: 0.8230 | 验证 Loss: 0.1189, 验证 Acc: 0.7933, 验证 F1: 0.7477
2026-04-07 01:46:16,787 - INFO - fusion_common - 早停计数器: 1/8
2026-04-07 01:46:16,787 - INFO - fusion_common - 当前学习率: 0.00007500
2026-04-07 01:46:16,787 - INFO - fusion_common - Epoch 23/40
2026-04-07 01:52:07,776 - INFO - fusion_common - Epoch 23 结果: 训练 Loss: 0.0621, 训练 Acc: 0.8194, 训练 F1: 0.8255 | 验证 Loss: 0.1162, 验证 Acc: 0.7932, 验证 F1: 0.7528
2026-04-07 01:52:07,792 - INFO - fusion_common - 早停计数器: 0/8
2026-04-07 01:52:07,792 - INFO - fusion_common - 当前学习率: 0.00007500
2026-04-07 01:52:07,792 - INFO - fusion_common - Epoch 24/40
2026-04-07 01:58:03,727 - INFO - fusion_common - Epoch 24 结果: 训练 Loss: 0.0614, 训练 Acc: 0.8184, 训练 F1: 0.8253 | 验证 Loss: 0.1180, 验证 Acc: 0.7943, 验证 F1: 0.7549
2026-04-07 01:58:03,741 - INFO - fusion_common - 早停计数器: 0/8
2026-04-07 01:58:03,742 - INFO - fusion_common - 当前学习率: 0.00007500
2026-04-07 01:58:03,742 - INFO - fusion_common - Epoch 25/40
2026-04-07 02:03:54,018 - INFO - fusion_common - Epoch 25 结果: 训练 Loss: 0.0605, 训练 Acc: 0.8204, 训练 F1: 0.8283 | 验证 Loss: 0.1189, 验证 Acc: 0.7934, 验证 F1: 0.7526
2026-04-07 02:03:54,019 - INFO - fusion_common - 早停计数器: 1/8
2026-04-07 02:03:54,019 - INFO - fusion_common - 当前学习率: 0.00007500
2026-04-07 02:03:54,019 - INFO - fusion_common - Epoch 26/40
2026-04-07 02:09:41,725 - INFO - fusion_common - Epoch 26 结果: 训练 Loss: 0.0604, 训练 Acc: 0.8196, 训练 F1: 0.8276 | 验证 Loss: 0.1201, 验证 Acc: 0.7938, 验证 F1: 0.7563
2026-04-07 02:09:41,748 - INFO - fusion_common - 早停计数器: 0/8
2026-04-07 02:09:41,749 - INFO - fusion_common - 当前学习率: 0.00007500
2026-04-07 02:09:41,749 - INFO - fusion_common - Epoch 27/40
2026-04-07 02:15:33,486 - INFO - fusion_common - Epoch 27 结果: 训练 Loss: 0.0593, 训练 Acc: 0.8225, 训练 F1: 0.8303 | 验证 Loss: 0.1200, 验证 Acc: 0.7937, 验证 F1: 0.7567
2026-04-07 02:15:33,486 - INFO - fusion_common - 早停计数器: 1/8
2026-04-07 02:15:33,486 - INFO - fusion_common - 当前学习率: 0.00007500
2026-04-07 02:15:33,486 - INFO - fusion_common - Epoch 28/40
2026-04-07 02:21:21,697 - INFO - fusion_common - Epoch 28 结果: 训练 Loss: 0.0600, 训练 Acc: 0.8214, 训练 F1: 0.8289 | 验证 Loss: 0.1218, 验证 Acc: 0.7933, 验证 F1: 0.7554
2026-04-07 02:21:21,697 - INFO - fusion_common - 早停计数器: 2/8
2026-04-07 02:21:21,697 - INFO - fusion_common - 当前学习率: 0.00007500
2026-04-07 02:21:21,697 - INFO - fusion_common - Epoch 29/40
2026-04-07 02:27:13,412 - INFO - fusion_common - Epoch 29 结果: 训练 Loss: 0.0590, 训练 Acc: 0.8217, 训练 F1: 0.8299 | 验证 Loss: 0.1208, 验证 Acc: 0.7938, 验证 F1: 0.7593
2026-04-07 02:27:13,427 - INFO - fusion_common - 早停计数器: 0/8
2026-04-07 02:27:13,427 - INFO - fusion_common - 当前学习率: 0.00007500
2026-04-07 02:27:13,428 - INFO - fusion_common - Epoch 30/40
2026-04-07 02:32:59,019 - INFO - fusion_common - Epoch 30 结果: 训练 Loss: 0.0583, 训练 Acc: 0.8236, 训练 F1: 0.8320 | 验证 Loss: 0.1156, 验证 Acc: 0.7942, 验证 F1: 0.7602
2026-04-07 02:32:59,019 - INFO - fusion_common - 早停计数器: 1/8
2026-04-07 02:32:59,019 - INFO - fusion_common - 当前学习率: 0.00007500
2026-04-07 02:32:59,019 - INFO - fusion_common - Epoch 31/40
2026-04-07 02:38:55,164 - INFO - fusion_common - Epoch 31 结果: 训练 Loss: 0.0590, 训练 Acc: 0.8221, 训练 F1: 0.8304 | 验证 Loss: 0.1239, 验证 Acc: 0.7939, 验证 F1: 0.7555
2026-04-07 02:38:55,165 - INFO - fusion_common - 早停计数器: 2/8
2026-04-07 02:38:55,165 - INFO - fusion_common - 当前学习率: 0.00007500
2026-04-07 02:38:55,165 - INFO - fusion_common - Epoch 32/40
2026-04-07 02:44:38,631 - INFO - fusion_common - Epoch 32 结果: 训练 Loss: 0.0586, 训练 Acc: 0.8228, 训练 F1: 0.8313 | 验证 Loss: 0.1215, 验证 Acc: 0.7940, 验证 F1: 0.7547
2026-04-07 02:44:38,631 - INFO - fusion_common - 早停计数器: 3/8
2026-04-07 02:44:38,631 - INFO - fusion_common - 当前学习率: 0.00007500
2026-04-07 02:44:38,631 - INFO - fusion_common - Epoch 33/40
2026-04-07 02:50:32,839 - INFO - fusion_common - Epoch 33 结果: 训练 Loss: 0.0587, 训练 Acc: 0.8220, 训练 F1: 0.8313 | 验证 Loss: 0.1221, 验证 Acc: 0.7951, 验证 F1: 0.7625
2026-04-07 02:50:32,869 - INFO - fusion_common - 早停计数器: 0/8
2026-04-07 02:50:32,869 - INFO - fusion_common - 当前学习率: 0.00007500
2026-04-07 02:50:32,869 - INFO - fusion_common - Epoch 34/40
2026-04-07 02:56:19,723 - INFO - fusion_common - Epoch 34 结果: 训练 Loss: 0.0587, 训练 Acc: 0.8225, 训练 F1: 0.8316 | 验证 Loss: 0.1193, 验证 Acc: 0.7944, 验证 F1: 0.7608
2026-04-07 02:56:19,723 - INFO - fusion_common - 早停计数器: 1/8
2026-04-07 02:56:19,723 - INFO - fusion_common - 当前学习率: 0.00007500
2026-04-07 02:56:19,723 - INFO - fusion_common - Epoch 35/40
2026-04-07 03:02:13,325 - INFO - fusion_common - Epoch 35 结果: 训练 Loss: 0.0584, 训练 Acc: 0.8222, 训练 F1: 0.8308 | 验证 Loss: 0.1214, 验证 Acc: 0.7947, 验证 F1: 0.7624
2026-04-07 03:02:13,325 - INFO - fusion_common - 早停计数器: 2/8
2026-04-07 03:02:13,325 - INFO - fusion_common - 当前学习率: 0.00007500
2026-04-07 03:02:13,325 - INFO - fusion_common - Epoch 36/40
2026-04-07 03:08:02,371 - INFO - fusion_common - Epoch 36 结果: 训练 Loss: 0.0581, 训练 Acc: 0.8232, 训练 F1: 0.8318 | 验证 Loss: 0.1207, 验证 Acc: 0.7958, 验证 F1: 0.7653
2026-04-07 03:08:02,386 - INFO - fusion_common - 早停计数器: 0/8
2026-04-07 03:08:02,386 - INFO - fusion_common - 当前学习率: 0.00007500
2026-04-07 03:08:02,387 - INFO - fusion_common - Epoch 37/40
2026-04-07 03:13:51,565 - INFO - fusion_common - Epoch 37 结果: 训练 Loss: 0.0585, 训练 Acc: 0.8231, 训练 F1: 0.8321 | 验证 Loss: 0.1177, 验证 Acc: 0.7949, 验证 F1: 0.7582
2026-04-07 03:13:51,565 - INFO - fusion_common - 早停计数器: 1/8
2026-04-07 03:13:51,565 - INFO - fusion_common - 当前学习率: 0.00007500
2026-04-07 03:13:51,565 - INFO - fusion_common - Epoch 38/40
2026-04-07 03:19:41,525 - INFO - fusion_common - Epoch 38 结果: 训练 Loss: 0.0572, 训练 Acc: 0.8260, 训练 F1: 0.8341 | 验证 Loss: 0.1225, 验证 Acc: 0.7947, 验证 F1: 0.7610
2026-04-07 03:19:41,525 - INFO - fusion_common - 早停计数器: 2/8
2026-04-07 03:19:41,525 - INFO - fusion_common - 当前学习率: 0.00007500
2026-04-07 03:19:41,526 - INFO - fusion_common - Epoch 39/40
2026-04-07 03:25:26,832 - INFO - fusion_common - Epoch 39 结果: 训练 Loss: 0.0573, 训练 Acc: 0.8260, 训练 F1: 0.8353 | 验证 Loss: 0.1245, 验证 Acc: 0.7945, 验证 F1: 0.7625
2026-04-07 03:25:26,832 - INFO - fusion_common - 早停计数器: 3/8
2026-04-07 03:25:26,832 - INFO - fusion_common - 当前学习率: 0.00003750
2026-04-07 03:25:26,832 - INFO - fusion_common - Epoch 40/40
2026-04-07 03:31:22,518 - INFO - fusion_common - Epoch 40 结果: 训练 Loss: 0.0564, 训练 Acc: 0.8273, 训练 F1: 0.8368 | 验证 Loss: 0.1240, 验证 Acc: 0.7943, 验证 F1: 0.7602
2026-04-07 03:31:22,518 - INFO - fusion_common - 早停计数器: 4/8
2026-04-07 03:31:22,519 - INFO - fusion_common - 当前学习率: 0.00003750
2026-04-07 03:31:22,519 - INFO - fusion_common - 融合模型训练完成
2026-04-07 03:31:24,992 - INFO - run_attention_stacking - [AttentionDiag] mean=0.001276 min=0.000004 max=0.007221 entropy=6.4441 top1=0.0039 top5=0.0161 top10=0.0303 nonpad_mass=1.0000 pad_mass=0.0000 nonpad_frac=1.0000
2026-04-07 03:31:25,350 - INFO - run_attention_stacking - [AttentionDiag] saved attention curve: /home/shuora/Traffic/FusionModel/outputs/mfcp_multiclass/attention_stacking/attention_stacking_20260406_233535/attention_curve.png
2026-04-07 03:31:25,350 - INFO - run_attention_stacking - saved attention_curve: /home/shuora/Traffic/FusionModel/outputs/mfcp_multiclass/attention_stacking/attention_stacking_20260406_233535/attention_curve.png (exists=True)
2026-04-07 03:31:25,494 - INFO - run_attention_stacking - saved metrics_curve: /home/shuora/Traffic/FusionModel/outputs/mfcp_multiclass/attention_stacking/attention_stacking_20260406_233535/metrics_curve.png (exists=True)
2026-04-07 03:31:43,675 - INFO - run_attention_stacking - saved confusion_matrix: /home/shuora/Traffic/FusionModel/outputs/mfcp_multiclass/attention_stacking/attention_stacking_20260406_233535/confusion_matrix.png (exists=True)
2026-04-07 03:31:43,676 - INFO - run_attention_stacking - saved report: /home/shuora/Traffic/FusionModel/outputs/mfcp_multiclass/attention_stacking/attention_stacking_20260406_233535/report.md (exists=True)
2026-04-07 03:34:58,640 - INFO - run_attention_stacking - meta feature extraction completed: train_samples=114341 test_samples=28588
2026-04-07 03:48:17,271 - INFO - run_attention_stacking - [attention_stacking_xgboost] acc=0.8433 macro_f1=0.8149
2026-04-07 03:48:17,273 - INFO - run_attention_stacking - [attention_stacking_xgboost] 分类报告:
              precision    recall  f1-score   support

           0     0.7479    0.7410    0.7444      4112
           1     0.8602    0.7146    0.7807       396
           2     0.6956    0.9664    0.8089      4817
           3     0.8443    0.9251    0.8828      1348
           4     0.9939    0.8527    0.9179     13680
           5     0.7506    0.7584    0.7545      4235

    accuracy                         0.8433     28588
   macro avg     0.8154    0.8264    0.8149     28588
weighted avg     0.8633    0.8433    0.8468     28588

2026-04-07 03:48:17,273 - INFO - run_attention_stacking - [attention_stacking_xgboost] 混淆矩阵:
[[ 3047     0     0     1     0  1064]
 [    2   283    48    62     0     1]
 [    0    11  4655    83    68     0]
 [    2    24    69  1247     4     2]
 [    1    11  1919    84 11665     0]
 [ 1022     0     1     0     0  3212]]
2026-04-07 03:48:17,434 - INFO - run_attention_stacking - saved confusion_matrix_xgboost: /home/shuora/Traffic/FusionModel/outputs/mfcp_multiclass/attention_stacking/attention_stacking_20260406_233535/confusion_matrix_xgboost.png (exists=True)
2026-04-07 03:48:17,435 - INFO - run_attention_stacking - saved report_xgboost: /home/shuora/Traffic/FusionModel/outputs/mfcp_multiclass/attention_stacking/attention_stacking_20260406_233535/report_xgboost.md (exists=True)
2026-04-07 03:48:17,457 - INFO - run_attention_stacking - saved meta_model_xgboost: /home/shuora/Traffic/FusionModel/outputs/mfcp_multiclass/attention_stacking/attention_stacking_20260406_233535/meta_model_xgboost.pkl (exists=True)
2026-04-07 03:54:42,091 - INFO - run_attention_stacking - [attention_stacking_lightgbm] acc=0.8402 macro_f1=0.8156
2026-04-07 03:54:42,091 - INFO - run_attention_stacking - [attention_stacking_lightgbm] 分类报告:
              precision    recall  f1-score   support

           0     0.7485    0.7420    0.7452      4112
           1     0.8868    0.7121    0.7899       396
           2     0.6920    0.9456    0.7992      4817
           3     0.8607    0.9214    0.8900      1348
           4     0.9817    0.8532    0.9130     13680
           5     0.7521    0.7601    0.7561      4235

    accuracy                         0.8402     28588
   macro avg     0.8203    0.8224    0.8156     28588
weighted avg     0.8583    0.8402    0.8436     28588

2026-04-07 03:54:42,092 - INFO - run_attention_stacking - [attention_stacking_lightgbm] 混淆矩阵:
[[ 3051     0     1     1     0  1059]
 [    2   282    42    60     8     2]
 [    1     6  4555    61   194     0]
 [    4    22    65  1242    15     0]
 [    2     8  1919    79 11672     0]
 [ 1016     0     0     0     0  3219]]
2026-04-07 03:54:42,197 - INFO - run_attention_stacking - saved confusion_matrix_lightgbm: /home/shuora/Traffic/FusionModel/outputs/mfcp_multiclass/attention_stacking/attention_stacking_20260406_233535/confusion_matrix_lightgbm.png (exists=True)
2026-04-07 03:54:42,199 - INFO - run_attention_stacking - saved report_lightgbm: /home/shuora/Traffic/FusionModel/outputs/mfcp_multiclass/attention_stacking/attention_stacking_20260406_233535/report_lightgbm.md (exists=True)
2026-04-07 03:54:42,253 - INFO - run_attention_stacking - saved meta_model_lightgbm: /home/shuora/Traffic/FusionModel/outputs/mfcp_multiclass/attention_stacking/attention_stacking_20260406_233535/meta_model_lightgbm.pkl (exists=True)
2026-04-07 04:00:43,890 - INFO - run_attention_stacking - [attention_stacking_catboost] acc=0.8427 macro_f1=0.8070
2026-04-07 04:00:43,891 - INFO - run_attention_stacking - [attention_stacking_catboost] 分类报告:
              precision    recall  f1-score   support

           0     0.7396    0.7585    0.7489      4112
           1     0.7944    0.7222    0.7566       396
           2     0.7019    0.9718    0.8151      4817
           3     0.7884    0.9288    0.8529      1348
           4     0.9991    0.8493    0.9181     13680
           5     0.7602    0.7405    0.7502      4235

    accuracy                         0.8427     28588
   macro avg     0.7973    0.8285    0.8070     28588
weighted avg     0.8635    0.8427    0.8462     28588

2026-04-07 04:00:43,891 - INFO - run_attention_stacking - [attention_stacking_catboost] 混淆矩阵:
[[ 3119     2     0     2     0   989]
 [    2   286    42    66     0     0]
 [    0    18  4681   111     7     0]
 [    2    29    61  1252     4     0]
 [    0    22  1884   156 11618     0]
 [ 1094     3     1     1     0  3136]]
2026-04-07 04:00:43,968 - INFO - run_attention_stacking - saved confusion_matrix_catboost: /home/shuora/Traffic/FusionModel/outputs/mfcp_multiclass/attention_stacking/attention_stacking_20260406_233535/confusion_matrix_catboost.png (exists=True)
2026-04-07 04:00:43,969 - INFO - run_attention_stacking - saved report_catboost: /home/shuora/Traffic/FusionModel/outputs/mfcp_multiclass/attention_stacking/attention_stacking_20260406_233535/report_catboost.md (exists=True)
2026-04-07 04:00:43,992 - INFO - run_attention_stacking - saved meta_model_catboost: /home/shuora/Traffic/FusionModel/outputs/mfcp_multiclass/attention_stacking/attention_stacking_20260406_233535/meta_model_catboost.pkl (exists=True)
2026-04-07 04:00:46,524 - INFO - run_attention_stacking - [attention_stacking_soft_voting] acc=0.8416 macro_f1=0.8140
2026-04-07 04:00:46,524 - INFO - run_attention_stacking - [attention_stacking_soft_voting] 分类报告:
              precision    recall  f1-score   support

           0     0.7451    0.7456    0.7454      4112
           1     0.8584    0.7197    0.7830       396
           2     0.6940    0.9572    0.8046      4817
           3     0.8420    0.9251    0.8816      1348
           4     0.9901    0.8525    0.9161     13680
           5     0.7529    0.7532    0.7531      4235

    accuracy                         0.8416     28588
   macro avg     0.8137    0.8256    0.8140     28588
weighted avg     0.8610    0.8416    0.8452     28588

2026-04-07 04:00:46,525 - INFO - run_attention_stacking - [attention_stacking_soft_voting] 混淆矩阵:
[[ 3066     0     1     1     0  1044]
 [    2   285    47    61     0     1]
 [    0    10  4611    84   112     0]
 [    2    26    66  1247     5     2]
 [    1    11  1918    88 11662     0]
 [ 1044     0     1     0     0  3190]]
2026-04-07 04:00:46,598 - INFO - run_attention_stacking - saved confusion_matrix_soft_voting: /home/shuora/Traffic/FusionModel/outputs/mfcp_multiclass/attention_stacking/attention_stacking_20260406_233535/confusion_matrix_soft_voting.png (exists=True)
2026-04-07 04:00:46,598 - INFO - run_attention_stacking - saved report_soft_voting: /home/shuora/Traffic/FusionModel/outputs/mfcp_multiclass/attention_stacking/attention_stacking_20260406_233535/report_soft_voting.md (exists=True)
2026-04-07 04:00:46,821 - INFO - run_attention_stacking - saved model_base: /home/shuora/Traffic/FusionModel/outputs/mfcp_multiclass/attention_stacking/attention_stacking_20260406_233535/fusion_model_base.pth (exists=True)
2026-04-07 04:00:46,823 - INFO - run_attention_stacking - saved metrics_json: /home/shuora/Traffic/FusionModel/outputs/mfcp_multiclass/attention_stacking/attention_stacking_20260406_233535/metrics.json (exists=True)
2026-04-07 04:00:46,823 - INFO - run_attention_stacking - saved epoch_metrics_csv: /home/shuora/Traffic/FusionModel/outputs/mfcp_multiclass/attention_stacking/attention_stacking_20260406_233535/epoch_metrics.csv (exists=True)
2026-04-07 04:00:46,824 - INFO - run_attention_stacking - done stacking: run_dir=/home/shuora/Traffic/FusionModel/outputs/mfcp_multiclass/attention_stacking/attention_stacking_20260406_233535 log=/home/shuora/Traffic/FusionModel/outputs/mfcp_multiclass/attention_stacking/attention_stacking_20260406_233535/train.log
