2026-04-29 00:00:52,380 - INFO - run_attention_stacking - start stacking: base=attention output_root=/home/shuora/Traffic/FusionModel/outputs/mta_multiclass/score_chasing_v2 run_dir=/home/shuora/Traffic/FusionModel/outputs/mta_multiclass/score_chasing_v2/attention_stacking_20260429_000052
2026-04-29 00:00:52,381 - INFO - run_attention_stacking - config: base_fusion_mode=attention use_temporal=True image_mode=rgb
2026-04-29 00:00:52,381 - INFO - run_attention_stacking - stacking config: level=two_level calibration=temp threshold_objective=accuracy minority_lambda=0.300 oof_folds=5
2026-04-29 00:00:52,381 - INFO - fusion_common - 加载融合数据 - 图像目录: /home/shuora/Traffic/FusionModel/ProcessedData/mta_multiclass/image_data/Train, Pcap目录: /home/shuora/Traffic/FusionModel/ProcessedData/mta_multiclass/pcap_data/Train
2026-04-29 00:00:52,654 - INFO - fusion_common - 融合索引缓存命中: /home/shuora/Traffic/FusionModel/ProcessedData/mta_multiclass/image_data/Train/.fusion_index_cache_v1_homeshuoratrafficfusionmodel_homeshuoratrafficfusionmodel.json, 样本数: 128188
2026-04-29 00:00:52,770 - INFO - fusion_common - 融合数据加载完成，类别数: 7, 样本总数: 128188
2026-04-29 00:00:52,770 - INFO - fusion_common - 加载融合数据 - 图像目录: /home/shuora/Traffic/FusionModel/ProcessedData/mta_multiclass/image_data/Test, Pcap目录: /home/shuora/Traffic/FusionModel/ProcessedData/mta_multiclass/pcap_data/Test
2026-04-29 00:00:52,884 - INFO - fusion_common - 融合索引缓存命中: /home/shuora/Traffic/FusionModel/ProcessedData/mta_multiclass/image_data/Test/.fusion_index_cache_v1_homeshuoratrafficfusionmodel_homeshuoratrafficfusionmodel.json, 样本数: 32050
2026-04-29 00:00:52,886 - INFO - fusion_common - 融合数据加载完成，类别数: 7, 样本总数: 32050
2026-04-29 00:00:52,886 - INFO - fusion_common - 初始化融合模型，融合模式: attention
2026-04-29 00:00:52,947 - INFO - fusion_common - 融合模型初始化完成，分类头设置为 7 个类别
2026-04-29 00:00:52,947 - INFO - fusion_common - 开始训练融合模型
2026-04-29 00:00:52,947 - INFO - fusion_common - 训练参数 - Epochs: 32, Learning Rate: 0.001, Early Stopping Patience: 4
2026-04-29 00:00:52,947 - INFO - fusion_common - 训练策略 - class_balance: weighted_sampler_loss, loss_type: focal, focal_gamma: 1.500, weight_decay: 0.000100, label_smoothing: 0.0300, early_stop_metric: val_f1, lr_scheduler: reduce, val_every: 1
2026-04-29 00:00:52,947 - INFO - fusion_common - 训练保护 - grad_clip_norm: 1.000, max_consecutive_invalid_batches: 128
2026-04-29 00:00:52,947 - INFO - fusion_common - DataLoader参数 - train_batches: 4005, val_batches: 1002, batch_size: 32, num_workers: 4, pin_memory: True
2026-04-29 00:00:53,148 - INFO - fusion_common - 使用 class-weighted CrossEntropyLoss
2026-04-29 00:00:53,149 - INFO - fusion_common - Epoch 1/32
2026-04-29 00:08:38,205 - INFO - fusion_common - Epoch 1 结果: 训练 Loss: 0.5872, 训练 Acc: 0.6517, 训练 F1: 0.6059 | 验证 Loss: 0.3411, 验证 Acc: 0.7510, 验证 F1: 0.6603
2026-04-29 00:08:38,232 - INFO - fusion_common - 早停计数器: 0/4
2026-04-29 00:08:38,233 - INFO - fusion_common - 当前学习率: 0.00100000
2026-04-29 00:08:38,233 - INFO - fusion_common - Epoch 2/32
2026-04-29 00:15:41,330 - INFO - fusion_common - Epoch 2 结果: 训练 Loss: 0.3917, 训练 Acc: 0.7767, 训练 F1: 0.7344 | 验证 Loss: 0.2800, 验证 Acc: 0.8002, 验证 F1: 0.7260
2026-04-29 00:15:41,352 - INFO - fusion_common - 早停计数器: 0/4
2026-04-29 00:15:41,352 - INFO - fusion_common - 当前学习率: 0.00100000
2026-04-29 00:15:41,353 - INFO - fusion_common - Epoch 3/32
2026-04-29 00:22:44,821 - INFO - fusion_common - Epoch 3 结果: 训练 Loss: 0.3301, 训练 Acc: 0.8131, 训练 F1: 0.7724 | 验证 Loss: 0.2251, 验证 Acc: 0.8686, 验证 F1: 0.7794
2026-04-29 00:22:44,844 - INFO - fusion_common - 早停计数器: 0/4
2026-04-29 00:22:44,844 - INFO - fusion_common - 当前学习率: 0.00100000
2026-04-29 00:22:44,844 - INFO - fusion_common - Epoch 4/32
2026-04-29 00:29:56,260 - INFO - fusion_common - Epoch 4 结果: 训练 Loss: 0.2985, 训练 Acc: 0.8339, 训练 F1: 0.7957 | 验证 Loss: 0.2126, 验证 Acc: 0.8787, 验证 F1: 0.7948
2026-04-29 00:29:56,282 - INFO - fusion_common - 早停计数器: 0/4
2026-04-29 00:29:56,282 - INFO - fusion_common - 当前学习率: 0.00100000
2026-04-29 00:29:56,282 - INFO - fusion_common - Epoch 5/32
2026-04-29 00:37:04,674 - INFO - fusion_common - Epoch 5 结果: 训练 Loss: 0.2749, 训练 Acc: 0.8458, 训练 F1: 0.8096 | 验证 Loss: 0.2428, 验证 Acc: 0.8581, 验证 F1: 0.7683
2026-04-29 00:37:04,677 - INFO - fusion_common - 早停计数器: 1/4
2026-04-29 00:37:04,677 - INFO - fusion_common - 当前学习率: 0.00100000
2026-04-29 00:37:04,677 - INFO - fusion_common - Epoch 6/32
2026-04-29 00:44:12,174 - INFO - fusion_common - Epoch 6 结果: 训练 Loss: 0.2537, 训练 Acc: 0.8576, 训练 F1: 0.8232 | 验证 Loss: 0.2062, 验证 Acc: 0.8922, 验证 F1: 0.8108
2026-04-29 00:44:12,197 - INFO - fusion_common - 早停计数器: 0/4
2026-04-29 00:44:12,197 - INFO - fusion_common - 当前学习率: 0.00100000
2026-04-29 00:44:12,197 - INFO - fusion_common - Epoch 7/32
2026-04-29 00:51:15,052 - INFO - fusion_common - Epoch 7 结果: 训练 Loss: 0.2357, 训练 Acc: 0.8655, 训练 F1: 0.8316 | 验证 Loss: 0.1901, 验证 Acc: 0.8850, 验证 F1: 0.8000
2026-04-29 00:51:15,055 - INFO - fusion_common - 早停计数器: 1/4
2026-04-29 00:51:15,055 - INFO - fusion_common - 当前学习率: 0.00100000
2026-04-29 00:51:15,055 - INFO - fusion_common - Epoch 8/32
2026-04-29 00:58:20,191 - INFO - fusion_common - Epoch 8 结果: 训练 Loss: 0.2232, 训练 Acc: 0.8736, 训练 F1: 0.8417 | 验证 Loss: 0.1916, 验证 Acc: 0.8788, 验证 F1: 0.7954
2026-04-29 00:58:20,194 - INFO - fusion_common - 早停计数器: 2/4
2026-04-29 00:58:20,194 - INFO - fusion_common - 当前学习率: 0.00100000
2026-04-29 00:58:20,194 - INFO - fusion_common - Epoch 9/32
2026-04-29 01:05:34,866 - INFO - fusion_common - Epoch 9 结果: 训练 Loss: 0.2161, 训练 Acc: 0.8785, 训练 F1: 0.8468 | 验证 Loss: 0.1796, 验证 Acc: 0.9009, 验证 F1: 0.8235
2026-04-29 01:05:34,887 - INFO - fusion_common - 早停计数器: 0/4
2026-04-29 01:05:34,887 - INFO - fusion_common - 当前学习率: 0.00100000
2026-04-29 01:05:34,888 - INFO - fusion_common - Epoch 10/32
2026-04-29 01:12:40,083 - INFO - fusion_common - Epoch 10 结果: 训练 Loss: 0.2019, 训练 Acc: 0.8863, 训练 F1: 0.8564 | 验证 Loss: 0.1925, 验证 Acc: 0.9069, 验证 F1: 0.8300
2026-04-29 01:12:40,102 - INFO - fusion_common - 早停计数器: 0/4
2026-04-29 01:12:40,102 - INFO - fusion_common - 当前学习率: 0.00100000
2026-04-29 01:12:40,102 - INFO - fusion_common - Epoch 11/32
2026-04-29 01:19:41,361 - INFO - fusion_common - Epoch 11 结果: 训练 Loss: 0.1911, 训练 Acc: 0.8928, 训练 F1: 0.8636 | 验证 Loss: 0.1903, 验证 Acc: 0.9071, 验证 F1: 0.8286
2026-04-29 01:19:41,362 - INFO - fusion_common - 早停计数器: 1/4
2026-04-29 01:19:41,362 - INFO - fusion_common - 当前学习率: 0.00100000
2026-04-29 01:19:41,363 - INFO - fusion_common - Epoch 12/32
2026-04-29 01:26:44,861 - INFO - fusion_common - Epoch 12 结果: 训练 Loss: 0.1831, 训练 Acc: 0.8977, 训练 F1: 0.8691 | 验证 Loss: 0.1808, 验证 Acc: 0.9132, 验证 F1: 0.8405
2026-04-29 01:26:44,885 - INFO - fusion_common - 早停计数器: 0/4
2026-04-29 01:26:44,885 - INFO - fusion_common - 当前学习率: 0.00100000
2026-04-29 01:26:44,885 - INFO - fusion_common - Epoch 13/32
2026-04-29 01:33:55,875 - INFO - fusion_common - Epoch 13 结果: 训练 Loss: 0.1774, 训练 Acc: 0.9016, 训练 F1: 0.8742 | 验证 Loss: 0.1769, 验证 Acc: 0.9126, 验证 F1: 0.8423
2026-04-29 01:33:55,897 - INFO - fusion_common - 早停计数器: 0/4
2026-04-29 01:33:55,898 - INFO - fusion_common - 当前学习率: 0.00100000
2026-04-29 01:33:55,898 - INFO - fusion_common - Epoch 14/32
2026-04-29 01:41:06,486 - INFO - fusion_common - Epoch 14 结果: 训练 Loss: 0.1687, 训练 Acc: 0.9078, 训练 F1: 0.8817 | 验证 Loss: 0.1660, 验证 Acc: 0.9232, 验证 F1: 0.8566
2026-04-29 01:41:06,509 - INFO - fusion_common - 早停计数器: 0/4
2026-04-29 01:41:06,509 - INFO - fusion_common - 当前学习率: 0.00100000
2026-04-29 01:41:06,509 - INFO - fusion_common - Epoch 15/32
2026-04-29 01:48:15,839 - INFO - fusion_common - Epoch 15 结果: 训练 Loss: 0.1633, 训练 Acc: 0.9107, 训练 F1: 0.8850 | 验证 Loss: 0.1884, 验证 Acc: 0.9257, 验证 F1: 0.8610
2026-04-29 01:48:15,876 - INFO - fusion_common - 早停计数器: 0/4
2026-04-29 01:48:15,876 - INFO - fusion_common - 当前学习率: 0.00100000
2026-04-29 01:48:15,876 - INFO - fusion_common - Epoch 16/32
2026-04-29 01:55:15,849 - INFO - fusion_common - Epoch 16 结果: 训练 Loss: 0.1558, 训练 Acc: 0.9151, 训练 F1: 0.8901 | 验证 Loss: 0.1846, 验证 Acc: 0.9217, 验证 F1: 0.8541
2026-04-29 01:55:15,852 - INFO - fusion_common - 早停计数器: 1/4
2026-04-29 01:55:15,852 - INFO - fusion_common - 当前学习率: 0.00100000
2026-04-29 01:55:15,852 - INFO - fusion_common - Epoch 17/32
2026-04-29 02:02:20,349 - INFO - fusion_common - Epoch 17 结果: 训练 Loss: 0.1520, 训练 Acc: 0.9165, 训练 F1: 0.8923 | 验证 Loss: 0.1659, 验证 Acc: 0.9324, 验证 F1: 0.8707
2026-04-29 02:02:20,370 - INFO - fusion_common - 早停计数器: 0/4
2026-04-29 02:02:20,371 - INFO - fusion_common - 当前学习率: 0.00100000
2026-04-29 02:02:20,371 - INFO - fusion_common - Epoch 18/32
2026-04-29 02:09:28,838 - INFO - fusion_common - Epoch 18 结果: 训练 Loss: 0.1464, 训练 Acc: 0.9205, 训练 F1: 0.8972 | 验证 Loss: 0.1654, 验证 Acc: 0.9318, 验证 F1: 0.8651
2026-04-29 02:09:28,840 - INFO - fusion_common - 早停计数器: 1/4
2026-04-29 02:09:28,840 - INFO - fusion_common - 当前学习率: 0.00100000
2026-04-29 02:09:28,840 - INFO - fusion_common - Epoch 19/32
2026-04-29 02:16:37,482 - INFO - fusion_common - Epoch 19 结果: 训练 Loss: 0.1424, 训练 Acc: 0.9228, 训练 F1: 0.9002 | 验证 Loss: 0.1845, 验证 Acc: 0.9277, 验证 F1: 0.8706
2026-04-29 02:16:37,483 - INFO - fusion_common - 早停计数器: 2/4
2026-04-29 02:16:37,483 - INFO - fusion_common - 当前学习率: 0.00100000
2026-04-29 02:16:37,484 - INFO - fusion_common - Epoch 20/32
2026-04-29 02:23:35,839 - INFO - fusion_common - Epoch 20 结果: 训练 Loss: 0.1361, 训练 Acc: 0.9256, 训练 F1: 0.9038 | 验证 Loss: 0.1838, 验证 Acc: 0.9371, 验证 F1: 0.8731
2026-04-29 02:23:35,865 - INFO - fusion_common - 早停计数器: 0/4
2026-04-29 02:23:35,865 - INFO - fusion_common - 当前学习率: 0.00100000
2026-04-29 02:23:35,865 - INFO - fusion_common - Epoch 21/32
2026-04-29 02:30:38,911 - INFO - fusion_common - Epoch 21 结果: 训练 Loss: 0.1309, 训练 Acc: 0.9286, 训练 F1: 0.9080 | 验证 Loss: 0.1881, 验证 Acc: 0.9317, 验证 F1: 0.8741
2026-04-29 02:30:38,914 - INFO - fusion_common - 早停计数器: 1/4
2026-04-29 02:30:38,914 - INFO - fusion_common - 当前学习率: 0.00100000
2026-04-29 02:30:38,914 - INFO - fusion_common - Epoch 22/32
2026-04-29 02:37:45,336 - INFO - fusion_common - Epoch 22 结果: 训练 Loss: 0.1301, 训练 Acc: 0.9301, 训练 F1: 0.9095 | 验证 Loss: 0.1565, 验证 Acc: 0.9402, 验证 F1: 0.8842
2026-04-29 02:37:45,358 - INFO - fusion_common - 早停计数器: 0/4
2026-04-29 02:37:45,359 - INFO - fusion_common - 当前学习率: 0.00100000
2026-04-29 02:37:45,359 - INFO - fusion_common - Epoch 23/32
2026-04-29 02:44:55,800 - INFO - fusion_common - Epoch 23 结果: 训练 Loss: 0.1266, 训练 Acc: 0.9325, 训练 F1: 0.9133 | 验证 Loss: 0.1633, 验证 Acc: 0.9360, 验证 F1: 0.8788
2026-04-29 02:44:55,803 - INFO - fusion_common - 早停计数器: 1/4
2026-04-29 02:44:55,803 - INFO - fusion_common - 当前学习率: 0.00100000
2026-04-29 02:44:55,803 - INFO - fusion_common - Epoch 24/32
2026-04-29 02:52:01,865 - INFO - fusion_common - Epoch 24 结果: 训练 Loss: 0.1238, 训练 Acc: 0.9328, 训练 F1: 0.9130 | 验证 Loss: 0.1977, 验证 Acc: 0.9399, 验证 F1: 0.8822
2026-04-29 02:52:01,869 - INFO - fusion_common - 早停计数器: 2/4
2026-04-29 02:52:01,869 - INFO - fusion_common - 当前学习率: 0.00100000
2026-04-29 02:52:01,869 - INFO - fusion_common - Epoch 25/32
2026-04-29 02:59:04,165 - INFO - fusion_common - Epoch 25 结果: 训练 Loss: 0.1202, 训练 Acc: 0.9361, 训练 F1: 0.9173 | 验证 Loss: 0.1736, 验证 Acc: 0.9440, 验证 F1: 0.8947
2026-04-29 02:59:04,202 - INFO - fusion_common - 早停计数器: 0/4
2026-04-29 02:59:04,203 - INFO - fusion_common - 当前学习率: 0.00100000
2026-04-29 02:59:04,203 - INFO - fusion_common - Epoch 26/32
2026-04-29 03:06:11,193 - INFO - fusion_common - Epoch 26 结果: 训练 Loss: 0.1171, 训练 Acc: 0.9375, 训练 F1: 0.9196 | 验证 Loss: 0.1610, 验证 Acc: 0.9359, 验证 F1: 0.8775
2026-04-29 03:06:11,197 - INFO - fusion_common - 早停计数器: 1/4
2026-04-29 03:06:11,198 - INFO - fusion_common - 当前学习率: 0.00100000
2026-04-29 03:06:11,198 - INFO - fusion_common - Epoch 27/32
2026-04-29 03:13:23,909 - INFO - fusion_common - Epoch 27 结果: 训练 Loss: 0.1125, 训练 Acc: 0.9410, 训练 F1: 0.9235 | 验证 Loss: 0.1590, 验证 Acc: 0.9483, 验证 F1: 0.8973
2026-04-29 03:13:23,931 - INFO - fusion_common - 早停计数器: 0/4
2026-04-29 03:13:23,931 - INFO - fusion_common - 当前学习率: 0.00100000
2026-04-29 03:13:23,931 - INFO - fusion_common - Epoch 28/32
2026-04-29 03:20:30,876 - INFO - fusion_common - Epoch 28 结果: 训练 Loss: 0.1101, 训练 Acc: 0.9420, 训练 F1: 0.9248 | 验证 Loss: 0.1706, 验证 Acc: 0.9490, 验证 F1: 0.9007
2026-04-29 03:20:30,894 - INFO - fusion_common - 早停计数器: 0/4
2026-04-29 03:20:30,895 - INFO - fusion_common - 当前学习率: 0.00100000
2026-04-29 03:20:30,895 - INFO - fusion_common - Epoch 29/32
2026-04-29 03:24:52,497 - WARNING - fusion_common - 训练损失无效（NaN/Inf），跳过该 batch: epoch=29 batch=2628/4005
2026-04-29 03:26:09,613 - WARNING - fusion_common - 训练损失无效（NaN/Inf），跳过该 batch: epoch=29 batch=3440/4005
2026-04-29 03:26:10,671 - WARNING - fusion_common - 训练损失无效（NaN/Inf），跳过该 batch: epoch=29 batch=3452/4005
2026-04-29 03:26:15,334 - WARNING - fusion_common - 训练损失无效（NaN/Inf），跳过该 batch: epoch=29 batch=3502/4005
2026-04-29 03:26:16,419 - WARNING - fusion_common - 训练损失无效（NaN/Inf），跳过该 batch: epoch=29 batch=3514/4005
2026-04-29 03:26:17,661 - WARNING - fusion_common - 训练损失无效（NaN/Inf），跳过该 batch: epoch=29 batch=3527/4005
2026-04-29 03:26:19,597 - WARNING - fusion_common - 训练损失无效（NaN/Inf），跳过该 batch: epoch=29 batch=3548/4005
2026-04-29 03:26:24,429 - WARNING - fusion_common - 训练损失无效（NaN/Inf），跳过该 batch: epoch=29 batch=3599/4005
2026-04-29 03:26:28,268 - WARNING - fusion_common - 训练损失无效（NaN/Inf），跳过该 batch: epoch=29 batch=3640/4005
2026-04-29 03:26:29,056 - WARNING - fusion_common - 训练损失无效（NaN/Inf），跳过该 batch: epoch=29 batch=3649/4005
2026-04-29 03:26:29,760 - WARNING - fusion_common - 训练损失无效（NaN/Inf），跳过该 batch: epoch=29 batch=3657/4005
2026-04-29 03:26:39,775 - WARNING - fusion_common - 训练损失无效（NaN/Inf），跳过该 batch: epoch=29 batch=3762/4005
2026-04-29 03:26:45,034 - WARNING - fusion_common - 训练损失无效（NaN/Inf），跳过该 batch: epoch=29 batch=3818/4005
2026-04-29 03:26:46,035 - WARNING - fusion_common - 训练损失无效（NaN/Inf），跳过该 batch: epoch=29 batch=3829/4005
2026-04-29 03:26:52,080 - WARNING - fusion_common - 训练损失无效（NaN/Inf），跳过该 batch: epoch=29 batch=3893/4005
2026-04-29 03:26:52,665 - WARNING - fusion_common - 训练损失无效（NaN/Inf），跳过该 batch: epoch=29 batch=3900/4005
2026-04-29 03:26:56,656 - WARNING - fusion_common - 训练损失无效（NaN/Inf），跳过该 batch: epoch=29 batch=3942/4005
2026-04-29 03:26:57,463 - WARNING - fusion_common - 训练损失无效（NaN/Inf），跳过该 batch: epoch=29 batch=3951/4005
2026-04-29 03:26:57,581 - WARNING - fusion_common - 训练损失无效（NaN/Inf），跳过该 batch: epoch=29 batch=3953/4005
2026-04-29 03:26:57,608 - WARNING - fusion_common - 训练损失无效（NaN/Inf），跳过该 batch: epoch=29 batch=3954/4005
2026-04-29 03:27:26,617 - INFO - fusion_common - Epoch 29 结果: 训练 Loss: 0.1090, 训练 Acc: 0.9438, 训练 F1: 0.9273 | 验证 Loss: nan, 验证 Acc: 0.0655, 验证 F1: 0.0176
2026-04-29 03:27:26,617 - INFO - fusion_common - 早停计数器: 1/4
2026-04-29 03:27:26,617 - INFO - fusion_common - 当前学习率: 0.00100000
2026-04-29 03:27:26,617 - INFO - fusion_common - Epoch 30/32
2026-04-29 03:29:06,908 - WARNING - fusion_common - 训练损失无效（NaN/Inf），跳过该 batch: epoch=30 batch=1126/4005
2026-04-29 03:29:27,560 - WARNING - fusion_common - 训练损失无效（NaN/Inf），跳过该 batch: epoch=30 batch=1486/4005
2026-04-29 03:29:38,738 - WARNING - fusion_common - 训练损失无效（NaN/Inf），跳过该 batch: epoch=30 batch=1750/4005
2026-04-29 03:29:53,692 - WARNING - fusion_common - 训练损失无效（NaN/Inf），跳过该 batch: epoch=30 batch=2054/4005
2026-04-29 03:30:30,240 - WARNING - fusion_common - 训练损失无效（NaN/Inf），跳过该 batch: epoch=30 batch=2583/4005
2026-04-29 03:30:48,812 - WARNING - fusion_common - 训练损失无效（NaN/Inf），跳过该 batch: epoch=30 batch=2921/4005
2026-04-29 03:30:55,347 - WARNING - fusion_common - 训练损失无效（NaN/Inf），跳过该 batch: epoch=30 batch=3136/4005
2026-04-29 03:30:57,427 - ERROR - fusion_common - 连续无效 batch 达到阈值，终止训练: epoch=30 batch=3216/4005 reason=consecutive_invalid_batches(loss)>=128
2026-04-29 03:30:57,476 - WARNING - fusion_common - 检测到训练异常，已恢复最佳权重并提前停止训练。
2026-04-29 03:30:57,476 - ERROR - fusion_common - 训练失败保护触发，在第 30 轮停止。reason=consecutive_invalid_batches(loss)>=128
2026-04-29 03:30:57,476 - INFO - fusion_common - 融合模型训练完成
2026-04-29 03:31:00,361 - INFO - run_attention_stacking - [AttentionDiag] mean=0.001276 min=0.000000 max=0.500006 entropy=5.6233 top1=0.0111 top5=0.0381 top10=0.0642 nonpad_mass=1.0000 pad_mass=0.0000 nonpad_frac=0.4419
2026-04-29 03:31:00,900 - INFO - run_attention_stacking - [AttentionDiag] saved attention curve: /home/shuora/Traffic/FusionModel/outputs/mta_multiclass/score_chasing_v2/attention_stacking_20260429_000052/attention_curve.png
2026-04-29 03:31:00,900 - INFO - run_attention_stacking - saved attention_curve: /home/shuora/Traffic/FusionModel/outputs/mta_multiclass/score_chasing_v2/attention_stacking_20260429_000052/attention_curve.png (exists=True)
2026-04-29 03:31:01,018 - INFO - run_attention_stacking - saved metrics_curve: /home/shuora/Traffic/FusionModel/outputs/mta_multiclass/score_chasing_v2/attention_stacking_20260429_000052/metrics_curve.png (exists=True)
2026-04-29 03:31:25,838 - INFO - run_attention_stacking - saved confusion_matrix: /home/shuora/Traffic/FusionModel/outputs/mta_multiclass/score_chasing_v2/attention_stacking_20260429_000052/confusion_matrix.png (exists=True)
2026-04-29 03:31:25,838 - INFO - run_attention_stacking - saved report: /home/shuora/Traffic/FusionModel/outputs/mta_multiclass/score_chasing_v2/attention_stacking_20260429_000052/report.md (exists=True)
2026-04-29 03:40:35,947 - INFO - run_attention_stacking - meta feature extraction completed: train_samples=128188 test_samples=32050
2026-04-29 04:01:25,053 - INFO - run_attention_stacking - [attention_stacking_xgboost] acc=0.9817 macro_f1=0.9501
2026-04-29 04:01:25,055 - INFO - run_attention_stacking - [attention_stacking_xgboost] 分类报告:
              precision    recall  f1-score   support

           0     0.9677    0.9990    0.9831      2098
           1     0.8859    0.8210    0.8522      1078
           2     0.9911    0.9693    0.9801      3229
           3     0.9230    0.8378    0.8784      1073
           4     0.9922    0.9969    0.9946     10731
           5     0.9501    0.9826    0.9661      3158
           6     0.9952    0.9973    0.9963     10683

    accuracy                         0.9817     32050
   macro avg     0.9579    0.9434    0.9501     32050
weighted avg     0.9815    0.9817    0.9814     32050

2026-04-29 04:01:25,055 - INFO - run_attention_stacking - [attention_stacking_xgboost] 混淆矩阵:
[[ 2096     1     0     0     0     1     0]
 [   27   885    11    41    23    81    10]
 [    7     7  3130    19    19    31    16]
 [   21    65    12   899    27    34    15]
 [    0    10     0     5 10698     8    10]
 [   11    30     1     6     7  3103     0]
 [    4     1     4     4     8     8 10654]]
2026-04-29 04:01:25,266 - INFO - run_attention_stacking - saved confusion_matrix_xgboost: /home/shuora/Traffic/FusionModel/outputs/mta_multiclass/score_chasing_v2/attention_stacking_20260429_000052/confusion_matrix_xgboost.png (exists=True)
2026-04-29 04:01:25,267 - INFO - run_attention_stacking - saved report_xgboost: /home/shuora/Traffic/FusionModel/outputs/mta_multiclass/score_chasing_v2/attention_stacking_20260429_000052/report_xgboost.md (exists=True)
2026-04-29 04:01:25,299 - INFO - run_attention_stacking - saved meta_model_xgboost: /home/shuora/Traffic/FusionModel/outputs/mta_multiclass/score_chasing_v2/attention_stacking_20260429_000052/meta_model_xgboost.pkl (exists=True)
2026-04-29 04:12:36,102 - INFO - run_attention_stacking - [attention_stacking_lightgbm] acc=0.9852 macro_f1=0.9557
2026-04-29 04:12:36,102 - INFO - run_attention_stacking - [attention_stacking_lightgbm] 分类报告:
              precision    recall  f1-score   support

           0     0.9758    1.0000    0.9878      2098
           1     0.9052    0.8237    0.8626      1078
           2     0.9927    0.9731    0.9828      3229
           3     0.9376    0.8406    0.8865      1073
           4     0.9942    0.9993    0.9967     10731
           5     0.9573    0.9946    0.9756      3158
           6     0.9961    1.0000    0.9980     10683

    accuracy                         0.9852     32050
   macro avg     0.9656    0.9473    0.9557     32050
weighted avg     0.9849    0.9852    0.9849     32050

2026-04-29 04:12:36,102 - INFO - run_attention_stacking - [attention_stacking_lightgbm] 混淆矩阵:
[[ 2098     0     0     0     0     0     0]
 [   26   888    11    43    20    80    10]
 [    5     7  3142    17    17    27    14]
 [   21    63    12   902    24    33    18]
 [    0     8     0     0 10723     0     0]
 [    0    15     0     0     2  3141     0]
 [    0     0     0     0     0     0 10683]]
2026-04-29 04:12:36,198 - INFO - run_attention_stacking - saved confusion_matrix_lightgbm: /home/shuora/Traffic/FusionModel/outputs/mta_multiclass/score_chasing_v2/attention_stacking_20260429_000052/confusion_matrix_lightgbm.png (exists=True)
2026-04-29 04:12:36,198 - INFO - run_attention_stacking - saved report_lightgbm: /home/shuora/Traffic/FusionModel/outputs/mta_multiclass/score_chasing_v2/attention_stacking_20260429_000052/report_lightgbm.md (exists=True)
2026-04-29 04:12:36,262 - INFO - run_attention_stacking - saved meta_model_lightgbm: /home/shuora/Traffic/FusionModel/outputs/mta_multiclass/score_chasing_v2/attention_stacking_20260429_000052/meta_model_lightgbm.pkl (exists=True)
2026-04-29 04:19:50,560 - INFO - run_attention_stacking - [attention_stacking_catboost] acc=0.9559 macro_f1=0.9101
2026-04-29 04:19:50,565 - INFO - run_attention_stacking - [attention_stacking_catboost] 分类报告:
              precision    recall  f1-score   support

           0     0.9061    0.9657    0.9349      2098
           1     0.7643    0.8061    0.7847      1078
           2     0.9756    0.9548    0.9651      3229
           3     0.8313    0.8127    0.8219      1073
           4     0.9828    0.9762    0.9795     10731
           5     0.8878    0.9218    0.9045      3158
           6     0.9876    0.9734    0.9804     10683

    accuracy                         0.9559     32050
   macro avg     0.9051    0.9158    0.9101     32050
weighted avg     0.9569    0.9559    0.9562     32050

2026-04-29 04:19:50,565 - INFO - run_attention_stacking - [attention_stacking_catboost] 混淆矩阵:
[[ 2026    19     1     8     6    23    15]
 [   36   869     7    49    23    82    12]
 [   11     9  3083    23    28    51    24]
 [   28    66    14   872    35    42    16]
 [   16    48     5    42 10476    95    49]
 [   48   101    13    25    45  2911    15]
 [   71    25    37    30    46    75 10399]]
2026-04-29 04:19:51,237 - INFO - run_attention_stacking - saved confusion_matrix_catboost: /home/shuora/Traffic/FusionModel/outputs/mta_multiclass/score_chasing_v2/attention_stacking_20260429_000052/confusion_matrix_catboost.png (exists=True)
2026-04-29 04:19:51,238 - INFO - run_attention_stacking - saved report_catboost: /home/shuora/Traffic/FusionModel/outputs/mta_multiclass/score_chasing_v2/attention_stacking_20260429_000052/report_catboost.md (exists=True)
2026-04-29 04:19:51,241 - INFO - run_attention_stacking - saved meta_model_catboost: /home/shuora/Traffic/FusionModel/outputs/mta_multiclass/score_chasing_v2/attention_stacking_20260429_000052/meta_model_catboost.pkl (exists=True)
2026-04-29 04:20:52,803 - INFO - run_attention_stacking - saved confusion_matrix_two_level_blender: /home/shuora/Traffic/FusionModel/outputs/mta_multiclass/score_chasing_v2/attention_stacking_20260429_000052/confusion_matrix_two_level_blender.png (exists=True)
2026-04-29 04:20:52,804 - INFO - run_attention_stacking - saved report_two_level_blender: /home/shuora/Traffic/FusionModel/outputs/mta_multiclass/score_chasing_v2/attention_stacking_20260429_000052/report_two_level_blender.md (exists=True)
2026-04-29 04:20:52,820 - INFO - run_attention_stacking - [attention_stacking_two_level_blender] acc=0.9837 macro_f1=0.9509 oof_macro_f1=0.9632
2026-04-29 04:20:53,289 - INFO - run_attention_stacking - [attention_stacking_soft_voting] acc=0.9811 macro_f1=0.9491
2026-04-29 04:20:53,289 - INFO - run_attention_stacking - [attention_stacking_soft_voting] 分类报告:
              precision    recall  f1-score   support

           0     0.9650    0.9986    0.9815      2098
           1     0.8835    0.8228    0.8521      1078
           2     0.9927    0.9672    0.9798      3229
           3     0.9124    0.8444    0.8771      1073
           4     0.9923    0.9970    0.9947     10731
           5     0.9481    0.9785    0.9631      3158
           6     0.9952    0.9963    0.9958     10683

    accuracy                         0.9811     32050
   macro avg     0.9556    0.9435    0.9491     32050
weighted avg     0.9808    0.9811    0.9808     32050

2026-04-29 04:20:53,289 - INFO - run_attention_stacking - [attention_stacking_soft_voting] 混淆矩阵:
[[ 2095     1     0     1     0     1     0]
 [   30   887     7    41    22    79    12]
 [    7     7  3123    22    18    37    15]
 [   21    58    11   906    27    34    16]
 [    0    10     0     6 10699     8     8]
 [   13    38     1     9     7  3090     0]
 [    5     3     4     8     9    10 10644]]
2026-04-29 04:20:53,368 - INFO - run_attention_stacking - saved confusion_matrix_soft_voting: /home/shuora/Traffic/FusionModel/outputs/mta_multiclass/score_chasing_v2/attention_stacking_20260429_000052/confusion_matrix_soft_voting.png (exists=True)
2026-04-29 04:20:53,368 - INFO - run_attention_stacking - saved report_soft_voting: /home/shuora/Traffic/FusionModel/outputs/mta_multiclass/score_chasing_v2/attention_stacking_20260429_000052/report_soft_voting.md (exists=True)
2026-04-29 04:20:53,717 - INFO - run_attention_stacking - saved model_base: /home/shuora/Traffic/FusionModel/outputs/mta_multiclass/score_chasing_v2/attention_stacking_20260429_000052/fusion_model_base.pth (exists=True)
2026-04-29 04:20:53,719 - INFO - run_attention_stacking - saved metrics_json: /home/shuora/Traffic/FusionModel/outputs/mta_multiclass/score_chasing_v2/attention_stacking_20260429_000052/metrics.json (exists=True)
2026-04-29 04:20:53,719 - INFO - run_attention_stacking - saved epoch_metrics_csv: /home/shuora/Traffic/FusionModel/outputs/mta_multiclass/score_chasing_v2/attention_stacking_20260429_000052/epoch_metrics.csv (exists=True)
2026-04-29 04:20:53,719 - INFO - run_attention_stacking - Saved minority recall gain data: /home/shuora/Traffic/FusionModel/outputs/mta_multiclass/score_chasing_v2/attention_stacking_20260429_000052/minority_recall_gain.json
2026-04-29 04:20:53,719 - INFO - run_attention_stacking - done stacking: run_dir=/home/shuora/Traffic/FusionModel/outputs/mta_multiclass/score_chasing_v2/attention_stacking_20260429_000052 log=/home/shuora/Traffic/FusionModel/outputs/mta_multiclass/score_chasing_v2/attention_stacking_20260429_000052/train.log
