2026-04-05 17:59:05,641 - INFO - run_attention_stacking - start stacking: base=attention output_root=/home/shuora/Traffic/FusionModel/outputs/mta_multiclass/attention_stacking run_dir=/home/shuora/Traffic/FusionModel/outputs/mta_multiclass/attention_stacking/attention_stacking_20260405_175905
2026-04-05 17:59:05,641 - INFO - fusion_common - 加载融合数据 - 图像目录: /home/shuora/Traffic/FusionModel/ProcessedData/mta_multiclass/image_data/Train, Pcap目录: /home/shuora/Traffic/FusionModel/ProcessedData/mta_multiclass/pcap_data/Train
2026-04-05 17:59:05,676 - INFO - fusion_common - 融合数据索引进度: 1/7 类别 (Dridex)
2026-04-05 17:59:05,777 - INFO - fusion_common - 融合数据索引进度: 2/7 类别 (Emotet)
2026-04-05 17:59:07,854 - INFO - fusion_common - 融合数据索引进度: 3/7 类别 (Hancitor)
2026-04-05 17:59:07,904 - INFO - fusion_common - 融合数据索引进度: 4/7 类别 (IcedID)
2026-04-05 17:59:08,034 - INFO - fusion_common - 融合数据索引进度: 5/7 类别 (Qakbot)
2026-04-05 17:59:08,173 - INFO - fusion_common - 融合数据索引进度: 6/7 类别 (Trickbot)
2026-04-05 17:59:08,474 - INFO - fusion_common - 融合数据索引进度: 7/7 类别 (Ursnif)
2026-04-05 17:59:08,942 - INFO - fusion_common - 融合索引缓存已保存: /home/shuora/Traffic/FusionModel/ProcessedData/mta_multiclass/image_data/Train/.fusion_index_cache_v1_homeshuoratrafficfusionmodel_homeshuoratrafficfusionmodel.json
2026-04-05 17:59:08,957 - INFO - fusion_common - 融合数据集加载完成，总样本数: 139864
2026-04-05 17:59:09,092 - INFO - fusion_common - 融合数据加载完成，类别数: 7, 样本总数: 139864
2026-04-05 17:59:09,093 - INFO - fusion_common - 加载融合数据 - 图像目录: /home/shuora/Traffic/FusionModel/ProcessedData/mta_multiclass/image_data/Test, Pcap目录: /home/shuora/Traffic/FusionModel/ProcessedData/mta_multiclass/pcap_data/Test
2026-04-05 17:59:09,100 - INFO - fusion_common - 融合数据索引进度: 1/7 类别 (Dridex)
2026-04-05 17:59:09,118 - INFO - fusion_common - 融合数据索引进度: 2/7 类别 (Emotet)
2026-04-05 17:59:09,488 - INFO - fusion_common - 融合数据索引进度: 3/7 类别 (Hancitor)
2026-04-05 17:59:09,496 - INFO - fusion_common - 融合数据索引进度: 4/7 类别 (IcedID)
2026-04-05 17:59:09,526 - INFO - fusion_common - 融合数据索引进度: 5/7 类别 (Qakbot)
2026-04-05 17:59:09,557 - INFO - fusion_common - 融合数据索引进度: 6/7 类别 (Trickbot)
2026-04-05 17:59:09,593 - INFO - fusion_common - 融合数据索引进度: 7/7 类别 (Ursnif)
2026-04-05 17:59:09,703 - INFO - fusion_common - 融合索引缓存已保存: /home/shuora/Traffic/FusionModel/ProcessedData/mta_multiclass/image_data/Test/.fusion_index_cache_v1_homeshuoratrafficfusionmodel_homeshuoratrafficfusionmodel.json
2026-04-05 17:59:09,707 - INFO - fusion_common - 融合数据集加载完成，总样本数: 34971
2026-04-05 17:59:09,707 - INFO - fusion_common - 融合数据加载完成，类别数: 7, 样本总数: 34971
2026-04-05 17:59:09,707 - INFO - fusion_common - 初始化融合模型，融合模式: attention
2026-04-05 17:59:09,904 - INFO - fusion_common - 融合模型初始化完成，分类头设置为 7 个类别
2026-04-05 17:59:09,904 - INFO - fusion_common - 开始训练融合模型
2026-04-05 17:59:09,904 - INFO - fusion_common - 训练参数 - Epochs: 40, Learning Rate: 0.0003, Early Stopping Patience: 8
2026-04-05 17:59:09,904 - INFO - fusion_common - 训练策略 - class_balance: weighted_sampler_loss, loss_type: focal, focal_gamma: 1.500, weight_decay: 0.000100, label_smoothing: 0.0300, early_stop_metric: val_f1, lr_scheduler: reduce, val_every: 1
2026-04-05 17:59:09,904 - INFO - fusion_common - 训练保护 - grad_clip_norm: 1.000, max_consecutive_invalid_batches: 128
2026-04-05 17:59:09,904 - INFO - fusion_common - DataLoader参数 - train_batches: 4370, val_batches: 1093, batch_size: 32, num_workers: 4, pin_memory: True
2026-04-05 17:59:10,669 - INFO - fusion_common - 使用 class-weighted CrossEntropyLoss
2026-04-05 17:59:10,670 - INFO - fusion_common - Epoch 1/40
2026-04-05 18:07:26,180 - INFO - fusion_common - Epoch 1 结果: 训练 Loss: 0.3101, 训练 Acc: 0.7210, 训练 F1: 0.5710 | 验证 Loss: 0.1436, 验证 Acc: 0.8386, 验证 F1: 0.6150
2026-04-05 18:07:26,208 - INFO - fusion_common - 早停计数器: 0/8
2026-04-05 18:07:26,209 - INFO - fusion_common - 当前学习率: 0.00030000
2026-04-05 18:07:26,209 - INFO - fusion_common - Epoch 2/40
2026-04-05 18:14:55,869 - INFO - fusion_common - Epoch 2 结果: 训练 Loss: 0.1726, 训练 Acc: 0.8283, 训练 F1: 0.7398 | 验证 Loss: 0.1234, 验证 Acc: 0.8537, 验证 F1: 0.6626
2026-04-05 18:14:55,901 - INFO - fusion_common - 早停计数器: 0/8
2026-04-05 18:14:55,901 - INFO - fusion_common - 当前学习率: 0.00030000
2026-04-05 18:14:55,901 - INFO - fusion_common - Epoch 3/40
2026-04-05 18:21:58,269 - INFO - fusion_common - Epoch 3 结果: 训练 Loss: 0.1404, 训练 Acc: 0.8548, 训练 F1: 0.7818 | 验证 Loss: 0.1116, 验证 Acc: 0.8749, 验证 F1: 0.6989
2026-04-05 18:21:58,301 - INFO - fusion_common - 早停计数器: 0/8
2026-04-05 18:21:58,302 - INFO - fusion_common - 当前学习率: 0.00030000
2026-04-05 18:21:58,302 - INFO - fusion_common - Epoch 4/40
2026-04-05 18:29:08,384 - INFO - fusion_common - Epoch 4 结果: 训练 Loss: 0.1217, 训练 Acc: 0.8700, 训练 F1: 0.8051 | 验证 Loss: 0.1091, 验证 Acc: 0.8874, 验证 F1: 0.7237
2026-04-05 18:29:08,401 - INFO - fusion_common - 早停计数器: 0/8
2026-04-05 18:29:08,401 - INFO - fusion_common - 当前学习率: 0.00030000
2026-04-05 18:29:08,401 - INFO - fusion_common - Epoch 5/40
2026-04-05 18:36:24,586 - INFO - fusion_common - Epoch 5 结果: 训练 Loss: 0.1093, 训练 Acc: 0.8804, 训练 F1: 0.8219 | 验证 Loss: 0.1041, 验证 Acc: 0.8919, 验证 F1: 0.7270
2026-04-05 18:36:24,601 - INFO - fusion_common - 早停计数器: 0/8
2026-04-05 18:36:24,601 - INFO - fusion_common - 当前学习率: 0.00030000
2026-04-05 18:36:24,601 - INFO - fusion_common - Epoch 6/40
2026-04-05 18:43:42,654 - INFO - fusion_common - Epoch 6 结果: 训练 Loss: 0.1008, 训练 Acc: 0.8877, 训练 F1: 0.8342 | 验证 Loss: 0.1025, 验证 Acc: 0.8973, 验证 F1: 0.7507
2026-04-05 18:43:42,684 - INFO - fusion_common - 早停计数器: 0/8
2026-04-05 18:43:42,684 - INFO - fusion_common - 当前学习率: 0.00030000
2026-04-05 18:43:42,684 - INFO - fusion_common - Epoch 7/40
2026-04-05 18:51:00,400 - INFO - fusion_common - Epoch 7 结果: 训练 Loss: 0.0939, 训练 Acc: 0.8940, 训练 F1: 0.8433 | 验证 Loss: 0.0960, 验证 Acc: 0.9045, 验证 F1: 0.7667
2026-04-05 18:51:00,416 - INFO - fusion_common - 早停计数器: 0/8
2026-04-05 18:51:00,416 - INFO - fusion_common - 当前学习率: 0.00030000
2026-04-05 18:51:00,416 - INFO - fusion_common - Epoch 8/40
2026-04-05 18:58:15,587 - INFO - fusion_common - Epoch 8 结果: 训练 Loss: 0.0877, 训练 Acc: 0.9010, 训练 F1: 0.8542 | 验证 Loss: 0.0993, 验证 Acc: 0.9020, 验证 F1: 0.7622
2026-04-05 18:58:15,587 - INFO - fusion_common - 早停计数器: 1/8
2026-04-05 18:58:15,587 - INFO - fusion_common - 当前学习率: 0.00030000
2026-04-05 18:58:15,587 - INFO - fusion_common - Epoch 9/40
2026-04-05 19:05:19,383 - INFO - fusion_common - Epoch 9 结果: 训练 Loss: 0.0847, 训练 Acc: 0.9035, 训练 F1: 0.8592 | 验证 Loss: 0.1028, 验证 Acc: 0.9060, 验证 F1: 0.7671
2026-04-05 19:05:19,383 - INFO - fusion_common - 早停计数器: 2/8
2026-04-05 19:05:19,383 - INFO - fusion_common - 当前学习率: 0.00030000
2026-04-05 19:05:19,383 - INFO - fusion_common - Epoch 10/40
2026-04-05 19:12:41,387 - INFO - fusion_common - Epoch 10 结果: 训练 Loss: 0.0792, 训练 Acc: 0.9085, 训练 F1: 0.8660 | 验证 Loss: 0.1052, 验证 Acc: 0.9139, 验证 F1: 0.7814
2026-04-05 19:12:41,404 - INFO - fusion_common - 早停计数器: 0/8
2026-04-05 19:12:41,404 - INFO - fusion_common - 当前学习率: 0.00030000
2026-04-05 19:12:41,404 - INFO - fusion_common - Epoch 11/40
2026-04-05 19:19:54,209 - INFO - fusion_common - Epoch 11 结果: 训练 Loss: 0.0760, 训练 Acc: 0.9115, 训练 F1: 0.8706 | 验证 Loss: 0.1054, 验证 Acc: 0.9026, 验证 F1: 0.7687
2026-04-05 19:19:54,209 - INFO - fusion_common - 早停计数器: 1/8
2026-04-05 19:19:54,209 - INFO - fusion_common - 当前学习率: 0.00030000
2026-04-05 19:19:54,209 - INFO - fusion_common - Epoch 12/40
2026-04-05 19:27:13,294 - INFO - fusion_common - Epoch 12 结果: 训练 Loss: 0.0735, 训练 Acc: 0.9127, 训练 F1: 0.8734 | 验证 Loss: 0.0957, 验证 Acc: 0.9110, 验证 F1: 0.7798
2026-04-05 19:27:13,294 - INFO - fusion_common - 早停计数器: 2/8
2026-04-05 19:27:13,294 - INFO - fusion_common - 当前学习率: 0.00030000
2026-04-05 19:27:13,294 - INFO - fusion_common - Epoch 13/40
2026-04-05 19:34:24,339 - INFO - fusion_common - Epoch 13 结果: 训练 Loss: 0.0709, 训练 Acc: 0.9162, 训练 F1: 0.8775 | 验证 Loss: 0.0955, 验证 Acc: 0.9213, 验证 F1: 0.8046
2026-04-05 19:34:24,358 - INFO - fusion_common - 早停计数器: 0/8
2026-04-05 19:34:24,358 - INFO - fusion_common - 当前学习率: 0.00030000
2026-04-05 19:34:24,358 - INFO - fusion_common - Epoch 14/40
2026-04-05 19:41:35,904 - INFO - fusion_common - Epoch 14 结果: 训练 Loss: 0.0680, 训练 Acc: 0.9189, 训练 F1: 0.8829 | 验证 Loss: 0.0948, 验证 Acc: 0.9167, 验证 F1: 0.7975
2026-04-05 19:41:35,904 - INFO - fusion_common - 早停计数器: 1/8
2026-04-05 19:41:35,904 - INFO - fusion_common - 当前学习率: 0.00030000
2026-04-05 19:41:35,904 - INFO - fusion_common - Epoch 15/40
2026-04-05 19:48:59,054 - INFO - fusion_common - Epoch 15 结果: 训练 Loss: 0.0666, 训练 Acc: 0.9203, 训练 F1: 0.8856 | 验证 Loss: 0.0923, 验证 Acc: 0.9179, 验证 F1: 0.7970
2026-04-05 19:48:59,055 - INFO - fusion_common - 早停计数器: 2/8
2026-04-05 19:48:59,055 - INFO - fusion_common - 当前学习率: 0.00030000
2026-04-05 19:48:59,055 - INFO - fusion_common - Epoch 16/40
2026-04-05 19:56:23,720 - INFO - fusion_common - Epoch 16 结果: 训练 Loss: 0.0632, 训练 Acc: 0.9240, 训练 F1: 0.8904 | 验证 Loss: 0.0925, 验证 Acc: 0.9228, 验证 F1: 0.8049
2026-04-05 19:56:23,721 - INFO - fusion_common - 早停计数器: 3/8
2026-04-05 19:56:23,721 - INFO - fusion_common - 当前学习率: 0.00030000
2026-04-05 19:56:23,721 - INFO - fusion_common - Epoch 17/40
2026-04-05 20:03:32,644 - INFO - fusion_common - Epoch 17 结果: 训练 Loss: 0.0609, 训练 Acc: 0.9265, 训练 F1: 0.8943 | 验证 Loss: 0.0918, 验证 Acc: 0.9266, 验证 F1: 0.8228
2026-04-05 20:03:32,679 - INFO - fusion_common - 早停计数器: 0/8
2026-04-05 20:03:32,679 - INFO - fusion_common - 当前学习率: 0.00030000
2026-04-05 20:03:32,679 - INFO - fusion_common - Epoch 18/40
2026-04-05 20:10:55,332 - INFO - fusion_common - Epoch 18 结果: 训练 Loss: 0.0588, 训练 Acc: 0.9286, 训练 F1: 0.8968 | 验证 Loss: 0.0953, 验证 Acc: 0.9239, 验证 F1: 0.8007
2026-04-05 20:10:55,332 - INFO - fusion_common - 早停计数器: 1/8
2026-04-05 20:10:55,333 - INFO - fusion_common - 当前学习率: 0.00030000
2026-04-05 20:10:55,333 - INFO - fusion_common - Epoch 19/40
2026-04-05 20:17:54,159 - INFO - fusion_common - Epoch 19 结果: 训练 Loss: 0.0575, 训练 Acc: 0.9310, 训练 F1: 0.9013 | 验证 Loss: 0.0927, 验证 Acc: 0.9245, 验证 F1: 0.8141
2026-04-05 20:17:54,159 - INFO - fusion_common - 早停计数器: 2/8
2026-04-05 20:17:54,159 - INFO - fusion_common - 当前学习率: 0.00030000
2026-04-05 20:17:54,159 - INFO - fusion_common - Epoch 20/40
2026-04-05 20:25:06,220 - INFO - fusion_common - Epoch 20 结果: 训练 Loss: 0.0571, 训练 Acc: 0.9303, 训练 F1: 0.9008 | 验证 Loss: 0.1006, 验证 Acc: 0.9237, 验证 F1: 0.8128
2026-04-05 20:25:06,220 - INFO - fusion_common - 早停计数器: 3/8
2026-04-05 20:25:06,220 - INFO - fusion_common - 当前学习率: 0.00015000
2026-04-05 20:25:06,220 - INFO - fusion_common - Epoch 21/40
2026-04-05 20:32:27,592 - INFO - fusion_common - Epoch 21 结果: 训练 Loss: 0.0455, 训练 Acc: 0.9429, 训练 F1: 0.9194 | 验证 Loss: 0.0916, 验证 Acc: 0.9362, 验证 F1: 0.8403
2026-04-05 20:32:27,609 - INFO - fusion_common - 早停计数器: 0/8
2026-04-05 20:32:27,609 - INFO - fusion_common - 当前学习率: 0.00015000
2026-04-05 20:32:27,609 - INFO - fusion_common - Epoch 22/40
2026-04-05 20:39:44,896 - INFO - fusion_common - Epoch 22 结果: 训练 Loss: 0.0424, 训练 Acc: 0.9458, 训练 F1: 0.9239 | 验证 Loss: 0.0928, 验证 Acc: 0.9360, 验证 F1: 0.8401
2026-04-05 20:39:44,896 - INFO - fusion_common - 早停计数器: 1/8
2026-04-05 20:39:44,896 - INFO - fusion_common - 当前学习率: 0.00015000
2026-04-05 20:39:44,896 - INFO - fusion_common - Epoch 23/40
2026-04-05 20:46:54,477 - INFO - fusion_common - Epoch 23 结果: 训练 Loss: 0.0408, 训练 Acc: 0.9480, 训练 F1: 0.9273 | 验证 Loss: 0.0950, 验证 Acc: 0.9345, 验证 F1: 0.8428
2026-04-05 20:46:54,492 - INFO - fusion_common - 早停计数器: 0/8
2026-04-05 20:46:54,492 - INFO - fusion_common - 当前学习率: 0.00015000
2026-04-05 20:46:54,492 - INFO - fusion_common - Epoch 24/40
2026-04-05 20:54:00,126 - INFO - fusion_common - Epoch 24 结果: 训练 Loss: 0.0394, 训练 Acc: 0.9490, 训练 F1: 0.9290 | 验证 Loss: 0.0918, 验证 Acc: 0.9347, 验证 F1: 0.8392
2026-04-05 20:54:00,126 - INFO - fusion_common - 早停计数器: 1/8
2026-04-05 20:54:00,126 - INFO - fusion_common - 当前学习率: 0.00015000
2026-04-05 20:54:00,126 - INFO - fusion_common - Epoch 25/40
2026-04-05 21:01:15,851 - INFO - fusion_common - Epoch 25 结果: 训练 Loss: 0.0389, 训练 Acc: 0.9503, 训练 F1: 0.9305 | 验证 Loss: 0.0883, 验证 Acc: 0.9375, 验证 F1: 0.8488
2026-04-05 21:01:15,870 - INFO - fusion_common - 早停计数器: 0/8
2026-04-05 21:01:15,870 - INFO - fusion_common - 当前学习率: 0.00015000
2026-04-05 21:01:15,870 - INFO - fusion_common - Epoch 26/40
2026-04-05 21:08:22,244 - INFO - fusion_common - Epoch 26 结果: 训练 Loss: 0.0373, 训练 Acc: 0.9521, 训练 F1: 0.9337 | 验证 Loss: 0.0944, 验证 Acc: 0.9368, 验证 F1: 0.8434
2026-04-05 21:08:22,244 - INFO - fusion_common - 早停计数器: 1/8
2026-04-05 21:08:22,244 - INFO - fusion_common - 当前学习率: 0.00015000
2026-04-05 21:08:22,245 - INFO - fusion_common - Epoch 27/40
2026-04-05 21:15:24,405 - INFO - fusion_common - Epoch 27 结果: 训练 Loss: 0.0371, 训练 Acc: 0.9526, 训练 F1: 0.9341 | 验证 Loss: 0.0960, 验证 Acc: 0.9402, 验证 F1: 0.8567
2026-04-05 21:15:24,424 - INFO - fusion_common - 早停计数器: 0/8
2026-04-05 21:15:24,424 - INFO - fusion_common - 当前学习率: 0.00015000
2026-04-05 21:15:24,424 - INFO - fusion_common - Epoch 28/40
2026-04-05 21:22:44,602 - INFO - fusion_common - Epoch 28 结果: 训练 Loss: 0.0364, 训练 Acc: 0.9535, 训练 F1: 0.9357 | 验证 Loss: 0.0995, 验证 Acc: 0.9378, 验证 F1: 0.8372
2026-04-05 21:22:44,602 - INFO - fusion_common - 早停计数器: 1/8
2026-04-05 21:22:44,602 - INFO - fusion_common - 当前学习率: 0.00015000
2026-04-05 21:22:44,602 - INFO - fusion_common - Epoch 29/40
2026-04-05 21:30:02,937 - INFO - fusion_common - Epoch 29 结果: 训练 Loss: 0.0350, 训练 Acc: 0.9559, 训练 F1: 0.9390 | 验证 Loss: 0.0974, 验证 Acc: 0.9379, 验证 F1: 0.8520
2026-04-05 21:30:02,937 - INFO - fusion_common - 早停计数器: 2/8
2026-04-05 21:30:02,937 - INFO - fusion_common - 当前学习率: 0.00015000
2026-04-05 21:30:02,937 - INFO - fusion_common - Epoch 30/40
2026-04-05 21:37:35,809 - INFO - fusion_common - Epoch 30 结果: 训练 Loss: 0.0349, 训练 Acc: 0.9577, 训练 F1: 0.9414 | 验证 Loss: 0.0981, 验证 Acc: 0.9409, 验证 F1: 0.8501
2026-04-05 21:37:35,809 - INFO - fusion_common - 早停计数器: 3/8
2026-04-05 21:37:35,809 - INFO - fusion_common - 当前学习率: 0.00007500
2026-04-05 21:37:35,809 - INFO - fusion_common - Epoch 31/40
2026-04-05 21:44:40,541 - INFO - fusion_common - Epoch 31 结果: 训练 Loss: 0.0300, 训练 Acc: 0.9622, 训练 F1: 0.9483 | 验证 Loss: 0.0960, 验证 Acc: 0.9411, 验证 F1: 0.8493
2026-04-05 21:44:40,541 - INFO - fusion_common - 早停计数器: 4/8
2026-04-05 21:44:40,541 - INFO - fusion_common - 当前学习率: 0.00007500
2026-04-05 21:44:40,542 - INFO - fusion_common - Epoch 32/40
2026-04-05 21:52:17,490 - INFO - fusion_common - Epoch 32 结果: 训练 Loss: 0.0295, 训练 Acc: 0.9631, 训练 F1: 0.9498 | 验证 Loss: 0.0994, 验证 Acc: 0.9422, 验证 F1: 0.8574
2026-04-05 21:52:17,491 - INFO - fusion_common - 早停计数器: 5/8
2026-04-05 21:52:17,491 - INFO - fusion_common - 当前学习率: 0.00007500
2026-04-05 21:52:17,491 - INFO - fusion_common - Epoch 33/40
2026-04-05 21:59:40,731 - INFO - fusion_common - Epoch 33 结果: 训练 Loss: 0.0282, 训练 Acc: 0.9651, 训练 F1: 0.9524 | 验证 Loss: 0.0982, 验证 Acc: 0.9417, 验证 F1: 0.8484
2026-04-05 21:59:40,731 - INFO - fusion_common - 早停计数器: 6/8
2026-04-05 21:59:40,731 - INFO - fusion_common - 当前学习率: 0.00007500
2026-04-05 21:59:40,731 - INFO - fusion_common - Epoch 34/40
2026-04-05 22:06:38,228 - INFO - fusion_common - Epoch 34 结果: 训练 Loss: 0.0280, 训练 Acc: 0.9660, 训练 F1: 0.9538 | 验证 Loss: 0.1017, 验证 Acc: 0.9399, 验证 F1: 0.8446
2026-04-05 22:06:38,229 - INFO - fusion_common - 早停计数器: 7/8
2026-04-05 22:06:38,229 - INFO - fusion_common - 当前学习率: 0.00007500
2026-04-05 22:06:38,229 - INFO - fusion_common - Epoch 35/40
2026-04-05 22:13:35,728 - INFO - fusion_common - Epoch 35 结果: 训练 Loss: 0.0271, 训练 Acc: 0.9666, 训练 F1: 0.9544 | 验证 Loss: 0.1023, 验证 Acc: 0.9422, 验证 F1: 0.8561
2026-04-05 22:13:35,744 - INFO - fusion_common - 早停计数器: 8/8
2026-04-05 22:13:35,744 - INFO - fusion_common - 当前学习率: 0.00003750
2026-04-05 22:13:35,744 - INFO - fusion_common - 早停机制触发，在第 35 轮后停止训练
2026-04-05 22:13:35,744 - INFO - fusion_common - 融合模型训练完成
2026-04-05 22:13:38,393 - INFO - run_attention_stacking - [AttentionDiag] mean=0.001276 min=0.000000 max=0.122540 entropy=5.1725 top1=0.0276 top5=0.1100 top10=0.1910 nonpad_mass=1.0000 pad_mass=0.0000 nonpad_frac=0.6009
2026-04-05 22:13:38,781 - INFO - run_attention_stacking - [AttentionDiag] saved attention curve: /home/shuora/Traffic/FusionModel/outputs/mta_multiclass/attention_stacking/attention_stacking_20260405_175905/attention_curve.png
2026-04-05 22:13:38,782 - INFO - run_attention_stacking - saved attention_curve: /home/shuora/Traffic/FusionModel/outputs/mta_multiclass/attention_stacking/attention_stacking_20260405_175905/attention_curve.png (exists=True)
2026-04-05 22:13:38,912 - INFO - run_attention_stacking - saved metrics_curve: /home/shuora/Traffic/FusionModel/outputs/mta_multiclass/attention_stacking/attention_stacking_20260405_175905/metrics_curve.png (exists=True)
2026-04-05 22:14:01,947 - INFO - run_attention_stacking - saved confusion_matrix: /home/shuora/Traffic/FusionModel/outputs/mta_multiclass/attention_stacking/attention_stacking_20260405_175905/confusion_matrix.png (exists=True)
2026-04-05 22:14:01,948 - INFO - run_attention_stacking - saved report: /home/shuora/Traffic/FusionModel/outputs/mta_multiclass/attention_stacking/attention_stacking_20260405_175905/report.md (exists=True)
2026-04-05 22:17:11,080 - INFO - run_attention_stacking - meta feature extraction completed: train_samples=139864 test_samples=34971
2026-04-05 22:37:20,253 - INFO - run_attention_stacking - [attention_stacking_xgboost] acc=0.9437 macro_f1=0.8704
2026-04-05 22:37:20,254 - INFO - run_attention_stacking - [attention_stacking_xgboost] 分类报告:
              precision    recall  f1-score   support

           0     0.8344    0.7339    0.7809       357
           1     0.7497    0.8209    0.7837      1463
           2     0.9907    0.9753    0.9829     23501
           3     0.9661    0.9184    0.9416       527
           4     0.8278    0.8812    0.8537      2307
           5     0.8068    0.8289    0.8177      2771
           6     0.9247    0.9407    0.9326      4045

    accuracy                         0.9437     34971
   macro avg     0.8714    0.8713    0.8704     34971
weighted avg     0.9457    0.9437    0.9445     34971

2026-04-05 22:37:20,254 - INFO - run_attention_stacking - [attention_stacking_xgboost] 混淆矩阵:
[[  262     9    30     2     8    29    17]
 [    2  1201    17     0    86   126    31]
 [   13    55 22920     9   154   213   137]
 [    0     2    13   484    14     7     7]
 [   10    95    41     2  2033    77    49]
 [   18   218    62     2   105  2297    69]
 [    9    22    53     2    56    98  3805]]
2026-04-05 22:37:20,378 - INFO - run_attention_stacking - saved confusion_matrix_xgboost: /home/shuora/Traffic/FusionModel/outputs/mta_multiclass/attention_stacking/attention_stacking_20260405_175905/confusion_matrix_xgboost.png (exists=True)
2026-04-05 22:37:20,379 - INFO - run_attention_stacking - saved report_xgboost: /home/shuora/Traffic/FusionModel/outputs/mta_multiclass/attention_stacking/attention_stacking_20260405_175905/report_xgboost.md (exists=True)
2026-04-05 22:37:20,401 - INFO - run_attention_stacking - saved meta_model_xgboost: /home/shuora/Traffic/FusionModel/outputs/mta_multiclass/attention_stacking/attention_stacking_20260405_175905/meta_model_xgboost.pkl (exists=True)
2026-04-05 22:45:14,016 - INFO - run_attention_stacking - [attention_stacking_lightgbm] acc=0.9459 macro_f1=0.8736
2026-04-05 22:45:14,016 - INFO - run_attention_stacking - [attention_stacking_lightgbm] 分类报告:
              precision    recall  f1-score   support

           0     0.8386    0.7423    0.7875       357
           1     0.7615    0.8052    0.7827      1463
           2     0.9866    0.9806    0.9835     23501
           3     0.9661    0.9184    0.9416       527
           4     0.8413    0.8778    0.8591      2307
           5     0.8201    0.8261    0.8231      2771
           6     0.9366    0.9379    0.9373      4045

    accuracy                         0.9459     34971
   macro avg     0.8787    0.8697    0.8736     34971
weighted avg     0.9468    0.9459    0.9462     34971

2026-04-05 22:45:14,016 - INFO - run_attention_stacking - [attention_stacking_lightgbm] 混淆矩阵:
[[  265     9    33     2    10    24    14]
 [    1  1178    30     1    86   136    31]
 [   13    49 23044     2   125   170    98]
 [    0     2    17   484    10     8     6]
 [    9    89    59     5  2025    75    45]
 [   18   198    97     5   101  2289    63]
 [   10    22    78     2    50    89  3794]]
2026-04-05 22:45:14,100 - INFO - run_attention_stacking - saved confusion_matrix_lightgbm: /home/shuora/Traffic/FusionModel/outputs/mta_multiclass/attention_stacking/attention_stacking_20260405_175905/confusion_matrix_lightgbm.png (exists=True)
2026-04-05 22:45:14,100 - INFO - run_attention_stacking - saved report_lightgbm: /home/shuora/Traffic/FusionModel/outputs/mta_multiclass/attention_stacking/attention_stacking_20260405_175905/report_lightgbm.md (exists=True)
2026-04-05 22:45:14,160 - INFO - run_attention_stacking - saved meta_model_lightgbm: /home/shuora/Traffic/FusionModel/outputs/mta_multiclass/attention_stacking/attention_stacking_20260405_175905/meta_model_lightgbm.pkl (exists=True)
2026-04-05 22:51:57,147 - INFO - run_attention_stacking - [attention_stacking_catboost] acc=0.9376 macro_f1=0.8610
2026-04-05 22:51:57,147 - INFO - run_attention_stacking - [attention_stacking_catboost] 分类报告:
              precision    recall  f1-score   support

           0     0.7370    0.7927    0.7638       357
           1     0.7273    0.8278    0.7743      1463
           2     0.9938    0.9674    0.9805     23501
           3     0.9624    0.9222    0.9419       527
           4     0.7988    0.8877    0.8409      2307
           5     0.7931    0.8134    0.8031      2771
           6     0.9124    0.9325    0.9224      4045

    accuracy                         0.9376     34971
   macro avg     0.8464    0.8777    0.8610     34971
weighted avg     0.9414    0.9376    0.9391     34971

2026-04-05 22:51:57,147 - INFO - run_attention_stacking - [attention_stacking_catboost] 混淆矩阵:
[[  283    10    10     2    10    26    16]
 [    2  1211    10     0    95   117    28]
 [   43    65 22736     8   200   255   194]
 [    0     2     9   486    16     7     7]
 [   13    98    24     3  2048    75    46]
 [   26   249    44     1   126  2254    71]
 [   17    30    44     5    69   108  3772]]
2026-04-05 22:51:57,245 - INFO - run_attention_stacking - saved confusion_matrix_catboost: /home/shuora/Traffic/FusionModel/outputs/mta_multiclass/attention_stacking/attention_stacking_20260405_175905/confusion_matrix_catboost.png (exists=True)
2026-04-05 22:51:57,245 - INFO - run_attention_stacking - saved report_catboost: /home/shuora/Traffic/FusionModel/outputs/mta_multiclass/attention_stacking/attention_stacking_20260405_175905/report_catboost.md (exists=True)
2026-04-05 22:51:57,248 - INFO - run_attention_stacking - saved meta_model_catboost: /home/shuora/Traffic/FusionModel/outputs/mta_multiclass/attention_stacking/attention_stacking_20260405_175905/meta_model_catboost.pkl (exists=True)
2026-04-05 22:51:57,771 - INFO - run_attention_stacking - [attention_stacking_soft_voting] acc=0.9437 macro_f1=0.8705
2026-04-05 22:51:57,771 - INFO - run_attention_stacking - [attention_stacking_soft_voting] 分类报告:
              precision    recall  f1-score   support

           0     0.8140    0.7479    0.7796       357
           1     0.7505    0.8202    0.7838      1463
           2     0.9902    0.9760    0.9830     23501
           3     0.9738    0.9184    0.9453       527
           4     0.8237    0.8830    0.8523      2307
           5     0.8079    0.8257    0.8167      2771
           6     0.9291    0.9370    0.9330      4045

    accuracy                         0.9437     34971
   macro avg     0.8699    0.8726    0.8705     34971
weighted avg     0.9456    0.9437    0.9445     34971

2026-04-05 22:51:57,771 - INFO - run_attention_stacking - [attention_stacking_soft_voting] 混淆矩阵:
[[  267     9    30     2     9    26    14]
 [    2  1200    17     0    91   123    30]
 [   18    53 22936     5   151   211   127]
 [    0     2    15   484    12     8     6]
 [   11    95    40     3  2037    76    45]
 [   19   218    67     1   111  2288    67]
 [   11    22    58     2    62   100  3790]]
2026-04-05 22:51:57,846 - INFO - run_attention_stacking - saved confusion_matrix_soft_voting: /home/shuora/Traffic/FusionModel/outputs/mta_multiclass/attention_stacking/attention_stacking_20260405_175905/confusion_matrix_soft_voting.png (exists=True)
2026-04-05 22:51:57,847 - INFO - run_attention_stacking - saved report_soft_voting: /home/shuora/Traffic/FusionModel/outputs/mta_multiclass/attention_stacking/attention_stacking_20260405_175905/report_soft_voting.md (exists=True)
2026-04-05 22:51:58,385 - INFO - run_attention_stacking - saved model_base: /home/shuora/Traffic/FusionModel/outputs/mta_multiclass/attention_stacking/attention_stacking_20260405_175905/fusion_model_base.pth (exists=True)
2026-04-05 22:51:58,388 - INFO - run_attention_stacking - saved metrics_json: /home/shuora/Traffic/FusionModel/outputs/mta_multiclass/attention_stacking/attention_stacking_20260405_175905/metrics.json (exists=True)
2026-04-05 22:51:58,388 - INFO - run_attention_stacking - saved epoch_metrics_csv: /home/shuora/Traffic/FusionModel/outputs/mta_multiclass/attention_stacking/attention_stacking_20260405_175905/epoch_metrics.csv (exists=True)
2026-04-05 22:51:58,388 - INFO - run_attention_stacking - done stacking: run_dir=/home/shuora/Traffic/FusionModel/outputs/mta_multiclass/attention_stacking/attention_stacking_20260405_175905 log=/home/shuora/Traffic/FusionModel/outputs/mta_multiclass/attention_stacking/attention_stacking_20260405_175905/train.log
