2026-04-29 04:21:07,441 - INFO - run_attention_stacking - start stacking: base=attention output_root=/home/shuora/Traffic/FusionModel/outputs/mfcp_multiclass/score_chasing_v1 run_dir=/home/shuora/Traffic/FusionModel/outputs/mfcp_multiclass/score_chasing_v1/attention_stacking_20260429_042107
2026-04-29 04:21:07,441 - INFO - run_attention_stacking - config: base_fusion_mode=attention use_temporal=True image_mode=rgb
2026-04-29 04:21:07,441 - INFO - run_attention_stacking - stacking config: level=two_level calibration=temp threshold_objective=accuracy minority_lambda=0.300 oof_folds=5
2026-04-29 04:21:07,441 - INFO - fusion_common - 加载融合数据 - 图像目录: /home/shuora/Traffic/FusionModel/ProcessedData/mfcp_multiclass/image_data/Train, Pcap目录: /home/shuora/Traffic/FusionModel/ProcessedData/mfcp_multiclass/pcap_data/Train
2026-04-29 04:21:08,658 - INFO - fusion_common - 融合数据索引进度: 1/7 类别 (Artemis)
2026-04-29 04:21:08,874 - INFO - fusion_common - 融合数据索引进度: 2/7 类别 (Cobalt)
2026-04-29 04:21:09,063 - INFO - fusion_common - 融合数据索引进度: 3/7 类别 (Dridex)
2026-04-29 04:21:09,253 - INFO - fusion_common - 融合数据索引进度: 4/7 类别 (Emotet)
2026-04-29 04:21:09,455 - INFO - fusion_common - 融合数据索引进度: 5/7 类别 (PUA)
2026-04-29 04:21:10,548 - INFO - fusion_common - 融合数据索引进度: 6/7 类别 (Ursnif)
2026-04-29 04:21:10,664 - INFO - fusion_common - 融合数据索引进度: 7/7 类别 (njRat)
2026-04-29 04:21:11,023 - INFO - fusion_common - 融合索引缓存已保存: /home/shuora/Traffic/FusionModel/ProcessedData/mfcp_multiclass/image_data/Train/.fusion_index_cache_v1_homeshuoratrafficfusionmodel_homeshuoratrafficfusionmodel.json
2026-04-29 04:21:11,043 - INFO - fusion_common - 融合数据集加载完成，总样本数: 183754
2026-04-29 04:21:11,044 - INFO - fusion_common - 融合数据加载完成，类别数: 7, 样本总数: 183754
2026-04-29 04:21:11,044 - INFO - fusion_common - 加载融合数据 - 图像目录: /home/shuora/Traffic/FusionModel/ProcessedData/mfcp_multiclass/image_data/Test, Pcap目录: /home/shuora/Traffic/FusionModel/ProcessedData/mfcp_multiclass/pcap_data/Test
2026-04-29 04:21:11,338 - INFO - fusion_common - 融合数据索引进度: 1/7 类别 (Artemis)
2026-04-29 04:21:11,393 - INFO - fusion_common - 融合数据索引进度: 2/7 类别 (Cobalt)
2026-04-29 04:21:11,449 - INFO - fusion_common - 融合数据索引进度: 3/7 类别 (Dridex)
2026-04-29 04:21:11,513 - INFO - fusion_common - 融合数据索引进度: 4/7 类别 (Emotet)
2026-04-29 04:21:11,578 - INFO - fusion_common - 融合数据索引进度: 5/7 类别 (PUA)
2026-04-29 04:21:11,868 - INFO - fusion_common - 融合数据索引进度: 6/7 类别 (Ursnif)
2026-04-29 04:21:11,895 - INFO - fusion_common - 融合数据索引进度: 7/7 类别 (njRat)
2026-04-29 04:21:11,984 - INFO - fusion_common - 融合索引缓存已保存: /home/shuora/Traffic/FusionModel/ProcessedData/mfcp_multiclass/image_data/Test/.fusion_index_cache_v1_homeshuoratrafficfusionmodel_homeshuoratrafficfusionmodel.json
2026-04-29 04:21:11,989 - INFO - fusion_common - 融合数据集加载完成，总样本数: 45941
2026-04-29 04:21:11,990 - INFO - fusion_common - 融合数据加载完成，类别数: 7, 样本总数: 45941
2026-04-29 04:21:11,990 - INFO - fusion_common - 初始化融合模型，融合模式: attention
2026-04-29 04:21:12,104 - INFO - fusion_common - 融合模型初始化完成，分类头设置为 7 个类别
2026-04-29 04:21:12,104 - INFO - fusion_common - 开始训练融合模型
2026-04-29 04:21:12,105 - INFO - fusion_common - 训练参数 - Epochs: 32, Learning Rate: 0.001, Early Stopping Patience: 4
2026-04-29 04:21:12,105 - INFO - fusion_common - 训练策略 - class_balance: none, loss_type: ce, focal_gamma: 2.000, weight_decay: 0.000100, label_smoothing: 0.0000, early_stop_metric: val_acc, lr_scheduler: reduce, val_every: 1
2026-04-29 04:21:12,105 - INFO - fusion_common - 训练保护 - grad_clip_norm: 1.000, max_consecutive_invalid_batches: 128
2026-04-29 04:21:12,105 - INFO - fusion_common - DataLoader参数 - train_batches: 5742, val_batches: 1436, batch_size: 32, num_workers: 4, pin_memory: True
2026-04-29 04:21:12,493 - INFO - fusion_common - Epoch 1/32
2026-04-29 04:31:52,454 - INFO - fusion_common - Epoch 1 结果: 训练 Loss: 0.1199, 训练 Acc: 0.9609, 训练 F1: 0.9188 | 验证 Loss: 0.0599, 验证 Acc: 0.9825, 验证 F1: 0.9617
2026-04-29 04:31:52,478 - INFO - fusion_common - 早停计数器: 0/4
2026-04-29 04:31:52,478 - INFO - fusion_common - 当前学习率: 0.00100000
2026-04-29 04:31:52,479 - INFO - fusion_common - Epoch 2/32
2026-04-29 04:41:54,367 - INFO - fusion_common - Epoch 2 结果: 训练 Loss: 0.0501, 训练 Acc: 0.9855, 训练 F1: 0.9706 | 验证 Loss: 0.0530, 验证 Acc: 0.9851, 验证 F1: 0.9681
2026-04-29 04:41:54,385 - INFO - fusion_common - 早停计数器: 0/4
2026-04-29 04:41:54,385 - INFO - fusion_common - 当前学习率: 0.00100000
2026-04-29 04:41:54,385 - INFO - fusion_common - Epoch 3/32
2026-04-29 04:52:02,421 - INFO - fusion_common - Epoch 3 结果: 训练 Loss: 0.0410, 训练 Acc: 0.9880, 训练 F1: 0.9772 | 验证 Loss: 0.0336, 验证 Acc: 0.9891, 验证 F1: 0.9805
2026-04-29 04:52:02,446 - INFO - fusion_common - 早停计数器: 0/4
2026-04-29 04:52:02,446 - INFO - fusion_common - 当前学习率: 0.00100000
2026-04-29 04:52:02,446 - INFO - fusion_common - Epoch 4/32
2026-04-29 05:02:06,763 - INFO - fusion_common - Epoch 4 结果: 训练 Loss: 0.0361, 训练 Acc: 0.9893, 训练 F1: 0.9802 | 验证 Loss: 0.0345, 验证 Acc: 0.9895, 验证 F1: 0.9816
2026-04-29 05:02:06,763 - INFO - fusion_common - 早停计数器: 1/4
2026-04-29 05:02:06,763 - INFO - fusion_common - 当前学习率: 0.00100000
2026-04-29 05:02:06,763 - INFO - fusion_common - Epoch 5/32
2026-04-29 05:12:16,658 - INFO - fusion_common - Epoch 5 结果: 训练 Loss: 0.0347, 训练 Acc: 0.9895, 训练 F1: 0.9809 | 验证 Loss: 0.0310, 验证 Acc: 0.9905, 验证 F1: 0.9832
2026-04-29 05:12:16,693 - INFO - fusion_common - 早停计数器: 0/4
2026-04-29 05:12:16,693 - INFO - fusion_common - 当前学习率: 0.00100000
2026-04-29 05:12:16,693 - INFO - fusion_common - Epoch 6/32
2026-04-29 05:22:19,764 - INFO - fusion_common - Epoch 6 结果: 训练 Loss: 0.0322, 训练 Acc: 0.9901, 训练 F1: 0.9823 | 验证 Loss: 0.0372, 验证 Acc: 0.9904, 验证 F1: 0.9826
2026-04-29 05:22:19,766 - INFO - fusion_common - 早停计数器: 1/4
2026-04-29 05:22:19,766 - INFO - fusion_common - 当前学习率: 0.00100000
2026-04-29 05:22:19,766 - INFO - fusion_common - Epoch 7/32
2026-04-29 05:32:28,425 - INFO - fusion_common - Epoch 7 结果: 训练 Loss: 0.0305, 训练 Acc: 0.9904, 训练 F1: 0.9830 | 验证 Loss: 0.0333, 验证 Acc: 0.9899, 验证 F1: 0.9829
2026-04-29 05:32:28,426 - INFO - fusion_common - 早停计数器: 2/4
2026-04-29 05:32:28,426 - INFO - fusion_common - 当前学习率: 0.00100000
2026-04-29 05:32:28,426 - INFO - fusion_common - Epoch 8/32
2026-04-29 05:42:27,056 - INFO - fusion_common - Epoch 8 结果: 训练 Loss: 0.0308, 训练 Acc: 0.9905, 训练 F1: 0.9832 | 验证 Loss: 0.0312, 验证 Acc: 0.9915, 验证 F1: 0.9848
2026-04-29 05:42:27,074 - INFO - fusion_common - 早停计数器: 0/4
2026-04-29 05:42:27,074 - INFO - fusion_common - 当前学习率: 0.00100000
2026-04-29 05:42:27,075 - INFO - fusion_common - Epoch 9/32
2026-04-29 05:52:44,949 - INFO - fusion_common - Epoch 9 结果: 训练 Loss: 0.0284, 训练 Acc: 0.9912, 训练 F1: 0.9846 | 验证 Loss: 0.0363, 验证 Acc: 0.9905, 验证 F1: 0.9831
2026-04-29 05:52:44,951 - INFO - fusion_common - 早停计数器: 1/4
2026-04-29 05:52:44,951 - INFO - fusion_common - 当前学习率: 0.00100000
2026-04-29 05:52:44,951 - INFO - fusion_common - Epoch 10/32
2026-04-29 06:02:47,064 - INFO - fusion_common - Epoch 10 结果: 训练 Loss: 0.0287, 训练 Acc: 0.9912, 训练 F1: 0.9846 | 验证 Loss: 0.0274, 验证 Acc: 0.9920, 验证 F1: 0.9864
2026-04-29 06:02:47,067 - INFO - fusion_common - 早停计数器: 2/4
2026-04-29 06:02:47,067 - INFO - fusion_common - 当前学习率: 0.00100000
2026-04-29 06:02:47,067 - INFO - fusion_common - Epoch 11/32
2026-04-29 06:13:04,307 - INFO - fusion_common - Epoch 11 结果: 训练 Loss: 0.0291, 训练 Acc: 0.9913, 训练 F1: 0.9848 | 验证 Loss: 0.0334, 验证 Acc: 0.9917, 验证 F1: 0.9853
2026-04-29 06:13:04,308 - INFO - fusion_common - 早停计数器: 3/4
2026-04-29 06:13:04,308 - INFO - fusion_common - 当前学习率: 0.00100000
2026-04-29 06:13:04,308 - INFO - fusion_common - Epoch 12/32
2026-04-29 06:23:07,642 - INFO - fusion_common - Epoch 12 结果: 训练 Loss: 0.0274, 训练 Acc: 0.9915, 训练 F1: 0.9852 | 验证 Loss: 0.0359, 验证 Acc: 0.9915, 验证 F1: 0.9853
2026-04-29 06:23:07,659 - INFO - fusion_common - 早停计数器: 4/4
2026-04-29 06:23:07,659 - INFO - fusion_common - 当前学习率: 0.00100000
2026-04-29 06:23:07,659 - INFO - fusion_common - 早停机制触发，在第 12 轮后停止训练
2026-04-29 06:23:07,659 - INFO - fusion_common - 融合模型训练完成
2026-04-29 06:23:10,575 - INFO - run_attention_stacking - [AttentionDiag] mean=0.001276 min=0.000000 max=0.006577 entropy=5.1908 top1=0.0057 top5=0.0283 top10=0.0565 nonpad_mass=1.0000 pad_mass=0.0000 nonpad_frac=0.2292
2026-04-29 06:23:11,066 - INFO - run_attention_stacking - [AttentionDiag] saved attention curve: /home/shuora/Traffic/FusionModel/outputs/mfcp_multiclass/score_chasing_v1/attention_stacking_20260429_042107/attention_curve.png
2026-04-29 06:23:11,066 - INFO - run_attention_stacking - saved attention_curve: /home/shuora/Traffic/FusionModel/outputs/mfcp_multiclass/score_chasing_v1/attention_stacking_20260429_042107/attention_curve.png (exists=True)
2026-04-29 06:23:11,191 - INFO - run_attention_stacking - saved metrics_curve: /home/shuora/Traffic/FusionModel/outputs/mfcp_multiclass/score_chasing_v1/attention_stacking_20260429_042107/metrics_curve.png (exists=True)
2026-04-29 06:23:46,157 - INFO - run_attention_stacking - saved confusion_matrix: /home/shuora/Traffic/FusionModel/outputs/mfcp_multiclass/score_chasing_v1/attention_stacking_20260429_042107/confusion_matrix.png (exists=True)
2026-04-29 06:23:46,158 - INFO - run_attention_stacking - saved report: /home/shuora/Traffic/FusionModel/outputs/mfcp_multiclass/score_chasing_v1/attention_stacking_20260429_042107/report.md (exists=True)
2026-04-29 06:36:03,558 - INFO - run_attention_stacking - meta feature extraction completed: train_samples=183754 test_samples=45941
2026-04-29 06:53:14,242 - INFO - run_attention_stacking - [attention_stacking_xgboost] acc=0.9964 macro_f1=0.9930
2026-04-29 06:53:14,244 - INFO - run_attention_stacking - [attention_stacking_xgboost] 分类报告:
              precision    recall  f1-score   support

           0     0.9994    0.9994    0.9994     16082
           1     0.9785    0.9990    0.9887      3150
           2     0.9862    0.9862    0.9862      3033
           3     1.0000    0.9997    0.9998      3026
           4     0.9908    0.9682    0.9794      3118
           5     0.9994    0.9994    0.9994     15933
           6     0.9963    1.0000    0.9981      1599

    accuracy                         0.9964     45941
   macro avg     0.9929    0.9931    0.9930     45941
weighted avg     0.9964    0.9964    0.9964     45941

2026-04-29 06:53:14,244 - INFO - run_attention_stacking - [attention_stacking_xgboost] 混淆矩阵:
[[16073     0     0     0     0     9     0]
 [    0  3147     0     0     3     0     0]
 [    0    18  2991     0    24     0     0]
 [    0     0     0  3025     1     0     0]
 [    0    51    42     0  3019     0     6]
 [   10     0     0     0     0 15923     0]
 [    0     0     0     0     0     0  1599]]
2026-04-29 06:53:14,566 - INFO - run_attention_stacking - saved confusion_matrix_xgboost: /home/shuora/Traffic/FusionModel/outputs/mfcp_multiclass/score_chasing_v1/attention_stacking_20260429_042107/confusion_matrix_xgboost.png (exists=True)
2026-04-29 06:53:14,571 - INFO - run_attention_stacking - saved report_xgboost: /home/shuora/Traffic/FusionModel/outputs/mfcp_multiclass/score_chasing_v1/attention_stacking_20260429_042107/report_xgboost.md (exists=True)
2026-04-29 06:53:14,598 - INFO - run_attention_stacking - saved meta_model_xgboost: /home/shuora/Traffic/FusionModel/outputs/mfcp_multiclass/score_chasing_v1/attention_stacking_20260429_042107/meta_model_xgboost.pkl (exists=True)
2026-04-29 07:02:11,875 - INFO - run_attention_stacking - [attention_stacking_lightgbm] acc=0.9962 macro_f1=0.9926
2026-04-29 07:02:11,875 - INFO - run_attention_stacking - [attention_stacking_lightgbm] 分类报告:
              precision    recall  f1-score   support

           0     0.9994    0.9994    0.9994     16082
           1     0.9752    1.0000    0.9875      3150
           2     0.9877    0.9829    0.9853      3033
           3     1.0000    0.9993    0.9997      3026
           4     0.9898    0.9679    0.9788      3118
           5     0.9994    0.9994    0.9994     15933
           6     0.9963    1.0000    0.9981      1599

    accuracy                         0.9962     45941
   macro avg     0.9926    0.9927    0.9926     45941
weighted avg     0.9963    0.9962    0.9962     45941

2026-04-29 07:02:11,875 - INFO - run_attention_stacking - [attention_stacking_lightgbm] 混淆矩阵:
[[16073     0     0     0     0     9     0]
 [    0  3150     0     0     0     0     0]
 [    0    23  2981     0    29     0     0]
 [    0     0     0  3024     2     0     0]
 [    0    57    37     0  3018     0     6]
 [   10     0     0     0     0 15923     0]
 [    0     0     0     0     0     0  1599]]
2026-04-29 07:02:12,000 - INFO - run_attention_stacking - saved confusion_matrix_lightgbm: /home/shuora/Traffic/FusionModel/outputs/mfcp_multiclass/score_chasing_v1/attention_stacking_20260429_042107/confusion_matrix_lightgbm.png (exists=True)
2026-04-29 07:02:12,001 - INFO - run_attention_stacking - saved report_lightgbm: /home/shuora/Traffic/FusionModel/outputs/mfcp_multiclass/score_chasing_v1/attention_stacking_20260429_042107/report_lightgbm.md (exists=True)
2026-04-29 07:02:12,104 - INFO - run_attention_stacking - saved meta_model_lightgbm: /home/shuora/Traffic/FusionModel/outputs/mfcp_multiclass/score_chasing_v1/attention_stacking_20260429_042107/meta_model_lightgbm.pkl (exists=True)
2026-04-29 07:10:31,466 - INFO - run_attention_stacking - [attention_stacking_catboost] acc=0.9941 macro_f1=0.9893
2026-04-29 07:10:31,466 - INFO - run_attention_stacking - [attention_stacking_catboost] 分类报告:
              precision    recall  f1-score   support

           0     0.9986    0.9982    0.9984     16082
           1     0.9605    0.9968    0.9783      3150
           2     0.9861    0.9789    0.9825      3033
           3     0.9997    0.9993    0.9995      3026
           4     0.9881    0.9567    0.9721      3118
           5     0.9983    0.9981    0.9982     15933
           6     0.9926    1.0000    0.9963      1599

    accuracy                         0.9941     45941
   macro avg     0.9891    0.9897    0.9893     45941
weighted avg     0.9942    0.9941    0.9941     45941

2026-04-29 07:10:31,466 - INFO - run_attention_stacking - [attention_stacking_catboost] 混淆矩阵:
[[16053     2     0     0     0    27     0]
 [    0  3140     0     0    10     0     0]
 [    0    40  2969     0    23     0     1]
 [    0     0     0  3024     2     0     0]
 [    1    80    42     1  2983     0    11]
 [   22     7     0     0     1 15903     0]
 [    0     0     0     0     0     0  1599]]
2026-04-29 07:10:33,382 - INFO - run_attention_stacking - saved confusion_matrix_catboost: /home/shuora/Traffic/FusionModel/outputs/mfcp_multiclass/score_chasing_v1/attention_stacking_20260429_042107/confusion_matrix_catboost.png (exists=True)
2026-04-29 07:10:33,383 - INFO - run_attention_stacking - saved report_catboost: /home/shuora/Traffic/FusionModel/outputs/mfcp_multiclass/score_chasing_v1/attention_stacking_20260429_042107/report_catboost.md (exists=True)
2026-04-29 07:10:33,422 - INFO - run_attention_stacking - saved meta_model_catboost: /home/shuora/Traffic/FusionModel/outputs/mfcp_multiclass/score_chasing_v1/attention_stacking_20260429_042107/meta_model_catboost.pkl (exists=True)
2026-04-29 07:11:28,482 - INFO - run_attention_stacking - saved confusion_matrix_two_level_blender: /home/shuora/Traffic/FusionModel/outputs/mfcp_multiclass/score_chasing_v1/attention_stacking_20260429_042107/confusion_matrix_two_level_blender.png (exists=True)
2026-04-29 07:11:28,483 - INFO - run_attention_stacking - saved report_two_level_blender: /home/shuora/Traffic/FusionModel/outputs/mfcp_multiclass/score_chasing_v1/attention_stacking_20260429_042107/report_two_level_blender.md (exists=True)
2026-04-29 07:11:28,509 - INFO - run_attention_stacking - [attention_stacking_two_level_blender] acc=0.9959 macro_f1=0.9924 oof_macro_f1=0.9911
2026-04-29 07:11:31,358 - INFO - run_attention_stacking - [attention_stacking_soft_voting] acc=0.9962 macro_f1=0.9926
2026-04-29 07:11:31,358 - INFO - run_attention_stacking - [attention_stacking_soft_voting] 分类报告:
              precision    recall  f1-score   support

           0     0.9994    0.9994    0.9994     16082
           1     0.9767    0.9990    0.9878      3150
           2     0.9871    0.9829    0.9850      3033
           3     1.0000    0.9993    0.9997      3026
           4     0.9892    0.9689    0.9789      3118
           5     0.9994    0.9994    0.9994     15933
           6     0.9956    1.0000    0.9978      1599

    accuracy                         0.9962     45941
   macro avg     0.9925    0.9927    0.9926     45941
weighted avg     0.9963    0.9962    0.9962     45941

2026-04-29 07:11:31,358 - INFO - run_attention_stacking - [attention_stacking_soft_voting] 混淆矩阵:
[[16073     0     0     0     0     9     0]
 [    0  3147     0     0     3     0     0]
 [    0    23  2981     0    28     0     1]
 [    0     0     0  3024     2     0     0]
 [    0    52    39     0  3021     0     6]
 [   10     0     0     0     0 15923     0]
 [    0     0     0     0     0     0  1599]]
2026-04-29 07:11:31,446 - INFO - run_attention_stacking - saved confusion_matrix_soft_voting: /home/shuora/Traffic/FusionModel/outputs/mfcp_multiclass/score_chasing_v1/attention_stacking_20260429_042107/confusion_matrix_soft_voting.png (exists=True)
2026-04-29 07:11:31,447 - INFO - run_attention_stacking - saved report_soft_voting: /home/shuora/Traffic/FusionModel/outputs/mfcp_multiclass/score_chasing_v1/attention_stacking_20260429_042107/report_soft_voting.md (exists=True)
2026-04-29 07:11:31,844 - INFO - run_attention_stacking - saved model_base: /home/shuora/Traffic/FusionModel/outputs/mfcp_multiclass/score_chasing_v1/attention_stacking_20260429_042107/fusion_model_base.pth (exists=True)
2026-04-29 07:11:31,845 - INFO - run_attention_stacking - saved metrics_json: /home/shuora/Traffic/FusionModel/outputs/mfcp_multiclass/score_chasing_v1/attention_stacking_20260429_042107/metrics.json (exists=True)
2026-04-29 07:11:31,846 - INFO - run_attention_stacking - saved epoch_metrics_csv: /home/shuora/Traffic/FusionModel/outputs/mfcp_multiclass/score_chasing_v1/attention_stacking_20260429_042107/epoch_metrics.csv (exists=True)
2026-04-29 07:11:31,846 - INFO - run_attention_stacking - Saved minority recall gain data: /home/shuora/Traffic/FusionModel/outputs/mfcp_multiclass/score_chasing_v1/attention_stacking_20260429_042107/minority_recall_gain.json
2026-04-29 07:11:31,846 - INFO - run_attention_stacking - done stacking: run_dir=/home/shuora/Traffic/FusionModel/outputs/mfcp_multiclass/score_chasing_v1/attention_stacking_20260429_042107 log=/home/shuora/Traffic/FusionModel/outputs/mfcp_multiclass/score_chasing_v1/attention_stacking_20260429_042107/train.log
