2026-04-30 08:47:30,377 - INFO - run_attention - start attention: output_root=/home/shuora/Traffic/FusionModel/outputs/mfcp_multiclass/attention run_dir=/home/shuora/Traffic/FusionModel/outputs/mfcp_multiclass/attention/attention_dim256_20260430_084730
2026-04-30 08:47:30,377 - INFO - run_attention - config: fusion_mode=attention use_temporal=True image_mode=rgb
2026-04-30 08:47:30,377 - INFO - fusion_common - 加载融合数据 - 图像目录: /home/shuora/Traffic/FusionModel/ProcessedData/mfcp_multiclass/image_data/Train, Pcap目录: /home/shuora/Traffic/FusionModel/ProcessedData/mfcp_multiclass/pcap_data/Train
2026-04-30 08:47:30,804 - INFO - fusion_common - 融合索引缓存命中: /home/shuora/Traffic/FusionModel/ProcessedData/mfcp_multiclass/image_data/Train/.fusion_index_cache_v1_homeshuoratrafficfusionmodel_homeshuoratrafficfusionmodel.json, 样本数: 183754
2026-04-30 08:47:30,982 - INFO - fusion_common - 融合数据加载完成，类别数: 7, 样本总数: 183754
2026-04-30 08:47:30,983 - INFO - fusion_common - 加载融合数据 - 图像目录: /home/shuora/Traffic/FusionModel/ProcessedData/mfcp_multiclass/image_data/Test, Pcap目录: /home/shuora/Traffic/FusionModel/ProcessedData/mfcp_multiclass/pcap_data/Test
2026-04-30 08:47:31,054 - INFO - fusion_common - 融合索引缓存命中: /home/shuora/Traffic/FusionModel/ProcessedData/mfcp_multiclass/image_data/Test/.fusion_index_cache_v1_homeshuoratrafficfusionmodel_homeshuoratrafficfusionmodel.json, 样本数: 45941
2026-04-30 08:47:31,056 - INFO - fusion_common - 融合数据加载完成，类别数: 7, 样本总数: 45941
2026-04-30 08:47:31,056 - INFO - fusion_common - 初始化融合模型，融合模式: attention
2026-04-30 08:47:31,163 - INFO - fusion_common - 融合模型初始化完成，分类头设置为 7 个类别
2026-04-30 08:47:31,163 - INFO - fusion_common - 开始训练融合模型
2026-04-30 08:47:31,164 - INFO - fusion_common - 训练参数 - Epochs: 32, Learning Rate: 0.001, Early Stopping Patience: 4
2026-04-30 08:47:31,164 - INFO - fusion_common - 训练策略 - class_balance: weighted_sampler_loss, loss_type: focal, focal_gamma: 1.500, weight_decay: 0.000100, label_smoothing: 0.0300, early_stop_metric: val_f1, lr_scheduler: reduce, val_every: 1
2026-04-30 08:47:31,164 - INFO - fusion_common - 训练保护 - grad_clip_norm: 1.000, max_consecutive_invalid_batches: 128
2026-04-30 08:47:31,164 - INFO - fusion_common - DataLoader参数 - train_batches: 5742, val_batches: 1436, batch_size: 32, num_workers: 4, pin_memory: True
2026-04-30 08:47:31,634 - INFO - fusion_common - 使用 class-weighted CrossEntropyLoss
2026-04-30 08:47:31,635 - INFO - fusion_common - Epoch 1/32
2026-04-30 08:58:18,075 - INFO - fusion_common - Epoch 1 结果: 训练 Loss: 0.0858, 训练 Acc: 0.9613, 训练 F1: 0.9380 | 验证 Loss: 0.0489, 验证 Acc: 0.9807, 验证 F1: 0.9583
2026-04-30 08:58:18,096 - INFO - fusion_common - 早停计数器: 0/4
2026-04-30 08:58:18,096 - INFO - fusion_common - 当前学习率: 0.00100000
2026-04-30 08:58:18,096 - INFO - fusion_common - Epoch 2/32
2026-04-30 09:08:31,439 - INFO - fusion_common - Epoch 2 结果: 训练 Loss: 0.0422, 训练 Acc: 0.9847, 训练 F1: 0.9755 | 验证 Loss: 0.0409, 验证 Acc: 0.9891, 验证 F1: 0.9805
2026-04-30 09:08:31,457 - INFO - fusion_common - 早停计数器: 0/4
2026-04-30 09:08:31,457 - INFO - fusion_common - 当前学习率: 0.00100000
2026-04-30 09:08:31,457 - INFO - fusion_common - Epoch 3/32
2026-04-30 09:18:39,349 - INFO - fusion_common - Epoch 3 结果: 训练 Loss: 0.0363, 训练 Acc: 0.9871, 训练 F1: 0.9796 | 验证 Loss: 0.0347, 验证 Acc: 0.9894, 验证 F1: 0.9805
2026-04-30 09:18:39,352 - INFO - fusion_common - 早停计数器: 1/4
2026-04-30 09:18:39,352 - INFO - fusion_common - 当前学习率: 0.00100000
2026-04-30 09:18:39,352 - INFO - fusion_common - Epoch 4/32
2026-04-30 09:28:50,341 - INFO - fusion_common - Epoch 4 结果: 训练 Loss: 0.0331, 训练 Acc: 0.9888, 训练 F1: 0.9825 | 验证 Loss: 0.0414, 验证 Acc: 0.9888, 验证 F1: 0.9785
2026-04-30 09:28:50,342 - INFO - fusion_common - 早停计数器: 2/4
2026-04-30 09:28:50,342 - INFO - fusion_common - 当前学习率: 0.00100000
2026-04-30 09:28:50,342 - INFO - fusion_common - Epoch 5/32
2026-04-30 09:38:56,298 - INFO - fusion_common - Epoch 5 结果: 训练 Loss: 0.0323, 训练 Acc: 0.9887, 训练 F1: 0.9826 | 验证 Loss: 0.0329, 验证 Acc: 0.9900, 验证 F1: 0.9818
2026-04-30 09:38:56,338 - INFO - fusion_common - 早停计数器: 0/4
2026-04-30 09:38:56,339 - INFO - fusion_common - 当前学习率: 0.00100000
2026-04-30 09:38:56,339 - INFO - fusion_common - Epoch 6/32
2026-04-30 09:49:14,240 - INFO - fusion_common - Epoch 6 结果: 训练 Loss: 0.0316, 训练 Acc: 0.9888, 训练 F1: 0.9830 | 验证 Loss: 0.0321, 验证 Acc: 0.9901, 验证 F1: 0.9830
2026-04-30 09:49:14,261 - INFO - fusion_common - 早停计数器: 0/4
2026-04-30 09:49:14,261 - INFO - fusion_common - 当前学习率: 0.00100000
2026-04-30 09:49:14,261 - INFO - fusion_common - Epoch 7/32
2026-04-30 09:59:24,398 - INFO - fusion_common - Epoch 7 结果: 训练 Loss: 0.0302, 训练 Acc: 0.9894, 训练 F1: 0.9839 | 验证 Loss: 0.0283, 验证 Acc: 0.9899, 验证 F1: 0.9826
2026-04-30 09:59:24,402 - INFO - fusion_common - 早停计数器: 1/4
2026-04-30 09:59:24,402 - INFO - fusion_common - 当前学习率: 0.00100000
2026-04-30 09:59:24,402 - INFO - fusion_common - Epoch 8/32
2026-04-30 10:09:37,914 - INFO - fusion_common - Epoch 8 结果: 训练 Loss: 0.0298, 训练 Acc: 0.9896, 训练 F1: 0.9843 | 验证 Loss: 0.0307, 验证 Acc: 0.9903, 验证 F1: 0.9835
2026-04-30 10:09:37,919 - INFO - fusion_common - 早停计数器: 2/4
2026-04-30 10:09:37,919 - INFO - fusion_common - 当前学习率: 0.00100000
2026-04-30 10:09:37,919 - INFO - fusion_common - Epoch 9/32
2026-04-30 10:19:59,077 - INFO - fusion_common - Epoch 9 结果: 训练 Loss: 0.0287, 训练 Acc: 0.9903, 训练 F1: 0.9855 | 验证 Loss: 0.0276, 验证 Acc: 0.9913, 验证 F1: 0.9845
2026-04-30 10:19:59,115 - INFO - fusion_common - 早停计数器: 0/4
2026-04-30 10:19:59,115 - INFO - fusion_common - 当前学习率: 0.00100000
2026-04-30 10:19:59,115 - INFO - fusion_common - Epoch 10/32
2026-04-30 10:30:10,507 - INFO - fusion_common - Epoch 10 结果: 训练 Loss: 0.0284, 训练 Acc: 0.9902, 训练 F1: 0.9855 | 验证 Loss: 0.0296, 验证 Acc: 0.9914, 验证 F1: 0.9852
2026-04-30 10:30:10,509 - INFO - fusion_common - 早停计数器: 1/4
2026-04-30 10:30:10,509 - INFO - fusion_common - 当前学习率: 0.00100000
2026-04-30 10:30:10,509 - INFO - fusion_common - Epoch 11/32
2026-04-30 10:40:24,541 - INFO - fusion_common - Epoch 11 结果: 训练 Loss: 0.0273, 训练 Acc: 0.9909, 训练 F1: 0.9864 | 验证 Loss: 0.0313, 验证 Acc: 0.9909, 验证 F1: 0.9846
2026-04-30 10:40:24,542 - INFO - fusion_common - 早停计数器: 2/4
2026-04-30 10:40:24,542 - INFO - fusion_common - 当前学习率: 0.00100000
2026-04-30 10:40:24,542 - INFO - fusion_common - Epoch 12/32
2026-04-30 10:50:30,463 - INFO - fusion_common - Epoch 12 结果: 训练 Loss: 0.0269, 训练 Acc: 0.9911, 训练 F1: 0.9867 | 验证 Loss: 0.0272, 验证 Acc: 0.9914, 验证 F1: 0.9856
2026-04-30 10:50:30,481 - INFO - fusion_common - 早停计数器: 0/4
2026-04-30 10:50:30,481 - INFO - fusion_common - 当前学习率: 0.00100000
2026-04-30 10:50:30,481 - INFO - fusion_common - Epoch 13/32
2026-04-30 11:00:44,786 - INFO - fusion_common - Epoch 13 结果: 训练 Loss: 0.0269, 训练 Acc: 0.9914, 训练 F1: 0.9869 | 验证 Loss: 0.0268, 验证 Acc: 0.9917, 验证 F1: 0.9859
2026-04-30 11:00:44,788 - INFO - fusion_common - 早停计数器: 1/4
2026-04-30 11:00:44,788 - INFO - fusion_common - 当前学习率: 0.00100000
2026-04-30 11:00:44,788 - INFO - fusion_common - Epoch 14/32
2026-04-30 11:10:53,999 - INFO - fusion_common - Epoch 14 结果: 训练 Loss: 0.0267, 训练 Acc: 0.9913, 训练 F1: 0.9869 | 验证 Loss: 0.0312, 验证 Acc: 0.9918, 验证 F1: 0.9857
2026-04-30 11:10:54,000 - INFO - fusion_common - 早停计数器: 2/4
2026-04-30 11:10:54,000 - INFO - fusion_common - 当前学习率: 0.00100000
2026-04-30 11:10:54,000 - INFO - fusion_common - Epoch 15/32
2026-04-30 11:21:13,697 - INFO - fusion_common - Epoch 15 结果: 训练 Loss: 0.0259, 训练 Acc: 0.9916, 训练 F1: 0.9876 | 验证 Loss: 0.0318, 验证 Acc: 0.9918, 验证 F1: 0.9860
2026-04-30 11:21:13,700 - INFO - fusion_common - 早停计数器: 3/4
2026-04-30 11:21:13,700 - INFO - fusion_common - 当前学习率: 0.00100000
2026-04-30 11:21:13,700 - INFO - fusion_common - Epoch 16/32
2026-04-30 11:31:23,358 - INFO - fusion_common - Epoch 16 结果: 训练 Loss: 0.0267, 训练 Acc: 0.9912, 训练 F1: 0.9870 | 验证 Loss: 0.0273, 验证 Acc: 0.9925, 验证 F1: 0.9878
2026-04-30 11:31:23,389 - INFO - fusion_common - 早停计数器: 0/4
2026-04-30 11:31:23,390 - INFO - fusion_common - 当前学习率: 0.00100000
2026-04-30 11:31:23,390 - INFO - fusion_common - Epoch 17/32
2026-04-30 11:42:44,570 - INFO - fusion_common - Epoch 17 结果: 训练 Loss: 0.0257, 训练 Acc: 0.9917, 训练 F1: 0.9879 | 验证 Loss: 0.0292, 验证 Acc: 0.9924, 验证 F1: 0.9871
2026-04-30 11:42:44,616 - INFO - fusion_common - 早停计数器: 1/4
2026-04-30 11:42:44,617 - INFO - fusion_common - 当前学习率: 0.00100000
2026-04-30 11:42:44,617 - INFO - fusion_common - Epoch 18/32
2026-04-30 11:55:10,472 - INFO - fusion_common - Epoch 18 结果: 训练 Loss: 0.0254, 训练 Acc: 0.9920, 训练 F1: 0.9881 | 验证 Loss: 0.0320, 验证 Acc: 0.9920, 验证 F1: 0.9863
2026-04-30 11:55:10,473 - INFO - fusion_common - 早停计数器: 2/4
2026-04-30 11:55:10,474 - INFO - fusion_common - 当前学习率: 0.00100000
2026-04-30 11:55:10,474 - INFO - fusion_common - Epoch 19/32
2026-04-30 12:09:02,045 - INFO - fusion_common - Epoch 19 结果: 训练 Loss: 0.0255, 训练 Acc: 0.9919, 训练 F1: 0.9881 | 验证 Loss: 0.0295, 验证 Acc: 0.9915, 验证 F1: 0.9852
2026-04-30 12:09:02,051 - INFO - fusion_common - 早停计数器: 3/4
2026-04-30 12:09:02,051 - INFO - fusion_common - 当前学习率: 0.00050000
2026-04-30 12:09:02,051 - INFO - fusion_common - Epoch 20/32
2026-04-30 12:26:09,286 - INFO - fusion_common - Epoch 20 结果: 训练 Loss: 0.0222, 训练 Acc: 0.9931, 训练 F1: 0.9899 | 验证 Loss: 0.0268, 验证 Acc: 0.9927, 验证 F1: 0.9876
2026-04-30 12:26:09,330 - INFO - fusion_common - 早停计数器: 4/4
2026-04-30 12:26:09,331 - INFO - fusion_common - 当前学习率: 0.00050000
2026-04-30 12:26:09,331 - INFO - fusion_common - 早停机制触发，在第 20 轮后停止训练
2026-04-30 12:26:09,331 - INFO - fusion_common - 融合模型训练完成
2026-04-30 12:26:13,449 - INFO - run_attention - [AttentionDiag] mean=0.001276 min=0.000000 max=0.006007 entropy=5.1909 top1=0.0057 top5=0.0284 top10=0.0566 nonpad_mass=1.0000 pad_mass=0.0000 nonpad_frac=0.2292
2026-04-30 12:26:16,040 - INFO - run_attention - [AttentionDiag] saved attention curve: /home/shuora/Traffic/FusionModel/outputs/mfcp_multiclass/attention/attention_dim256_20260430_084730/attention_curve.png
2026-04-30 12:26:16,041 - INFO - run_attention - saved attention_curve: /home/shuora/Traffic/FusionModel/outputs/mfcp_multiclass/attention/attention_dim256_20260430_084730/attention_curve.png (exists=True)
2026-04-30 12:26:16,041 - INFO - run_attention - Generating attention heatmap...
2026-04-30 12:27:03,076 - INFO - run_attention - 评估结果:
2026-04-30 12:27:03,077 - INFO - run_attention -   准确率: 0.9925
2026-04-30 12:27:03,077 - INFO - run_attention -   Macro F1: 0.9878
2026-04-30 12:27:03,077 - INFO - run_attention -   分类报告:
              precision    recall  f1-score   support

           0     0.9936    0.9996    0.9966     16082
           1     0.9612    0.9921    0.9764      3150
           2     0.9844    0.9749    0.9796      3033
           3     1.0000    0.9997    0.9998      3026
           4     0.9832    0.9551    0.9689      3118
           5     0.9996    0.9940    0.9968     15933
           6     0.9926    1.0000    0.9963      1599

    accuracy                         0.9925     45941
   macro avg     0.9878    0.9879    0.9878     45941
weighted avg     0.9925    0.9925    0.9925     45941

2026-04-30 12:27:03,077 - INFO - run_attention -   混淆矩阵:
[[16075     0     3     0     4     0     0]
 [    0  3125    11     0    10     4     0]
 [    3    37  2957     0    36     0     0]
 [    0     0     0  3025     1     0     0]
 [    4    89    33     0  2978     2    12]
 [   96     0     0     0     0 15837     0]
 [    0     0     0     0     0     0  1599]]
2026-04-30 12:27:03,223 - INFO - run_attention - saved metrics_curve: /home/shuora/Traffic/FusionModel/outputs/mfcp_multiclass/attention/attention_dim256_20260430_084730/metrics_curve.png (exists=True)
2026-04-30 12:27:03,323 - INFO - run_attention - saved confusion_matrix: /home/shuora/Traffic/FusionModel/outputs/mfcp_multiclass/attention/attention_dim256_20260430_084730/confusion_matrix.png (exists=True)
2026-04-30 12:27:03,324 - INFO - run_attention - saved report: /home/shuora/Traffic/FusionModel/outputs/mfcp_multiclass/attention/attention_dim256_20260430_084730/report.md (exists=True)
2026-04-30 12:27:03,394 - INFO - run_attention - saved model: /home/shuora/Traffic/FusionModel/outputs/mfcp_multiclass/attention/attention_dim256_20260430_084730/fusion_model.pth (exists=True)
2026-04-30 12:27:03,395 - INFO - run_attention - saved metrics_json: /home/shuora/Traffic/FusionModel/outputs/mfcp_multiclass/attention/attention_dim256_20260430_084730/metrics.json (exists=True)
2026-04-30 12:27:03,395 - INFO - run_attention - saved epoch_metrics_csv: /home/shuora/Traffic/FusionModel/outputs/mfcp_multiclass/attention/attention_dim256_20260430_084730/epoch_metrics.csv (exists=True)
2026-04-30 12:27:03,395 - INFO - run_attention - done attention: run_dir=/home/shuora/Traffic/FusionModel/outputs/mfcp_multiclass/attention/attention_dim256_20260430_084730 log=/home/shuora/Traffic/FusionModel/outputs/mfcp_multiclass/attention/attention_dim256_20260430_084730/train.log
