2026-04-29 07:49:17,467 - INFO - run_attention - config: fusion_mode=attention use_temporal=True image_mode=gray
2026-04-29 07:49:17,467 - INFO - fusion_common - 加载融合数据 - 图像目录: /home/shuora/Traffic/FusionModel/ProcessedData/binary_benign_vs_malicious/image_gray/Train, Pcap目录: /home/shuora/Traffic/FusionModel/ProcessedData/binary_benign_vs_malicious/pcap_data/Train
2026-04-29 07:49:17,597 - INFO - fusion_common - 融合数据索引进度: 1/2 类别 (benign)
2026-04-29 07:49:17,944 - INFO - fusion_common - 融合数据索引进度: 2/2 类别 (malicious)
2026-04-29 07:49:18,051 - INFO - fusion_common - 融合索引缓存已保存: /home/shuora/Traffic/FusionModel/ProcessedData/binary_benign_vs_malicious/image_gray/Train/.fusion_index_cache_v1_homeshuoratrafficfusionmodel_homeshuoratrafficfusionmodel.json
2026-04-29 07:49:18,057 - INFO - fusion_common - 融合数据集加载完成，总样本数: 50880
2026-04-29 07:49:18,060 - INFO - fusion_common - 融合数据加载完成，类别数: 2, 样本总数: 50880
2026-04-29 07:49:18,060 - INFO - fusion_common - 加载融合数据 - 图像目录: /home/shuora/Traffic/FusionModel/ProcessedData/binary_benign_vs_malicious/image_gray/Test, Pcap目录: /home/shuora/Traffic/FusionModel/ProcessedData/binary_benign_vs_malicious/pcap_data/Test
2026-04-29 07:49:18,099 - INFO - fusion_common - 融合数据索引进度: 1/2 类别 (benign)
2026-04-29 07:49:18,182 - INFO - fusion_common - 融合数据索引进度: 2/2 类别 (malicious)
2026-04-29 07:49:18,207 - INFO - fusion_common - 融合索引缓存已保存: /home/shuora/Traffic/FusionModel/ProcessedData/binary_benign_vs_malicious/image_gray/Test/.fusion_index_cache_v1_homeshuoratrafficfusionmodel_homeshuoratrafficfusionmodel.json
2026-04-29 07:49:18,209 - INFO - fusion_common - 融合数据集加载完成，总样本数: 12719
2026-04-29 07:49:18,210 - INFO - fusion_common - 融合数据加载完成，类别数: 2, 样本总数: 12719
2026-04-29 07:49:18,210 - INFO - fusion_common - 初始化融合模型，融合模式: attention
2026-04-29 07:49:18,297 - INFO - fusion_common - 融合模型初始化完成，分类头设置为 2 个类别
2026-04-29 07:49:18,297 - INFO - fusion_common - 开始训练融合模型
2026-04-29 07:49:18,298 - INFO - fusion_common - 训练参数 - Epochs: 32, Learning Rate: 0.001, Early Stopping Patience: 4
2026-04-29 07:49:18,298 - INFO - fusion_common - 训练策略 - class_balance: none, loss_type: ce, focal_gamma: 2.000, weight_decay: 0.000100, label_smoothing: 0.0000, early_stop_metric: val_loss, lr_scheduler: reduce, val_every: 1
2026-04-29 07:49:18,298 - INFO - fusion_common - 训练保护 - grad_clip_norm: 1.000, max_consecutive_invalid_batches: 128
2026-04-29 07:49:18,298 - INFO - fusion_common - DataLoader参数 - train_batches: 1590, val_batches: 398, batch_size: 32, num_workers: 4, pin_memory: True
2026-04-29 07:49:18,561 - INFO - fusion_common - Epoch 1/32
2026-04-29 07:52:44,331 - INFO - fusion_common - Epoch 1 结果: 训练 Loss: 0.1364, 训练 Acc: 0.9601, 训练 F1: 0.9512 | 验证 Loss: 0.0965, 验证 Acc: 0.9706, 验证 F1: 0.9640
2026-04-29 07:52:44,350 - INFO - fusion_common - 早停计数器: 0/4
2026-04-29 07:52:44,351 - INFO - fusion_common - 当前学习率: 0.00100000
2026-04-29 07:52:44,351 - INFO - fusion_common - Epoch 2/32
2026-04-29 07:55:34,459 - INFO - fusion_common - Epoch 2 结果: 训练 Loss: 0.0896, 训练 Acc: 0.9731, 训练 F1: 0.9673 | 验证 Loss: 0.0838, 验证 Acc: 0.9744, 验证 F1: 0.9693
2026-04-29 07:55:34,476 - INFO - fusion_common - 早停计数器: 0/4
2026-04-29 07:55:34,476 - INFO - fusion_common - 当前学习率: 0.00100000
2026-04-29 07:55:34,476 - INFO - fusion_common - Epoch 3/32
2026-04-29 07:58:22,612 - INFO - fusion_common - Epoch 3 结果: 训练 Loss: 0.0770, 训练 Acc: 0.9773, 训练 F1: 0.9726 | 验证 Loss: 0.0772, 验证 Acc: 0.9775, 验证 F1: 0.9729
2026-04-29 07:58:22,628 - INFO - fusion_common - 早停计数器: 0/4
2026-04-29 07:58:22,628 - INFO - fusion_common - 当前学习率: 0.00100000
2026-04-29 07:58:22,628 - INFO - fusion_common - Epoch 4/32
2026-04-29 08:01:17,191 - INFO - fusion_common - Epoch 4 结果: 训练 Loss: 0.0673, 训练 Acc: 0.9799, 训练 F1: 0.9757 | 验证 Loss: 0.0722, 验证 Acc: 0.9770, 验证 F1: 0.9721
2026-04-29 08:01:17,207 - INFO - fusion_common - 早停计数器: 0/4
2026-04-29 08:01:17,208 - INFO - fusion_common - 当前学习率: 0.00100000
2026-04-29 08:01:17,208 - INFO - fusion_common - Epoch 5/32
2026-04-29 08:04:05,667 - INFO - fusion_common - Epoch 5 结果: 训练 Loss: 0.0617, 训练 Acc: 0.9820, 训练 F1: 0.9783 | 验证 Loss: 0.0653, 验证 Acc: 0.9805, 验证 F1: 0.9764
2026-04-29 08:04:05,684 - INFO - fusion_common - 早停计数器: 0/4
2026-04-29 08:04:05,684 - INFO - fusion_common - 当前学习率: 0.00100000
2026-04-29 08:04:05,684 - INFO - fusion_common - Epoch 6/32
2026-04-29 08:06:50,519 - INFO - fusion_common - Epoch 6 结果: 训练 Loss: 0.0557, 训练 Acc: 0.9840, 训练 F1: 0.9807 | 验证 Loss: 0.0633, 验证 Acc: 0.9795, 验证 F1: 0.9754
2026-04-29 08:06:50,535 - INFO - fusion_common - 早停计数器: 0/4
2026-04-29 08:06:50,535 - INFO - fusion_common - 当前学习率: 0.00100000
2026-04-29 08:06:50,535 - INFO - fusion_common - Epoch 7/32
2026-04-29 08:09:45,500 - INFO - fusion_common - Epoch 7 结果: 训练 Loss: 0.0518, 训练 Acc: 0.9847, 训练 F1: 0.9815 | 验证 Loss: 0.0636, 验证 Acc: 0.9818, 验证 F1: 0.9780
2026-04-29 08:09:45,500 - INFO - fusion_common - 早停计数器: 1/4
2026-04-29 08:09:45,500 - INFO - fusion_common - 当前学习率: 0.00100000
2026-04-29 08:09:45,500 - INFO - fusion_common - Epoch 8/32
2026-04-29 08:12:38,893 - INFO - fusion_common - Epoch 8 结果: 训练 Loss: 0.0484, 训练 Acc: 0.9856, 训练 F1: 0.9827 | 验证 Loss: 0.0820, 验证 Acc: 0.9818, 验证 F1: 0.9781
2026-04-29 08:12:38,893 - INFO - fusion_common - 早停计数器: 2/4
2026-04-29 08:12:38,893 - INFO - fusion_common - 当前学习率: 0.00100000
2026-04-29 08:12:38,893 - INFO - fusion_common - Epoch 9/32
2026-04-29 08:15:21,524 - INFO - fusion_common - Epoch 9 结果: 训练 Loss: 0.0480, 训练 Acc: 0.9858, 训练 F1: 0.9829 | 验证 Loss: 0.0635, 验证 Acc: 0.9811, 验证 F1: 0.9773
2026-04-29 08:15:21,524 - INFO - fusion_common - 早停计数器: 3/4
2026-04-29 08:15:21,524 - INFO - fusion_common - 当前学习率: 0.00050000
2026-04-29 08:15:21,524 - INFO - fusion_common - Epoch 10/32
2026-04-29 08:18:11,140 - INFO - fusion_common - Epoch 10 结果: 训练 Loss: 0.0379, 训练 Acc: 0.9887, 训练 F1: 0.9864 | 验证 Loss: 0.0678, 验证 Acc: 0.9837, 验证 F1: 0.9803
2026-04-29 08:18:11,148 - INFO - fusion_common - 早停计数器: 4/4
2026-04-29 08:18:11,149 - INFO - fusion_common - 当前学习率: 0.00050000
2026-04-29 08:18:11,149 - INFO - fusion_common - 早停机制触发，在第 10 轮后停止训练
2026-04-29 08:18:11,149 - INFO - fusion_common - 融合模型训练完成
2026-04-29 08:18:13,485 - INFO - run_attention - [AttentionDiag] mean=0.001276 min=0.000000 max=0.042083 entropy=4.2723 top1=0.0171 top5=0.0853 top10=0.1702 nonpad_mass=1.0000 pad_mass=0.0000 nonpad_frac=0.1396
2026-04-29 08:18:13,810 - INFO - run_attention - [AttentionDiag] saved attention curve: /home/shuora/Traffic/FusionModel/outputs/binary_benign_vs_malicious/ablation_gray/attention_dim256_20260429_074917/attention_curve.png
2026-04-29 08:18:13,810 - INFO - run_attention - saved attention_curve: /home/shuora/Traffic/FusionModel/outputs/binary_benign_vs_malicious/ablation_gray/attention_dim256_20260429_074917/attention_curve.png (exists=True)
2026-04-29 08:18:13,810 - INFO - run_attention - Generating attention heatmap...
2026-04-29 08:18:22,135 - INFO - run_attention - 评估结果:
2026-04-29 08:18:22,135 - INFO - run_attention -   准确率: 0.9795
2026-04-29 08:18:22,135 - INFO - run_attention -   Macro F1: 0.9754
2026-04-29 08:18:22,135 - INFO - run_attention -   分类报告:
              precision    recall  f1-score   support

                      0     0.8661    0.9015    0.8834      3716
                      1     0.9586    0.9425    0.9505      9003

    accuracy                         0.9305     12719
      macro avg     0.9124    0.9220    0.9170     12719
weighted avg     0.9525    0.9513    0.9516     12719

2026-04-29 08:18:22,135 - INFO - run_attention -   混淆矩阵:
[[3350, 366], [518, 8485]]
2026-04-29 08:18:22,255 - INFO - run_attention - saved metrics_curve: /home/shuora/Traffic/FusionModel/outputs/binary_benign_vs_malicious/ablation_gray/attention_dim256_20260429_074917/metrics_curve.png (exists=True)
2026-04-29 08:18:22,315 - INFO - run_attention - saved confusion_matrix: /home/shuora/Traffic/FusionModel/outputs/binary_benign_vs_malicious/ablation_gray/attention_dim256_20260429_074917/confusion_matrix.png (exists=True)
2026-04-29 08:18:22,315 - INFO - run_attention - saved report: /home/shuora/Traffic/FusionModel/outputs/binary_benign_vs_malicious/ablation_gray/attention_dim256_20260429_074917/report.md (exists=True)
2026-04-29 08:18:22,383 - INFO - run_attention - saved model: /home/shuora/Traffic/FusionModel/outputs/binary_benign_vs_malicious/ablation_gray/attention_dim256_20260429_074917/fusion_model.pth (exists=True)
2026-04-29 08:18:22,384 - INFO - run_attention - saved metrics_json: /home/shuora/Traffic/FusionModel/outputs/binary_benign_vs_malicious/ablation_gray/attention_dim256_20260429_074917/metrics.json (exists=True)
2026-04-29 08:18:22,384 - INFO - run_attention - saved epoch_metrics_csv: /home/shuora/Traffic/FusionModel/outputs/binary_benign_vs_malicious/ablation_gray/attention_dim256_20260429_074917/epoch_metrics.csv (exists=True)
2026-04-29 08:18:22,384 - INFO - run_attention - done attention: run_dir=/home/shuora/Traffic/FusionModel/outputs/binary_benign_vs_malicious/ablation_gray/attention_dim256_20260429_074917 log=/home/shuora/Traffic/FusionModel/outputs/binary_benign_vs_malicious/ablation_gray/attention_dim256_20260429_074917/train.log
