2026-04-29 07:11:47,223 - INFO - run_attention - start attention: output_root=/home/shuora/Traffic/FusionModel/outputs/binary_benign_vs_malicious/control_rgb run_dir=/home/shuora/Traffic/FusionModel/outputs/binary_benign_vs_malicious/control_rgb/attention_dim256_20260429_071147
2026-04-29 07:11:47,223 - INFO - run_attention - config: fusion_mode=attention use_temporal=True image_mode=rgb
2026-04-29 07:11:47,223 - INFO - fusion_common - 加载融合数据 - 图像目录: /home/shuora/Traffic/FusionModel/ProcessedData/binary_benign_vs_malicious/image_data/Train, Pcap目录: /home/shuora/Traffic/FusionModel/ProcessedData/binary_benign_vs_malicious/pcap_data/Train
2026-04-29 07:11:47,436 - INFO - fusion_common - 融合数据索引进度: 1/2 类别 (benign)
2026-04-29 07:11:48,043 - INFO - fusion_common - 融合数据索引进度: 2/2 类别 (malicious)
2026-04-29 07:11:48,159 - INFO - fusion_common - 融合索引缓存已保存: /home/shuora/Traffic/FusionModel/ProcessedData/binary_benign_vs_malicious/image_data/Train/.fusion_index_cache_v1_homeshuoratrafficfusionmodel_homeshuoratrafficfusionmodel.json
2026-04-29 07:11:48,165 - INFO - fusion_common - 融合数据集加载完成，总样本数: 50880
2026-04-29 07:11:48,168 - INFO - fusion_common - 融合数据加载完成，类别数: 2, 样本总数: 50880
2026-04-29 07:11:48,168 - INFO - fusion_common - 加载融合数据 - 图像目录: /home/shuora/Traffic/FusionModel/ProcessedData/binary_benign_vs_malicious/image_data/Test, Pcap目录: /home/shuora/Traffic/FusionModel/ProcessedData/binary_benign_vs_malicious/pcap_data/Test
2026-04-29 07:11:48,232 - INFO - fusion_common - 融合数据索引进度: 1/2 类别 (benign)
2026-04-29 07:11:48,367 - INFO - fusion_common - 融合数据索引进度: 2/2 类别 (malicious)
2026-04-29 07:11:48,399 - INFO - fusion_common - 融合索引缓存已保存: /home/shuora/Traffic/FusionModel/ProcessedData/binary_benign_vs_malicious/image_data/Test/.fusion_index_cache_v1_homeshuoratrafficfusionmodel_homeshuoratrafficfusionmodel.json
2026-04-29 07:11:48,401 - INFO - fusion_common - 融合数据集加载完成，总样本数: 12719
2026-04-29 07:11:48,402 - INFO - fusion_common - 融合数据加载完成，类别数: 2, 样本总数: 12719
2026-04-29 07:11:48,402 - INFO - fusion_common - 初始化融合模型，融合模式: attention
2026-04-29 07:11:48,527 - INFO - fusion_common - 融合模型初始化完成，分类头设置为 2 个类别
2026-04-29 07:11:48,527 - INFO - fusion_common - 开始训练融合模型
2026-04-29 07:11:48,528 - INFO - fusion_common - 训练参数 - Epochs: 32, Learning Rate: 0.001, Early Stopping Patience: 4
2026-04-29 07:11:48,528 - INFO - fusion_common - 训练策略 - class_balance: none, loss_type: ce, focal_gamma: 2.000, weight_decay: 0.000100, label_smoothing: 0.0000, early_stop_metric: val_loss, lr_scheduler: reduce, val_every: 1
2026-04-29 07:11:48,528 - INFO - fusion_common - 训练保护 - grad_clip_norm: 1.000, max_consecutive_invalid_batches: 128
2026-04-29 07:11:48,528 - INFO - fusion_common - DataLoader参数 - train_batches: 1590, val_batches: 398, batch_size: 32, num_workers: 4, pin_memory: True
2026-04-29 07:11:48,871 - INFO - fusion_common - Epoch 1/32
2026-04-29 07:15:09,834 - INFO - fusion_common - Epoch 1 结果: 训练 Loss: 0.1377, 训练 Acc: 0.9595, 训练 F1: 0.9504 | 验证 Loss: 0.0898, 验证 Acc: 0.9729, 验证 F1: 0.9669
2026-04-29 07:15:09,873 - INFO - fusion_common - 早停计数器: 0/4
2026-04-29 07:15:09,873 - INFO - fusion_common - 当前学习率: 0.00100000
2026-04-29 07:15:09,873 - INFO - fusion_common - Epoch 2/32
2026-04-29 07:17:58,395 - INFO - fusion_common - Epoch 2 结果: 训练 Loss: 0.0917, 训练 Acc: 0.9725, 训练 F1: 0.9667 | 验证 Loss: 0.0889, 验证 Acc: 0.9719, 验证 F1: 0.9664
2026-04-29 07:17:58,396 - INFO - fusion_common - 早停计数器: 1/4
2026-04-29 07:17:58,396 - INFO - fusion_common - 当前学习率: 0.00100000
2026-04-29 07:17:58,396 - INFO - fusion_common - Epoch 3/32
2026-04-29 07:20:48,772 - INFO - fusion_common - Epoch 3 结果: 训练 Loss: 0.0769, 训练 Acc: 0.9778, 训练 F1: 0.9731 | 验证 Loss: 0.0773, 验证 Acc: 0.9755, 验证 F1: 0.9706
2026-04-29 07:20:48,789 - INFO - fusion_common - 早停计数器: 0/4
2026-04-29 07:20:48,789 - INFO - fusion_common - 当前学习率: 0.00100000
2026-04-29 07:20:48,789 - INFO - fusion_common - Epoch 4/32
2026-04-29 07:23:36,929 - INFO - fusion_common - Epoch 4 结果: 训练 Loss: 0.0696, 训练 Acc: 0.9796, 训练 F1: 0.9753 | 验证 Loss: 0.0918, 验证 Acc: 0.9762, 验证 F1: 0.9709
2026-04-29 07:23:36,929 - INFO - fusion_common - 早停计数器: 1/4
2026-04-29 07:23:36,929 - INFO - fusion_common - 当前学习率: 0.00100000
2026-04-29 07:23:36,929 - INFO - fusion_common - Epoch 5/32
2026-04-29 07:26:24,087 - INFO - fusion_common - Epoch 5 结果: 训练 Loss: 0.0633, 训练 Acc: 0.9821, 训练 F1: 0.9784 | 验证 Loss: 0.0702, 验证 Acc: 0.9778, 验证 F1: 0.9734
2026-04-29 07:26:24,104 - INFO - fusion_common - 早停计数器: 0/4
2026-04-29 07:26:24,104 - INFO - fusion_common - 当前学习率: 0.00100000
2026-04-29 07:26:24,104 - INFO - fusion_common - Epoch 6/32
2026-04-29 07:29:19,625 - INFO - fusion_common - Epoch 6 结果: 训练 Loss: 0.0598, 训练 Acc: 0.9829, 训练 F1: 0.9793 | 验证 Loss: 0.0708, 验证 Acc: 0.9770, 验证 F1: 0.9725
2026-04-29 07:29:19,625 - INFO - fusion_common - 早停计数器: 1/4
2026-04-29 07:29:19,625 - INFO - fusion_common - 当前学习率: 0.00100000
2026-04-29 07:29:19,625 - INFO - fusion_common - Epoch 7/32
2026-04-29 07:32:08,734 - INFO - fusion_common - Epoch 7 结果: 训练 Loss: 0.0595, 训练 Acc: 0.9828, 训练 F1: 0.9792 | 验证 Loss: 0.0784, 验证 Acc: 0.9782, 验证 F1: 0.9735
2026-04-29 07:32:08,734 - INFO - fusion_common - 早停计数器: 2/4
2026-04-29 07:32:08,735 - INFO - fusion_common - 当前学习率: 0.00100000
2026-04-29 07:32:08,735 - INFO - fusion_common - Epoch 8/32
2026-04-29 07:34:54,973 - INFO - fusion_common - Epoch 8 结果: 训练 Loss: 0.0563, 训练 Acc: 0.9842, 训练 F1: 0.9810 | 验证 Loss: 0.0801, 验证 Acc: 0.9800, 验证 F1: 0.9760
2026-04-29 07:34:54,973 - INFO - fusion_common - 早停计数器: 3/4
2026-04-29 07:34:54,973 - INFO - fusion_common - 当前学习率: 0.00050000
2026-04-29 07:34:54,974 - INFO - fusion_common - Epoch 9/32
2026-04-29 07:37:45,757 - INFO - fusion_common - Epoch 9 结果: 训练 Loss: 0.0464, 训练 Acc: 0.9871, 训练 F1: 0.9845 | 验证 Loss: 0.0679, 验证 Acc: 0.9814, 验证 F1: 0.9778
2026-04-29 07:37:45,774 - INFO - fusion_common - 早停计数器: 0/4
2026-04-29 07:37:45,774 - INFO - fusion_common - 当前学习率: 0.00050000
2026-04-29 07:37:45,774 - INFO - fusion_common - Epoch 10/32
2026-04-29 07:40:38,488 - INFO - fusion_common - Epoch 10 结果: 训练 Loss: 0.0427, 训练 Acc: 0.9877, 训练 F1: 0.9852 | 验证 Loss: 0.0726, 验证 Acc: 0.9824, 验证 F1: 0.9788
2026-04-29 07:40:38,488 - INFO - fusion_common - 早停计数器: 1/4
2026-04-29 07:40:38,488 - INFO - fusion_common - 当前学习率: 0.00050000
2026-04-29 07:40:38,488 - INFO - fusion_common - Epoch 11/32
2026-04-29 07:43:23,461 - INFO - fusion_common - Epoch 11 结果: 训练 Loss: 0.0399, 训练 Acc: 0.9893, 训练 F1: 0.9871 | 验证 Loss: 0.0696, 验证 Acc: 0.9814, 验证 F1: 0.9777
2026-04-29 07:43:23,461 - INFO - fusion_common - 早停计数器: 2/4
2026-04-29 07:43:23,461 - INFO - fusion_common - 当前学习率: 0.00050000
2026-04-29 07:43:23,461 - INFO - fusion_common - Epoch 12/32
2026-04-29 07:46:09,289 - INFO - fusion_common - Epoch 12 结果: 训练 Loss: 0.0388, 训练 Acc: 0.9894, 训练 F1: 0.9872 | 验证 Loss: 0.0680, 验证 Acc: 0.9831, 验证 F1: 0.9797
2026-04-29 07:46:09,289 - INFO - fusion_common - 早停计数器: 3/4
2026-04-29 07:46:09,290 - INFO - fusion_common - 当前学习率: 0.00025000
2026-04-29 07:46:09,290 - INFO - fusion_common - Epoch 13/32
2026-04-29 07:49:02,429 - INFO - fusion_common - Epoch 13 结果: 训练 Loss: 0.0342, 训练 Acc: 0.9908, 训练 F1: 0.9889 | 验证 Loss: 0.0740, 验证 Acc: 0.9834, 验证 F1: 0.9801
2026-04-29 07:49:02,440 - INFO - fusion_common - 早停计数器: 4/4
2026-04-29 07:49:02,440 - INFO - fusion_common - 当前学习率: 0.00025000
2026-04-29 07:49:02,440 - INFO - fusion_common - 早停机制触发，在第 13 轮后停止训练
2026-04-29 07:49:02,440 - INFO - fusion_common - 融合模型训练完成
2026-04-29 07:49:04,820 - INFO - run_attention - [AttentionDiag] mean=0.001276 min=0.000000 max=0.042594 entropy=4.2723 top1=0.0171 top5=0.0852 top10=0.1701 nonpad_mass=1.0000 pad_mass=0.0000 nonpad_frac=0.1396
2026-04-29 07:49:05,180 - INFO - run_attention - [AttentionDiag] saved attention curve: /home/shuora/Traffic/FusionModel/outputs/binary_benign_vs_malicious/control_rgb/attention_dim256_20260429_071147/attention_curve.png
2026-04-29 07:49:05,180 - INFO - run_attention - saved attention_curve: /home/shuora/Traffic/FusionModel/outputs/binary_benign_vs_malicious/control_rgb/attention_dim256_20260429_071147/attention_curve.png (exists=True)
2026-04-29 07:49:05,180 - INFO - run_attention - Generating attention heatmap...
2026-04-29 07:49:13,471 - INFO - run_attention - 评估结果:
2026-04-29 07:49:13,471 - INFO - run_attention -   准确率: 0.9814
2026-04-29 07:49:13,471 - INFO - run_attention -   Macro F1: 0.9778
2026-04-29 07:49:13,471 - INFO - run_attention -   分类报告:
              precision    recall  f1-score   support

                      0     0.8967    0.9419    0.9187      3716
                      1     0.9755    0.9552    0.9652      9003

    accuracy                         0.9513     12719
      macro avg     0.9361    0.9486    0.9420     12719
weighted avg     0.9525    0.9513    0.9516     12719

2026-04-29 07:49:13,471 - INFO - run_attention -   混淆矩阵:
[[3500, 216], [403, 8600]]
2026-04-29 07:49:13,597 - INFO - run_attention - saved metrics_curve: /home/shuora/Traffic/FusionModel/outputs/binary_benign_vs_malicious/control_rgb/attention_dim256_20260429_071147/metrics_curve.png (exists=True)
2026-04-29 07:49:13,660 - INFO - run_attention - saved confusion_matrix: /home/shuora/Traffic/FusionModel/outputs/binary_benign_vs_malicious/control_rgb/attention_dim256_20260429_071147/confusion_matrix.png (exists=True)
2026-04-29 07:49:13,660 - INFO - run_attention - saved report: /home/shuora/Traffic/FusionModel/outputs/binary_benign_vs_malicious/control_rgb/attention_dim256_20260429_071147/report.md (exists=True)
2026-04-29 07:49:13,720 - INFO - run_attention - saved model: /home/shuora/Traffic/FusionModel/outputs/binary_benign_vs_malicious/control_rgb/attention_dim256_20260429_071147/fusion_model.pth (exists=True)
2026-04-29 07:49:13,721 - INFO - run_attention - saved metrics_json: /home/shuora/Traffic/FusionModel/outputs/binary_benign_vs_malicious/control_rgb/attention_dim256_20260429_071147/metrics.json (exists=True)
2026-04-29 07:49:13,721 - INFO - run_attention - saved epoch_metrics_csv: /home/shuora/Traffic/FusionModel/outputs/binary_benign_vs_malicious/control_rgb/attention_dim256_20260429_071147/epoch_metrics.csv (exists=True)
2026-04-29 07:49:13,721 - INFO - run_attention - done attention: run_dir=/home/shuora/Traffic/FusionModel/outputs/binary_benign_vs_malicious/control_rgb/attention_dim256_20260429_071147 log=/home/shuora/Traffic/FusionModel/outputs/binary_benign_vs_malicious/control_rgb/attention_dim256_20260429_071147/train.log
